77.247.22.51 - - [17/Apr/2016:18:54:44 -0700] "GET /access_130930.log HTTP/1.1" 404 73 "http://viagraosildenafil.logdown.com/" "Mozilla/5.0 (Macintosh; Intel Mac OS X 10_8_2) AppleWebKit/536.26.17 (KHTML, like Gecko) Version/6.0.2 Safari/536.26.17" 
31.184.238.174 - - [17/Apr/2016:19:03:52 -0700] "GET /logs/access.log HTTP/1.1" 200 25757 "http://buy-irbesartan-online.snack.ws" "Mozilla/5.0 (Windows NT 6.1) AppleWebKit/537.36 (KHTML, like Gecko) Chrome/30.0.1599.13014 YaBrowser/13.12.1599.13014 Safari/537.36" 
136.243.57.34 - - [17/Apr/2016:19:06:27 -0700] "GET /logs/access.log HTTP/1.1" 200 26034 - "Mozilla/4.0 (compatible; MSIE 6.0; Windows NT 5.1; SV1; .NET CLR 2.0.50727; .NET CLR 1.1.4322; OfficeLiveConnector.1.3; OfficeLivePatch.0.0; .NET CLR 3.0.4506.2152; .NET CLR 3.5.30729; Sleipnir/2.9.2)" 
176.8.91.153 - - [17/Apr/2016:19:08:24 -0700] "GET /logs/access.log HTTP/1.1" 200 3930 "http://viesumurfabb.wordpress.com" "Mozilla/5.0 (Windows NT 6.1; WOW64; rv:38.0) Gecko/20100101 Firefox/38.0" 
51.255.65.83 - - [17/Apr/2016:19:10:34 -0700] "GET /logs/access_151220.log HTTP/1.1" 200 70213 - "Mozilla/5.0 (compatible; AhrefsBot/5.1; +http://ahrefs.com/robot/)" 
31.184.238.174 - - [17/Apr/2016:19:11:59 -0700] "GET /logs/access.log HTTP/1.1" 200 26735 "http://gravatar.com/buybudesonideonlineus" "Mozilla/5.0 (Windows NT 5.1) AppleWebKit/537.36 (KHTML, like Gecko) Chrome/32.0.1700.102 Safari/537.36" 
91.116.246.72 - - [17/Apr/2016:19:12:40 -0700] "GET /logs/access.log HTTP/1.1" 200 26987 - "Mozilla/5.0 (X11; Linux x86_64; rv:2.0b8pre) Gecko/20101011 Firefox/4.0b8pre" 
157.55.39.170 - - [17/Apr/2016:19:13:37 -0700] "GET /Socialist/07/26-Water.htm HTTP/1.1" 200 2102 - "Mozilla/5.0 (compatible; bingbot/2.0; +http://www.bing.com/bingbot.htm)" 
31.184.238.174 - - [17/Apr/2016:19:13:49 -0700] "GET /logs/access.log HTTP/1.1" 200 27361 "http://albenza400mg0r.forumcircle.com" "Mozilla/5.0 (Windows NT 6.1) AppleWebKit/537.36 (KHTML, like Gecko) Chrome/32.0.1700.107 Safari/537.36" 
180.76.15.163 - - [17/Apr/2016:19:14:48 -0700] "GET /logs/access_160109.log HTTP/1.1" 200 55920 - "Mozilla/5.0 (compatible; Baiduspider/2.0; +http://www.baidu.com/search/spider.html)" 
149.156.96.164 - - [17/Apr/2016:19:17:15 -0700] "GET /logs/access_160417.log HTTP/1.1" 200 2851132 - W "GET/1.17.1 (linux-gnu)" 
208.115.113.86 - - [17/Apr/2016:19:18:40 -0700] "GET /services HTTP/1.1" 200 10730 - "Mozilla/5.0 (compatible; DotBot/1.1;" "http://www.opensiteexplorer.org/dotbot, help@moz.com)" 
208.115.113.86 - - [17/Apr/2016:19:18:40 -0700] "GET /Documents/Springsteen.htm HTTP/1.1" 200 3431 - "Mozilla/5.0 (compatible; DotBot/1.1;" "http://www.opensiteexplorer.org/dotbot, help@moz.com)" 
77.247.22.51 - - [17/Apr/2016:19:19:54 -0700] "GET /logs/access_130930.log HTTP/1.0" 404 73 "http://adquirirlaviagra.jw.lt/" "Opera/9.80 (Windows NT 6.1; WOW64; Edition Yx) Presto/2.12.388 Version/12.11" 
77.247.22.51 - - [17/Apr/2016:19:19:55 -0700] "GET /logs/access_130930.log HTTP/1.1" 404 73 "http://adquirirlaviagra.jw.lt/" "Opera/9.80 (Windows NT 6.1; Win64; x64; Edition Yx) Presto/2.12.388 Version/12.11" 
77.247.22.51 - - [17/Apr/2016:19:19:56 -0700] "GET /access_130930.log HTTP/1.0" 404 73 "http://adquirirlaviagra.jw.lt/" "Opera/9.80 (Windows NT 6.1; Win64; x64; Edition Yx) Presto/2.12.388 Version/12.11" 
77.247.22.51 - - [17/Apr/2016:19:19:56 -0700] "GET /logs/access_130930.log HTTP/1.1" 404 73 "http://adquirirlaviagra.jw.lt/" "Mozilla/5.0 (Windows NT 6.1; WOW64; rv:17.0) Gecko/17.0 Firefox/17.0" 
77.247.22.51 - - [17/Apr/2016:19:19:57 -0700] "GET /access_130930.log HTTP/1.1" 404 73 "http://adquirirlaviagra.jw.lt/" "Mozilla/5.0 (Windows NT 6.1; WOW64; rv:17.0) Gecko/17.0 Firefox/17.0" 
77.247.22.51 - - [17/Apr/2016:19:19:57 -0700] "GET /logs/access_130930.log HTTP/1.1" 404 73 "http://adquirirlaviagra.jw.lt/" "Mozilla/5.0 (Windows NT 5.2; rv:12.0) Gecko/20100101 Firefox/12.0" 
77.247.22.51 - - [17/Apr/2016:19:19:57 -0700] "GET /access_130930.log HTTP/1.1" 404 73 "http://adquirirlaviagra.jw.lt/" "Mozilla/5.0 (Windows NT 5.2; rv:12.0) Gecko/20100101 Firefox/12.0" 
31.184.238.174 - - [17/Apr/2016:19:22:00 -0700] "GET /logs/access.log HTTP/1.1" 200 29832 "http://www.theknot.com/wedding/zyvox-and-guaranteed" "Mozilla/5.0 (Windows NT 6.1; WOW64) AppleWebKit/537.36 (KHTML, like Gecko) Chrome/30.0.1599.12785 YaBrowser/13.12.1599.12785 Safari/537.36" 
136.243.57.34 - - [17/Apr/2016:19:23:30 -0700] "GET /logs/access.log HTTP/1.1" 200 30130 - "Opera/9.80 (Windows NT 5.1; U; sk) Presto/2.5.22 Version/10.50" 
31.184.238.174 - - [17/Apr/2016:19:23:49 -0700] "GET /logs/access.log HTTP/1.1" 200 30301 "http://www.theknot.com/wedding/low-and-quetiapine" "Mozilla/5.0 (Windows NT 6.1; WOW64) AppleWebKit/537.36 (KHTML, like Gecko) Chrome/33.0.1750.146 Safari/537.36" 
51.255.65.66 - - [17/Apr/2016:19:31:33 -0700] "GET /Documents/NinaSimone.htm HTTP/1.1" 200 3332 - "Mozilla/5.0 (compatible; AhrefsBot/5.1; +http://ahrefs.com/robot/)" 
31.184.238.174 - - [17/Apr/2016:19:32:00 -0700] "GET /logs/access.log HTTP/1.1" 200 30754 "http://danocrine100mgud.forumcircle.com" "Mozilla/5.0 (Windows NT 5.1) AppleWebKit/537.36 (KHTML, like Gecko) Chrome/32.0.1700.76 Safari/537.36" 
151.80.31.156 - - [17/Apr/2016:19:32:27 -0700] "GET /SocYouth/CokeBoycott2.htm HTTP/1.1" 200 627 - "Mozilla/5.0 (compatible; AhrefsBot/5.1; +http://ahrefs.com/robot/)" 
66.249.69.178 - - [17/Apr/2016:19:33:24 -0700] "GET /logs/access_130819.log HTTP/1.1" 404 88 - "Mozilla/5.0 (compatible; Googlebot/2.1; +http://www.google.com/bot.html)" 
31.184.238.174 - - [17/Apr/2016:19:33:50 -0700] "GET /logs/access.log HTTP/1.1" 200 31371 "http://diflucanwes.forumcircle.com" "Mozilla/5.0 (Windows NT 6.1; rv:26.0) Gecko/20100101 Firefox/26.0" 
151.80.31.157 - - [17/Apr/2016:19:35:41 -0700] "GET /sitemap/sitemapM-O.htm HTTP/1.1" 200 15087 - "Mozilla/5.0 (compatible; AhrefsBot/5.1; +http://ahrefs.com/robot/)" 
157.55.39.54 - - [17/Apr/2016:19:36:04 -0700] "GET /Election/SouthManifesto.doc HTTP/1.1" 200 31232 - "Mozilla/5.0 (compatible; bingbot/2.0; +http://www.bing.com/bingbot.htm)" 
51.255.65.68 - - [17/Apr/2016:19:40:28 -0700] "GET /Assorted/VidalReview.htm HTTP/1.1" 200 3587 - "Mozilla/5.0 (compatible; AhrefsBot/5.1; +http://ahrefs.com/robot/)" 
31.184.238.174 - - [17/Apr/2016:19:42:05 -0700] "GET /logs/access.log HTTP/1.1" 200 32134 "http://buyaciclovirquickshipping.snack.ws" "Mozilla/5.0 (Windows NT 6.1; WOW64) AppleWebKit/537.36 (KHTML, like Gecko) Chrome/33.0.1750.117 Safari/537.36" 
208.115.113.86 - - [17/Apr/2016:19:43:10 -0700] "GET /robots.txt HTTP/1.1" 200 37 - "Mozilla/5.0 (compatible; DotBot/1.1;" "http://www.opensiteexplorer.org/dotbot, help@moz.com)" 
164.132.161.3 - - [17/Apr/2016:19:43:49 -0700] "GET /Socialist/0510Rossport5.htm HTTP/1.1" 200 3115 - "Mozilla/5.0 (compatible; AhrefsBot/5.1; +http://ahrefs.com/robot/)" 
31.184.238.174 - - [17/Apr/2016:19:44:00 -0700] "GET /logs/access.log HTTP/1.0" 200 32775 "http://gravatar.com/itraconazolek0" "Mozilla/5.0 (Windows NT 6.1; WOW64) AppleWebKit/537.36 (KHTML, like Gecko) Chrome/30.0.1599.12785 YaBrowser/13.12.1599.12785 Safari/537.36" 
100.43.81.155 - - [17/Apr/2016:19:45:22 -0700] "GET /logs/access_150204.log HTTP/1.1" 200 1352566 - "Mozilla/5.0 (compatible; YandexBot/3.0; +http://yandex.com/bots)" 
77.247.22.51 - - [17/Apr/2016:19:46:01 -0700] "GET /logs/access_130930.log HTTP/1.1" 404 73 "http://cialiscalicolombia.blogolize.com/" "Opera/9.80 (Windows NT 6.1; WOW64; U; MRA 8.0 (build 5880); ru) Presto/2.10.289 Version/12.02" 
77.247.22.51 - - [17/Apr/2016:19:46:01 -0700] "GET /logs/access_130930.log HTTP/1.1" 404 73 "http://cialiscalicolombia.blogolize.com/" "Opera/9.80 (Windows NT 6.1; WOW64; U; Edition Next; Edition Yx; ru) Presto/2.11.310 Version/12.50" 
77.247.22.51 - - [17/Apr/2016:19:46:02 -0700] "GET /access_130930.log HTTP/1.1" 404 73 "http://cialiscalicolombia.blogolize.com/" "Opera/9.80 (Windows NT 6.1; WOW64; U; Edition Next; Edition Yx; ru) Presto/2.11.310 Version/12.50" 
77.247.22.51 - - [17/Apr/2016:19:46:02 -0700] "GET /logs/access_130930.log HTTP/1.1" 404 73 "http://cialiscalicolombia.blogolize.com/" "Mozilla/5.0 (Windows NT 6.0) AppleWebKit/537.11 (KHTML, like Gecko) Chrome/23.0.1271.95 Safari/537.11" 
77.247.22.51 - - [17/Apr/2016:19:46:02 -0700] "GET /access_130930.log HTTP/1.1" 404 73 "http://cialiscalicolombia.blogolize.com/" "Mozilla/5.0 (Windows NT 6.0) AppleWebKit/537.11 (KHTML, like Gecko) Chrome/23.0.1271.95 Safari/537.11" 
77.247.22.51 - - [17/Apr/2016:19:46:03 -0700] "GET /logs/access_130930.log HTTP/1.1" 404 73 "http://cialiscalicolombia.blogolize.com/" "Opera/9.80 (Windows NT 5.1; U; MRA 6.0 (build 5970); ru) Presto/2.7.62 Version/11.00" 
77.247.22.51 - - [17/Apr/2016:19:46:03 -0700] "GET /access_130930.log HTTP/1.1" 404 73 "http://cialiscalicolombia.blogolize.com/" "Opera/9.80 (Windows NT 5.1; U; MRA 6.0 (build 5970); ru) Presto/2.7.62 Version/11.00" 
180.76.15.162 - - [17/Apr/2016:19:48:18 -0700] "GET /logs/access_141219.log HTTP/1.1" 200 2670068 - "Mozilla/5.0 (compatible; Baiduspider/2.0; +http://www.baidu.com/search/spider.html)" 
180.76.15.148 - - [17/Apr/2016:19:48:28 -0700] "GET /logs/access_141219.log HTTP/1.1" 200 4321016 - "Mozilla/5.0 (compatible; Baiduspider/2.0; +http://www.baidu.com/search/spider.html)" 
31.184.238.174 - - [17/Apr/2016:19:52:19 -0700] "GET /logs/access.log HTTP/1.0" 200 35347 "http://gravatar.com/4mtrimox250mg" "Mozilla/5.0 (Windows NT 6.1; WOW64; rv:27.0) Gecko/20100101 Firefox/27.0" 
66.249.69.178 - - [17/Apr/2016:19:53:14 -0700] "GET /services HTTP/1.1" 200 3253 - "Mozilla/5.0 (compatible; Googlebot/2.1; +http://www.google.com/bot.html)" 
31.184.238.174 - - [17/Apr/2016:19:54:13 -0700] "GET /logs/access.log HTTP/1.1" 200 35734 "http://www.theknot.com/wedding/without-and-stavudine" "Mozilla/5.0 (Windows NT 6.1; rv:27.0) Gecko/20100101 Firefox/27.0" 
177.156.60.19 - - [17/Apr/2016:19:57:08 -0700] "GET / HTTP/1.1" 200 1271 "http://keywords-monitoring-your-success.com/try.php?u=http://" "Mozilla/5.0 (Windows NT 6.1; WOW64) AppleWebKit/537.36 (KHTML, like Gecko) Chrome/47.0.2526.111 Safari/537.36" 
177.97.142.122 - - [17/Apr/2016:19:57:13 -0700] "GET / HTTP/1.1" 200 1271 "http://keywords-monitoring-your-success.com/try.php?u=http://" "Mozilla/5.0 (Windows NT 6.1; WOW64) AppleWebKit/537.36 (KHTML, like Gecko) Chrome/47.0.2526.111 Safari/537.36" 
5.189.130.68 - - [17/Apr/2016:19:59:56 -0700] "GET /logs/access.log HTTP/1.1" 200 5041 "http:///" "Mozilla/5.0 (Windows NT 6.3; WOW64; rv:35.0) Gecko/20100101 Firefox/35.0" 
5.189.130.68 - - [17/Apr/2016:19:59:56 -0700] "GET /Documents/Ali.htm HTTP/1.1" 200 8450 "http:///logs/access.log" "Mozilla/5.0 (Windows NT 6.3; WOW64; rv:35.0) Gecko/20100101 Firefox/35.0" 
31.184.238.174 - - [17/Apr/2016:20:02:32 -0700] "GET /logs/access.log HTTP/1.1" 200 36914 "http://pioglitazoned9.forumcircle.com" "Mozilla/5.0 (Windows NT 6.2; WOW64) AppleWebKit/537.36 (KHTML, like Gecko) Chrome/32.0.1700.107 Safari/537.36" 
157.55.39.36 - - [17/Apr/2016:20:03:12 -0700] "GET /genoa.html HTTP/1.1" 404 88 - "Mozilla/5.0 (compatible; bingbot/2.0; +http://www.bing.com/bingbot.htm)" 
51.255.65.62 - - [17/Apr/2016:20:03:21 -0700] "GET /Socialist/0510IF2.htm HTTP/1.1" 200 2474 - "Mozilla/5.0 (compatible; AhrefsBot/5.1; +http://ahrefs.com/robot/)"
176.8.91.153 - - [17/Apr/2016:20:06:55 -0700] "GET /logs/access.log HTTP/1.1" 200 5153 "http://viotrogadne.pen.io" "Mozilla/5.0 (Windows NT 6.1; WOW64; rv:38.0) Gecko/20100101 Firefox/38.0" 
77.247.22.51 - - [17/Apr/2016:20:12:08 -0700] "GET /logs/access_130930.log HTTP/1.1" 404 73 "http://vaniqaeflornitina.blogocial.com/" "Mozilla/5.0 (Windows NT 6.1) AppleWebKit/535.11 (KHTML, like Gecko) Chrome/17.0.963.12 Safari/535.11" 
77.247.22.51 - - [17/Apr/2016:20:12:09 -0700] "GET /logs/access_130930.log HTTP/1.1" 404 73 "http://vaniqaeflornitina.blogocial.com/" "Opera/9.80 (Windows NT 5.1) Presto/2.12.388 Version/12.11" 
77.247.22.51 - - [17/Apr/2016:20:12:09 -0700] "GET /access_130930.log HTTP/1.0" 404 73 "http://vaniqaeflornitina.blogocial.com/" "Opera/9.80 (Windows NT 5.1) Presto/2.12.388 Version/12.11" 
77.247.22.51 - - [17/Apr/2016:20:12:10 -0700] "GET /logs/access_130930.log HTTP/1.1" 404 73 "http://vaniqaeflornitina.blogocial.com/" "Opera/9.80 (Windows NT 6.1; WOW64; U; ru) Presto/2.10.289 Version/12.01" 
77.247.22.51 - - [17/Apr/2016:20:12:10 -0700] "GET /access_130930.log HTTP/1.1" 404 73 "http://vaniqaeflornitina.blogocial.com/" "Opera/9.80 (Windows NT 6.1; WOW64; U; ru) Presto/2.10.289 Version/12.01" 
77.247.22.51 - - [17/Apr/2016:20:12:10 -0700] "GET /logs/access_130930.log HTTP/1.1" 404 73 "http://vaniqaeflornitina.blogocial.com/" "Mozilla/5.0 (Windows; U; Windows NT 6.1; en-US; rv:1.9.2.22) Gecko/20110902 Firefox/3.6.22" 
77.247.22.51 - - [17/Apr/2016:20:12:11 -0700] "GET /access_130930.log HTTP/1.1" 404 73 "http://vaniqaeflornitina.blogocial.com/" "Mozilla/5.0 (Windows; U; Windows NT 6.1; en-US; rv:1.9.2.22) Gecko/20110902 Firefox/3.6.22" 
31.184.238.174 - - [17/Apr/2016:20:12:49 -0700] "GET /logs/access.log HTTP/1.0" 200 39297 "http://buy-valtrex-no-prescription.snack.ws" "Mozilla/5.0 (Windows NT 6.1; WOW64) AppleWebKit/537.36 (KHTML, like Gecko) Chrome/32.0.1700.76 Safari/537.36" 
31.184.238.174 - - [17/Apr/2016:20:14:43 -0700] "GET /logs/access.log HTTP/1.1" 200 39557 "http://paracetamol500mgew.over-blog.com/2014/04/buy-paracetamol-without-prescription.html" "Opera/9.80 (Windows NT 6.1; Win64; x64) Presto/2.12.388 Version/12.16" 
91.116.246.72 - - [17/Apr/2016:20:14:46 -0700] "GET /logs/access.log HTTP/1.1" 200 39557 - "Mozilla/5.0 (X11; Linux x86_64; rv:2.0b8pre) Gecko/20101011 Firefox/4.0b8pre" 
27.156.75.131 - - [17/Apr/2016:20:21:01 -0700] "GET /logs/access_150124.log HTTP/1.1" 200 2617140 "http:///" "Mozilla/5.0 (Windows NT 6.3; WOW64; rv:35.0) Gecko/20100101 Firefox/35.0" 
27.156.75.131 - - [17/Apr/2016:20:20:26 -0700] "GET /logs/access_150124.log HTTP/1.1" 200 1198218 "http:///" "Mozilla/5.0 (Windows NT 6.3; WOW64; rv:35.0) Gecko/20100101 Firefox/35.0" 
141.8.143.138 - - [17/Apr/2016:20:21:34 -0700] "GET /robots.txt HTTP/1.1" 200 37 - "Mozilla/5.0 (compatible; YandexBot/3.0; +http://yandex.com/bots)" 
141.8.143.228 - - [17/Apr/2016:20:21:37 -0700] "GET /logs/access_150510.log HTTP/1.1" 200 1105134 - "Mozilla/5.0 (compatible; YandexBot/3.0; +http://yandex.com/bots)" 
180.76.15.151 - - [17/Apr/2016:20:21:47 -0700] "GET /Wardoc/war-spi.html HTTP/1.1" 200 3043 - "Mozilla/5.0 (compatible; Baiduspider/2.0; +http://www.baidu.com/search/spider.html)" 
27.156.75.131 - - [17/Apr/2016:20:22:11 -0700] "GET /wp-login.php?action=register HTTP/1.1" 404 88 "http:///" "Opera/9.80 (Windows NT 6.2; Win64; x64) Presto/2.12.388 Version/12.17" 
27.156.75.131 - - [17/Apr/2016:20:21:42 -0700] "GET /logs/access_150124.log HTTP/1.1" 200 1441098 "http:///" "Mozilla/5.0 (Windows NT 6.3; WOW64; rv:35.0) Gecko/20100101 Firefox/35.0" 
27.156.75.131 - - [17/Apr/2016:20:22:14 -0700] "GET /wp-login.php?action=register HTTP/1.1" 404 88 "http:///wp-login.php?action=register" "Opera/9.80 (Windows NT 6.2; Win64; x64) Presto/2.12.388 Version/12.17" 
31.184.238.174 - - [17/Apr/2016:20:23:14 -0700] "GET /logs/access.log HTTP/1.1" 200 41614 "http://www.theknot.com/wedding/clarinex-buy" "Opera/9.80 (Windows NT 6.1; Win64; x64) Presto/2.12.388 Version/12.16" 
91.121.169.194 - - [17/Apr/2016:20:23:56 -0700] "GET /robots.txt HTTP/1.1" 200 37 - "Mozilla/5.0 (compatible; MJ12bot/v1.4.5;" "http://www.majestic12.co.uk/bot.php?+)" 
91.121.169.194 - - [17/Apr/2016:20:24:01 -0700] "GET /?C=M;O=D HTTP/1.1" 200 9589 - "Mozilla/5.0 (compatible; MJ12bot/v1.4.5;" "http://www.majestic12.co.uk/bot.php?+)" 
91.121.169.194 - - [17/Apr/2016:20:24:10 -0700] "GET /Archive/1990Brooke.htm HTTP/1.1" 200 2090 - "Mozilla/5.0 (compatible; MJ12bot/v1.4.5;" "http://www.majestic12.co.uk/bot.php?+)" 
103.21.166.28 - - [17/Apr/2016:20:24:12 -0700] "GET /pdf/che_sos.pdf HTTP/1.1" 200 207560 "https://www.google.com/" "Mozilla/5.0 (Windows NT 10.0; WOW64) AppleWebKit/537.36 (KHTML, like Gecko) Chrome/49.0.2623.110 Safari/537.36 OPR/36.0.2130.65" 
91.121.169.194 - - [17/Apr/2016:20:24:21 -0700] "GET /Archive/1990OtBridge.htm HTTP/1.1" 200 2439 - "Mozilla/5.0 (compatible; MJ12bot/v1.4.5;" "http://www.majestic12.co.uk/bot.php?+)" 
91.121.169.194 - - [17/Apr/2016:20:24:29 -0700] "GET /Archive/199103B6.htm HTTP/1.1" 200 5570 - "Mozilla/5.0 (compatible; MJ12bot/v1.4.5;" "http://www.majestic12.co.uk/bot.php?+)" 
103.21.166.28 - - [17/Apr/2016:20:24:49 -0700] "GET /pdf/che_sos.pdf HTTP/1.1" 200 207560 "http:///pdf/che_sos.pdf" "Mozilla/5.0 (Windows NT 10.0; WOW64) AppleWebKit/537.36 (KHTML, like Gecko) Chrome/49.0.2623.110 Safari/537.36 OPR/36.0.2130.65" 
31.184.238.174 - - [17/Apr/2016:20:25:07 -0700] "GET /logs/access.log HTTP/1.1" 200 43310 "http://lanyrd.com/profile/mishitu80452062-9953/bio/" "Mozilla/5.0 (Windows NT 6.3; WOW64) AppleWebKit/537.36 (KHTML, like Gecko) Chrome/32.0.1700.107 Safari/537.36" 
31.184.238.174 - - [17/Apr/2016:20:35:16 -0700] "GET /logs/access.log HTTP/1.1" 200 43579 "http://ordererythromycinsafely.page.tl" "Mozilla/5.0 (Windows NT 6.2; WOW64; rv:27.0) Gecko/20100101 Firefox/27.0" 
164.132.161.70 - - [17/Apr/2016:20:36:57 -0700] "GET /logs/access_160206.log HTTP/1.1" 200 38998 - "Mozilla/5.0 (compatible; AhrefsBot/5.1; +http://ahrefs.com/robot/)" 
192.187.100.154 - - [17/Apr/2016:20:37:21 -0700] "GET /logs/access.log HTTP/1.1" 200 5863 "http:///" "Mozilla/5.0 (Windows NT 6.3; WOW64; rv:34.0) Gecko/20100101 Firefox/34.0" 
77.247.22.51 - - [17/Apr/2016:20:39:48 -0700] "GET /logs/access_130930.log HTTP/1.1" 404 73 "https://www.ymlp.com/zu1B7S" "Mozilla/4.0 (compatible; MSIE 8.0; Windows NT 5.1; Trident/4.0; MRA 6.0 (build 5993); MRA 8.0 (build 5784); InfoPath.2)" 
77.247.22.51 - - [17/Apr/2016:20:39:48 -0700] "GET /logs/access_130930.log HTTP/1.1" 404 73 "https://www.ymlp.com/zu1B7S" "Opera/9.80 (Windows NT 6.1; Win64; x64) Presto/2.12.388 Version/12.10" 
77.247.22.51 - - [17/Apr/2016:20:39:49 -0700] "GET /access_130930.log HTTP/1.0" 404 73 "https://www.ymlp.com/zu1B7S" "Opera/9.80 (Windows NT 6.1; Win64; x64) Presto/2.12.388 Version/12.10" 
77.247.22.51 - - [17/Apr/2016:20:39:49 -0700] "GET /logs/access_130930.log HTTP/1.1" 404 73 "https://www.ymlp.com/zu1B7S" "Opera/9.80 (Windows NT 6.1; WOW64) Presto/2.12.388 Version/12.10" 
77.247.22.51 - - [17/Apr/2016:20:39:50 -0700] "GET /access_130930.log HTTP/1.1" 404 73 "https://www.ymlp.com/zu1B7S" "Opera/9.80 (Windows NT 6.1; WOW64) Presto/2.12.388 Version/12.10" 
77.247.22.51 - - [17/Apr/2016:20:39:50 -0700] "GET /logs/access_130930.log HTTP/1.1" 404 73 "https://www.ymlp.com/zu1B7S" "Mozilla/5.0 (Windows NT 6.1; WOW64) AppleWebKit/537.4 (KHTML, like Gecko) Chrome/22.0.1229.79 Safari/537.4" 
77.247.22.51 - - [17/Apr/2016:20:39:50 -0700] "GET /access_130930.log HTTP/1.1" 404 73 "https://www.ymlp.com/zu1B7S" "Mozilla/5.0 (Windows NT 6.1; WOW64) AppleWebKit/537.4 (KHTML, like Gecko) Chrome/22.0.1229.79 Safari/537.4" 
69.30.214.210 - - [17/Apr/2016:20:41:12 -0700] "GET /robots.txt HTTP/1.1" 200 37 - "Mozilla/5.0 (compatible; MJ12bot/v1.4.5;" "http://www.majestic12.co.uk/bot.php?+)" 
69.30.214.210 - - [17/Apr/2016:20:41:13 -0700] "GET /?C=N;O=A HTTP/1.1" 200 9589 - "Mozilla/5.0 (compatible; MJ12bot/v1.4.5;" "http://www.majestic12.co.uk/bot.php?+)" 
69.30.214.210 - - [17/Apr/2016:20:41:15 -0700] "GET /logs/access_150124.log HTTP/1.1" 200 2617140 - "Mozilla/5.0 (compatible; MJ12bot/v1.4.5;" "http://www.majestic12.co.uk/bot.php?+)" 
69.30.214.210 - - [17/Apr/2016:20:41:17 -0700] "GET /logs/access_150126.log HTTP/1.1" 200 46583 - "Mozilla/5.0 (compatible; MJ12bot/v1.4.5;" "http://www.majestic12.co.uk/bot.php?+)" 
69.30.214.210 - - [17/Apr/2016:20:41:18 -0700] "GET /logs/access_150127.log HTTP/1.1" 200 233346 - "Mozilla/5.0 (compatible; MJ12bot/v1.4.5;" "http://www.majestic12.co.uk/bot.php?+)" 
69.30.214.210 - - [17/Apr/2016:20:41:20 -0700] "GET /logs/access_150128.log HTTP/1.1" 200 1392522 - "Mozilla/5.0 (compatible; MJ12bot/v1.4.5;" "http://www.majestic12.co.uk/bot.php?+)" 
69.30.214.210 - - [17/Apr/2016:20:41:21 -0700] "GET /logs/access_150129.log HTTP/1.1" 200 2229207 - "Mozilla/5.0 (compatible; MJ12bot/v1.4.5;" "http://www.majestic12.co.uk/bot.php?+)" 
69.30.214.210 - - [17/Apr/2016:20:41:23 -0700] "GET /logs/access_150130.log HTTP/1.1" 200 2270609 - "Mozilla/5.0 (compatible; MJ12bot/v1.4.5;" "http://www.majestic12.co.uk/bot.php?+)" 
69.30.214.210 - - [17/Apr/2016:20:41:25 -0700] "GET /logs/access_150131.log HTTP/1.1" 200 1099868 - "Mozilla/5.0 (compatible; MJ12bot/v1.4.5;" "http://www.majestic12.co.uk/bot.php?+)" 
69.30.214.210 - - [17/Apr/2016:20:41:27 -0700] "GET /logs/access_150201.log HTTP/1.1" 200 30548 - "Mozilla/5.0 (compatible; MJ12bot/v1.4.5;" "http://www.majestic12.co.uk/bot.php?+)" 
69.30.214.210 - - [17/Apr/2016:20:41:28 -0700] "GET /logs/access_150202.log HTTP/1.1" 200 38587 - "Mozilla/5.0 (compatible; MJ12bot/v1.4.5;" "http://www.majestic12.co.uk/bot.php?+)" 
69.30.214.210 - - [17/Apr/2016:20:41:29 -0700] "GET /logs/access_150220.log HTTP/1.1" 200 2266890 - "Mozilla/5.0 (compatible; MJ12bot/v1.4.5;" "http://www.majestic12.co.uk/bot.php?+)" 
69.30.214.210 - - [17/Apr/2016:20:41:31 -0700] "GET /logs/access_150221.log HTTP/1.1" 200 1318578 - "Mozilla/5.0 (compatible; MJ12bot/v1.4.5;" "http://www.majestic12.co.uk/bot.php?+)" 
69.30.214.210 - - [17/Apr/2016:20:41:33 -0700] "GET /logs/access_150222.log HTTP/1.1" 200 37753 - "Mozilla/5.0 (compatible; MJ12bot/v1.4.5;" "http://www.majestic12.co.uk/bot.php?+)" 
69.30.214.210 - - [17/Apr/2016:20:41:34 -0700] "GET /logs/access_150223.log HTTP/1.1" 200 39767 - "Mozilla/5.0 (compatible; MJ12bot/v1.4.5;" "http://www.majestic12.co.uk/bot.php?+)" 
69.30.214.210 - - [17/Apr/2016:20:41:36 -0700] "GET /logs/access_150224.log HTTP/1.0" 200 354366 - "Mozilla/5.0 (compatible; MJ12bot/v1.4.5;" "http://www.majestic12.co.uk/bot.php?+)" 
69.30.214.210 - - [17/Apr/2016:20:41:38 -0700] "GET /logs/access_150225.log HTTP/1.1" 200 1230602 - "Mozilla/5.0 (compatible; MJ12bot/v1.4.5;" "http://www.majestic12.co.uk/bot.php?+)" 
69.30.214.210 - - [17/Apr/2016:20:41:39 -0700] "GET /logs/access_150226.log HTTP/1.1" 200 1853994 - "Mozilla/5.0 (compatible; MJ12bot/v1.4.5;" "http://www.majestic12.co.uk/bot.php?+)" 
69.30.214.210 - - [17/Apr/2016:20:41:41 -0700] "GET /logs/access_150227.log HTTP/1.0" 200 979626 - "Mozilla/5.0 (compatible; MJ12bot/v1.4.5;" "http://www.majestic12.co.uk/bot.php?+)" 
69.30.214.210 - - [17/Apr/2016:20:41:43 -0700] "GET /logs/access_150228.log HTTP/1.1" 200 1643498 - "Mozilla/5.0 (compatible; MJ12bot/v1.4.5;" "http://www.majestic12.co.uk/bot.php?+)" 
69.30.214.210 - - [17/Apr/2016:20:41:44 -0700] "GET /logs/access_150301.log HTTP/1.1" 200 49275 - "Mozilla/5.0 (compatible; MJ12bot/v1.4.5;" "http://www.majestic12.co.uk/bot.php?+)" 
69.30.214.210 - - [17/Apr/2016:20:41:46 -0700] "GET /logs/access_150302.log HTTP/1.1" 200 439975 - "Mozilla/5.0 (compatible; MJ12bot/v1.4.5;" "http://www.majestic12.co.uk/bot.php?+)" 
69.30.214.210 - - [17/Apr/2016:20:41:47 -0700] "GET /logs/access_150303.log HTTP/1.1" 200 2161642 - "Mozilla/5.0 (compatible; MJ12bot/v1.4.5;" "http://www.majestic12.co.uk/bot.php?+)" 
69.30.214.210 - - [17/Apr/2016:20:41:49 -0700] "GET /logs/access_150304.log HTTP/1.1" 200 1316186 - "Mozilla/5.0 (compatible; MJ12bot/v1.4.5;" "http://www.majestic12.co.uk/bot.php?+)" 
69.30.214.210 - - [17/Apr/2016:20:41:51 -0700] "GET /logs/access_150305.log HTTP/1.1" 200 1659690 - "Mozilla/5.0 (compatible; MJ12bot/v1.4.5;" "http://www.majestic12.co.uk/bot.php?+)" 
69.30.214.210 - - [17/Apr/2016:20:41:52 -0700] "GET /logs/access_150306.log HTTP/1.1" 200 577146 - "Mozilla/5.0 (compatible; MJ12bot/v1.4.5;" "http://www.majestic12.co.uk/bot.php?+)" 
69.30.214.210 - - [17/Apr/2016:20:41:54 -0700] "GET /logs/access_150307.log HTTP/1.0" 200 34287 - "Mozilla/5.0 (compatible; MJ12bot/v1.4.5;" "http://www.majestic12.co.uk/bot.php?+)" 
69.30.214.210 - - [17/Apr/2016:20:41:56 -0700] "GET /logs/access_150308.log HTTP/1.1" 200 33687 - "Mozilla/5.0 (compatible; MJ12bot/v1.4.5;" "http://www.majestic12.co.uk/bot.php?+)" 
69.30.214.210 - - [17/Apr/2016:20:41:57 -0700] "GET /logs/access_150309.log HTTP/1.1" 200 44070 - "Mozilla/5.0 (compatible; MJ12bot/v1.4.5;" "http://www.majestic12.co.uk/bot.php?+)" 
69.30.214.210 - - [17/Apr/2016:20:41:59 -0700] "GET /logs/access_150310.log HTTP/1.0" 200 646819 - "Mozilla/5.0 (compatible; MJ12bot/v1.4.5;" "http://www.majestic12.co.uk/bot.php?+)" 
69.30.214.210 - - [17/Apr/2016:20:42:00 -0700] "GET /logs/access_150311.log HTTP/1.0" 200 914858 - "Mozilla/5.0 (compatible; MJ12bot/v1.4.5;" "http://www.majestic12.co.uk/bot.php?+)" 
69.30.214.210 - - [17/Apr/2016:20:42:02 -0700] "GET /logs/access_150312.log HTTP/1.0" 200 2737181 - "Mozilla/5.0 (compatible; MJ12bot/v1.4.5;" "http://www.majestic12.co.uk/bot.php?+)" 
69.30.214.210 - - [17/Apr/2016:20:42:04 -0700] "GET /logs/access_150313.log HTTP/1.1" 200 2242602 - "Mozilla/5.0 (compatible; MJ12bot/v1.4.5;" "http://www.majestic12.co.uk/bot.php?+)" 
69.30.214.210 - - [17/Apr/2016:20:42:06 -0700] "GET /logs/access_150314.log HTTP/1.1" 200 96221 - "Mozilla/5.0 (compatible; MJ12bot/v1.4.5;" "http://www.majestic12.co.uk/bot.php?+)" 
69.30.214.210 - - [17/Apr/2016:20:42:07 -0700] "GET /logs/access_150315.log HTTP/1.1" 200 39945 - "Mozilla/5.0 (compatible; MJ12bot/v1.4.5;" "http://www.majestic12.co.uk/bot.php?+)" 
69.30.214.210 - - [17/Apr/2016:20:42:09 -0700] "GET /logs/access_150316.log HTTP/1.1" 200 3544617 - "Mozilla/5.0 (compatible; MJ12bot/v1.4.5;" "http://www.majestic12.co.uk/bot.php?+)" 
69.30.214.210 - - [17/Apr/2016:20:42:11 -0700] "GET /logs/access_150317.log HTTP/1.1" 200 1566874 - "Mozilla/5.0 (compatible; MJ12bot/v1.4.5;" "http://www.majestic12.co.uk/bot.php?+)" 
69.30.214.210 - - [17/Apr/2016:20:42:12 -0700] "GET /logs/access_150318.log HTTP/1.1" 200 503326 - "Mozilla/5.0 (compatible; MJ12bot/v1.4.5;" "http://www.majestic12.co.uk/bot.php?+)" 
69.30.214.210 - - [17/Apr/2016:20:42:14 -0700] "GET /logs/access_150319.log HTTP/1.1" 200 2048298 - "Mozilla/5.0 (compatible; MJ12bot/v1.4.5;" "http://www.majestic12.co.uk/bot.php?+)" 
69.30.214.210 - - [17/Apr/2016:20:42:16 -0700] "GET /logs/access_150320.log HTTP/1.1" 200 1951146 - "Mozilla/5.0 (compatible; MJ12bot/v1.4.5;" "http://www.majestic12.co.uk/bot.php?+)" 
69.30.214.210 - - [17/Apr/2016:20:42:17 -0700] "GET /logs/access_150321.log HTTP/1.1" 200 113364 - "Mozilla/5.0 (compatible; MJ12bot/v1.4.5;" "http://www.majestic12.co.uk/bot.php?+)" 
69.30.214.210 - - [17/Apr/2016:20:42:18 -0700] "GET /logs/access_150322.log HTTP/1.1" 200 40884 - "Mozilla/5.0 (compatible; MJ12bot/v1.4.5;" "http://www.majestic12.co.uk/bot.php?+)" 
69.30.214.210 - - [17/Apr/2016:20:42:20 -0700] "GET /logs/access_150323.log HTTP/1.1" 200 65454 - "Mozilla/5.0 (compatible; MJ12bot/v1.4.5;" "http://www.majestic12.co.uk/bot.php?+)" 
69.30.214.210 - - [17/Apr/2016:20:42:21 -0700] "GET /logs/access_150324.log HTTP/1.1" 200 1692074 - "Mozilla/5.0 (compatible; MJ12bot/v1.4.5;" "http://www.majestic12.co.uk/bot.php?+)" 
69.30.214.210 - - [17/Apr/2016:20:42:23 -0700] "GET /logs/access_150325.log HTTP/1.0" 200 569391 - "Mozilla/5.0 (compatible; MJ12bot/v1.4.5;" "http://www.majestic12.co.uk/bot.php?+)" 
69.30.214.210 - - [17/Apr/2016:20:42:25 -0700] "GET /logs/access_150326.log HTTP/1.1" 200 108701 - "Mozilla/5.0 (compatible; MJ12bot/v1.4.5;" "http://www.majestic12.co.uk/bot.php?+)" 
178.190.77.248 - - [17/Apr/2016:20:43:28 -0700] "GET /logs/access.log HTTP/1.1" 200 6631 "https://www.google.at" "Mozilla/5.0 (Windows NT 10.0; WOW64; rv:45.0) Gecko/20100101 Firefox/45.0" 
31.184.238.174 - - [17/Apr/2016:20:43:32 -0700] "GET /logs/access.log HTTP/1.1" 200 55105 "http://buy-meclizine-without-rx.snack.ws" "Mozilla/5.0 (Windows NT 6.1; WOW64) AppleWebKit/537.36 (KHTML, like Gecko) Chrome/31.0.1650.63 Safari/537.36 OPR/18.0.1284.68" 
31.184.238.174 - - [17/Apr/2016:20:45:20 -0700] "GET /logs/access.log HTTP/1.1" 200 55379 "http://69yevista60mg.forumcircle.com" "Mozilla/5.0 (Windows NT 6.1; WOW64) AppleWebKit/537.36 (KHTML, like Gecko) Chrome/30.0.1599.13014 YaBrowser/13.12.1599.13014 Safari/537.36" 
117.135.251.136 - - [17/Apr/2016:20:45:43 -0700] "GET /logs/access.log HTTP/1.1" 200 55662 "http:///" "Mozilla/5.0 (Windows NT 6.2) AppleWebKit/537.36 (KHTML, like Gecko) Chrome/39.0.2171.99 Safari/537.36" 
117.135.251.136 - - [17/Apr/2016:20:45:46 -0700] "GET /wp-login.php?action=register HTTP/1.1" 404 88 "http:///" "Opera/9.80 (Windows NT 6.2; Win64; x64) Presto/2.12.388 Version/12.17" 
117.135.251.136 - - [17/Apr/2016:20:45:48 -0700] "GET /wp-login.php?action=register HTTP/1.1" 404 88 "http:///wp-login.php?action=register" "Opera/9.80 (Windows NT 6.2; Win64; x64) Presto/2.12.388 Version/12.17" 
157.55.39.170 - - [17/Apr/2016:20:46:22 -0700] "GET /Documents/NinaSimone.htm HTTP/1.1" 200 3332 - "Mozilla/5.0 (iPhone; CPU iPhone OS 7_0 like Mac OS X) AppleWebKit/537.51.1 (KHTML, like Gecko) Version/7.0 Mobile/11A465 Safari/9537.53 (compatible; bingbot/2.0; +http://www.bing.com/bingbot.htm)" 
157.55.39.150 - - [17/Apr/2016:20:48:20 -0700] "GET /logs/access_140814.log HTTP/1.1" 200 1452502 - "Mozilla/5.0 (compatible; bingbot/2.0; +http://www.bing.com/bingbot.htm)" 
100.43.81.151 - - [17/Apr/2016:20:48:42 -0700] "GET /logs/access_140924.log HTTP/1.1" 200 2058685 - "Mozilla/5.0 (compatible; YandexBot/3.0; +http://yandex.com/bots)" 
5.153.233.130 - - [17/Apr/2016:20:50:08 -0700] "GET /wp-login.php HTTP/1.1" 404 73 - "Mozilla/5.0 (compatible; MSIE 9.0; Windows NT 6.1; Trident/5.0)" 
178.137.90.202 - - [17/Apr/2016:20:50:31 -0700] "GET /logs/ HTTP/1.1" 200 98969 "http://gazobeton-p.com.ua/" "Mozilla/1.22 (compatible; MSIE 2.0d; Windows NT)" 
178.137.90.202 - - [17/Apr/2016:20:50:33 -0700] "GET /logs/ HTTP/1.1" 200 98969 "http://gazobeton-p.com.ua/" "Mozilla/1.22 (compatible; MSIE 2.0d; Windows NT)" 
178.137.90.202 - - [17/Apr/2016:20:50:34 -0700] "GET /logs/ HTTP/1.1" 200 98969 "http://gazobeton-p.com.ua/" "Mozilla/1.22 (compatible; MSIE 2.0d; Windows NT)" 
157.55.39.170 - - [17/Apr/2016:20:51:54 -0700] "GET /cwi.css HTTP/1.1" 404 88 - "Mozilla/5.0 (iPhone; CPU iPhone OS 7_0 like Mac OS X) AppleWebKit/537.51.1 (KHTML, like Gecko) Version/7.0 Mobile/11A465 Safari/9537.53 (compatible; bingbot/2.0; +http://www.bing.com/bingbot.htm)" 
31.184.238.174 - - [17/Apr/2016:20:53:25 -0700] "GET /logs/access.log HTTP/1.1" 200 58002 "http://lanyrd.com/profile/muan55084062840s-6047/bio/" "Opera/9.80 (Windows NT 6.1; WOW64) Presto/2.12.388 Version/12.16" 
157.55.39.170 - - [17/Apr/2016:20:54:46 -0700] "GET /pdf/B-AW.pdf HTTP/1.1" 200 108420 - "Mozilla/5.0 (compatible; bingbot/2.0; +http://www.bing.com/bingbot.htm)" 
31.184.238.174 - - [17/Apr/2016:20:55:13 -0700] "GET /logs/access.log HTTP/1.1" 200 58409 "http://chloramphenicolx.page.tl" "Mozilla/5.0 (Windows NT 6.1) AppleWebKit/537.36 (KHTML, like Gecko) Chrome/32.0.1700.76 Safari/537.36" 
107.151.142.114 - - [17/Apr/2016:20:59:43 -0700] "GET /logs/access.log HTTP/1.1" 200 58650 "http:///" "Mozilla/5.0 (Windows NT 6.2) AppleWebKit/537.36 (KHTML, like Gecko) Chrome/39.0.2171.99 Safari/537.36" 
117.211.163.140 - - [17/Apr/2016:21:00:24 -0700] "GET /wp-login.php?action=register HTTP/1.1" 404 88 "http:///" "Opera/9.80 (Windows NT 6.2; Win64; x64) Presto/2.12.388 Version/12.17" 
117.211.163.140 - - [17/Apr/2016:21:00:33 -0700] "GET /wp-login.php?action=register HTTP/1.1" 404 88 "http:///wp-login.php?action=register" "Opera/9.80 (Windows NT 6.2; Win64; x64) Presto/2.12.388 Version/12.17" 
31.184.238.174 - - [17/Apr/2016:21:03:31 -0700] "GET /logs/access.log HTTP/1.1" 200 59321 "http://gravatar.com/lamivudine150mgek" "Mozilla/5.0 (Windows NT 6.3; WOW64; rv:26.0) Gecko/20100101 Firefox/26.0" 
157.55.39.150 - - [17/Apr/2016:21:04:19 -0700] "GET /robots.txt HTTP/1.1" 200 53 - "Mozilla/5.0 (compatible; bingbot/2.0; +http://www.bing.com/bingbot.htm)" 
31.184.238.174 - - [17/Apr/2016:21:05:19 -0700] "GET /logs/access.log HTTP/1.1" 200 59715 "http://lanyrd.com/profile/moshanjiu0751739-3321/bio/" "Mozilla/5.0 (Windows NT 6.3; WOW64) AppleWebKit/537.36 (KHTML, like Gecko) Chrome/32.0.1700.102 Safari/537.36" 
77.247.22.51 - - [17/Apr/2016:21:05:28 -0700] "GET /logs/access_130930.log HTTP/1.1" 404 73 "http://cialiscalicolombia.blogolize.com/" "Mozilla/5.0 (Windows NT 6.1; WOW64) AppleWebKit/535.19 (KHTML, like Gecko) Chrome/18.0.1025.1634 Safari/535.19 YE" 
77.247.22.51 - - [17/Apr/2016:21:05:28 -0700] "GET /logs/access_130930.log HTTP/1.1" 404 73 "http://cialiscalicolombia.blogolize.com/" "Mozilla/5.0 (Windows NT 6.1; WOW64) AppleWebKit/537.11 (KHTML, like Gecko) Chrome/23.0.1271.95 Safari/537.11" 
77.247.22.51 - - [17/Apr/2016:21:05:29 -0700] "GET /access_130930.log HTTP/1.0" 404 73 "http://cialiscalicolombia.blogolize.com/" "Mozilla/5.0 (Windows NT 6.1; WOW64) AppleWebKit/537.11 (KHTML, like Gecko) Chrome/23.0.1271.95 Safari/537.11" 
176.8.91.153 - - [17/Apr/2016:21:05:29 -0700] "GET /logs/access.log HTTP/1.1" 200 7307 "http://tranofolbam.wordpress.com" "Mozilla/5.0 (Windows NT 6.1; WOW64; rv:38.0) Gecko/20100101 Firefox/38.0" 
77.247.22.51 - - [17/Apr/2016:21:05:29 -0700] "GET /logs/access_130930.log HTTP/1.1" 404 73 "http://cialiscalicolombia.blogolize.com/" "Mozilla/5.0 (Windows NT 5.1) AppleWebKit/536.11 (KHTML, like Gecko) Chrome/20.0.1132.57 Safari/536.11" 
77.247.22.51 - - [17/Apr/2016:21:05:30 -0700] "GET /access_130930.log HTTP/1.1" 404 73 "http://cialiscalicolombia.blogolize.com/" "Mozilla/5.0 (Windows NT 5.1) AppleWebKit/536.11 (KHTML, like Gecko) Chrome/20.0.1132.57 Safari/536.11" 
77.247.22.51 - - [17/Apr/2016:21:05:30 -0700] "GET /logs/access_130930.log HTTP/1.0" 404 73 "http://cialiscalicolombia.blogolize.com/" "Mozilla/5.0 (Windows NT 6.1; WOW64; rv:10.0.2) Gecko/20100101 Firefox/10.0.2" 
77.247.22.51 - - [17/Apr/2016:21:05:31 -0700] "GET /access_130930.log HTTP/1.1" 404 73 "http://cialiscalicolombia.blogolize.com/" "Mozilla/5.0 (Windows NT 6.1; WOW64; rv:10.0.2) Gecko/20100101 Firefox/10.0.2" 
82.140.134.33 - - [17/Apr/2016:21:09:47 -0700] "GET /logs/access.log HTTP/1.1" 200 7395 "http:///" "Mozilla/5.0 (Windows NT 6.2) AppleWebKit/537.36 (KHTML, like Gecko) Chrome/39.0.2171.99 Safari/537.36" 
82.140.134.33 - - [17/Apr/2016:21:09:48 -0700] "GET /wp-login.php?action=register HTTP/1.1" 404 88 "http:///" "Opera/9.80 (Windows NT 6.2; Win64; x64) Presto/2.12.388 Version/12.17" 
82.140.134.33 - - [17/Apr/2016:21:09:48 -0700] "GET /wp-login.php?action=register HTTP/1.1" 404 88 "http:///wp-login.php?action=register" "Opera/9.80 (Windows NT 6.2; Win64; x64) Presto/2.12.388 Version/12.17" 
199.21.99.196 - - [17/Apr/2016:21:10:20 -0700] "GET /LabHist/1911Linen.htm HTTP/1.1" 200 2584 - "Mozilla/5.0 (compatible; YandexBot/3.0; +http://yandex.com/bots)" 
31.184.238.174 - - [17/Apr/2016:21:13:34 -0700] "GET /logs/access.log HTTP/1.1" 200 62762 "http://gravatar.com/freepverthecounrextha" "Mozilla/5.0 (Windows NT 6.0) AppleWebKit/537.36 (KHTML, like Gecko) Chrome/33.0.1750.146 Safari/537.36" 
157.55.39.170 - - [17/Apr/2016:21:13:53 -0700] "GET /YaW/YaW0503PR.htm HTTP/1.1" 200 1884 - "Mozilla/5.0 (compatible; bingbot/2.0; +http://www.bing.com/bingbot.htm)" 
31.184.238.174 - - [17/Apr/2016:21:15:24 -0700] "GET /logs/access.log HTTP/1.1" 200 63195 "http://buypremarinonlinenoprescript.snack.ws" "Mozilla/5.0 (Windows NT 6.1) AppleWebKit/537.36 (KHTML, like Gecko) Chrome/32.0.1700.107 Safari/537.36" 
208.115.113.86 - - [17/Apr/2016:21:15:46 -0700] "GET /Socialist/Covers/?S=A HTTP/1.1" 200 888 - "Mozilla/5.0 (compatible; DotBot/1.1;" "http://www.opensiteexplorer.org/dotbot, help@moz.com)" 
208.115.113.86 - - [17/Apr/2016:21:15:47 -0700] "GET /Socialist/06/0609Students.htm HTTP/1.1" 200 4112 - "Mozilla/5.0 (compatible; DotBot/1.1;" "http://www.opensiteexplorer.org/dotbot, help@moz.com)" 
208.115.113.86 - - [17/Apr/2016:21:15:46 -0700] "GET /Socialist/?N=A HTTP/1.1" 200 31727 - "Mozilla/5.0 (compatible; DotBot/1.1;" "http://www.opensiteexplorer.org/dotbot, help@moz.com)" 
208.115.113.86 - - [17/Apr/2016:21:15:47 -0700] "GET /LabHist/updatesnotice.htm HTTP/1.1" 200 500 - "Mozilla/5.0 (compatible; DotBot/1.1;" "http://www.opensiteexplorer.org/dotbot, help@moz.com)" 
208.115.113.86 - - [17/Apr/2016:21:15:47 -0700] "GET /LabHist/1907Meeting.htm HTTP/1.1" 200 15475 - "Mozilla/5.0 (compatible; DotBot/1.1;" "http://www.opensiteexplorer.org/dotbot, help@moz.com)" 
208.115.113.86 - - [17/Apr/2016:21:15:47 -0700] "GET /Archive/74J-Aug.htm HTTP/1.1" 200 7123 - "Mozilla/5.0 (compatible; DotBot/1.1;" "http://www.opensiteexplorer.org/dotbot, help@moz.com)" 
208.115.113.86 - - [17/Apr/2016:21:15:47 -0700] "GET /tu/?S=A HTTP/1.1" 200 2540 - "Mozilla/5.0 (compatible; DotBot/1.1;" "http://www.opensiteexplorer.org/dotbot, help@moz.com)" 
208.115.113.86 - - [17/Apr/2016:21:15:47 -0700] "GET /socview/0403Bins.htm HTTP/1.1" 200 20060 - "Mozilla/5.0 (compatible; DotBot/1.1;" "http://www.opensiteexplorer.org/dotbot, help@moz.com)" 
208.115.113.86 - - [17/Apr/2016:21:15:48 -0700] "GET /paperarticles/0301-TU.htm HTTP/1.1" 200 16747 - "Mozilla/5.0 (compatible; DotBot/1.1;" "http://www.opensiteexplorer.org/dotbot, help@moz.com)" 
208.115.113.86 - - [17/Apr/2016:21:15:48 -0700] "GET /paper2004JD/?N=D HTTP/1.1" 200 12027 - "Mozilla/5.0 (compatible; DotBot/1.1;" "http://www.opensiteexplorer.org/dotbot, help@moz.com)" 
208.115.113.86 - - [17/Apr/2016:21:15:48 -0700] "GET /images/Election/?C=N;O=D HTTP/1.1" 200 3632 - "Mozilla/5.0 (compatible; DotBot/1.1;" "http://www.opensiteexplorer.org/dotbot, help@moz.com)" 
208.115.113.86 - - [17/Apr/2016:21:15:48 -0700] "GET /YaW/?M=D HTTP/1.1" 200 4542 - "Mozilla/5.0 (compatible; DotBot/1.1;" "http://www.opensiteexplorer.org/dotbot, help@moz.com)" 
208.115.113.86 - - [17/Apr/2016:21:15:48 -0700] "GET /Thumbnails/?C=S;O=D HTTP/1.1" 200 876 - "Mozilla/5.0 (compatible; DotBot/1.1;" "http://www.opensiteexplorer.org/dotbot, help@moz.com)" 
91.116.246.72 - - [17/Apr/2016:21:17:00 -0700] "GET /logs/access.log HTTP/1.1" 200 66146 - "Mozilla/5.0 (X11; Linux x86_64; rv:2.0b8pre) Gecko/20101011 Firefox/4.0b8pre" 
172.245.251.142 - - [17/Apr/2016:21:18:54 -0700] "GET /logs/access.log HTTP/1.1" 200 7850 "http:///" "Mozilla/5.0 (Windows NT 6.3; WOW64; rv:34.0) Gecko/20100101 Firefox/34.0" 
172.245.251.142 - - [17/Apr/2016:21:18:55 -0700] "GET /wp-login.php?action=register HTTP/1.1" 404 88 "http:///" "Opera/9.80 (Windows NT 6.2; Win64; x64) Presto/2.12.388 Version/12.17" 
172.245.251.142 - - [17/Apr/2016:21:18:55 -0700] "GET /wp-login.php?action=register HTTP/1.1" 404 88 "http:///wp-login.php?action=register" "Opera/9.80 (Windows NT 6.2; Win64; x64) Presto/2.12.388 Version/12.17" 
192.99.6.22 - - [17/Apr/2016:21:20:09 -0700] "GET /logs/access.log HTTP/1.1" 200 7886 "http:///" "Mozilla/5.0 (Windows NT 6.2; WOW64) AppleWebKit/537.36 (KHTML, like Gecko) Chrome/28.0.1500.71 Safari/537.36" 
192.99.6.22 - - [17/Apr/2016:21:20:09 -0700] "GET /wp-login.php?action=register HTTP/1.1" 404 88 "http:///" "Mozilla/5.0 (Windows NT 6.2; WOW64) AppleWebKit/537.36 (KHTML, like Gecko) Chrome/28.0.1500.71 Safari/537.36" 
73.154.130.14 - - [17/Apr/2016:21:20:29 -0700] "GET /pdf/che_sos.pdf HTTP/1.1" 200 207560 "https://www.google.com/" "Mozilla/5.0 (Macintosh; Intel Mac OS X 10_11_3) AppleWebKit/601.4.4 (KHTML, like Gecko) Version/9.0.3 Safari/601.4.4" 
31.184.238.174 - - [17/Apr/2016:21:23:31 -0700] "GET /logs/access.log HTTP/1.0" 200 67693 "http://buycarbamazepine247.greatwebsitebuilder.com" "Mozilla/5.0 (Windows NT 6.3; WOW64; rv:26.0) Gecko/20100101 Firefox/26.0" 
31.184.238.174 - - [17/Apr/2016:21:25:16 -0700] "GET /logs/access.log HTTP/1.1" 200 67924 "http://lanyrd.com/profile/order-ethionamide-without-prescription/bio/" "Mozilla/5.0 (Windows NT 6.1) AppleWebKit/537.36 (KHTML, like Gecko) Chrome/33.0.1750.117 Safari/537.36" 
172.245.179.2 - - [17/Apr/2016:21:25:43 -0700] "GET /logs/access.log HTTP/1.1" 200 8071 "http:///" "Mozilla/5.0 (Windows NT 6.3; WOW64; rv:34.0) Gecko/20100101 Firefox/34.0" 
172.245.179.2 - - [17/Apr/2016:21:25:44 -0700] "GET /wp-login.php?action=register HTTP/1.1" 404 88 "http:///" "Opera/9.80 (Windows NT 6.2; Win64; x64) Presto/2.12.388 Version/12.17" 
172.245.179.2 - - [17/Apr/2016:21:25:44 -0700] "GET /wp-login.php?action=register HTTP/1.1" 404 88 "http:///wp-login.php?action=register" "Opera/9.80 (Windows NT 6.2; Win64; x64) Presto/2.12.388 Version/12.17" 
5.189.130.68 - - [17/Apr/2016:21:27:40 -0700] "GET /logs/access.log HTTP/1.1" 200 8102 "http:///" "Mozilla/5.0 (Windows NT 6.3; WOW64; rv:35.0) Gecko/20100101 Firefox/35.0" 
5.189.130.68 - - [17/Apr/2016:21:27:40 -0700] "GET /wp-login.php?action=register HTTP/1.1" 404 88 "http:///" "Opera/9.80 (Windows NT 6.2; Win64; x64) Presto/2.12.388 Version/12.17" 
5.189.130.68 - - [17/Apr/2016:21:27:41 -0700] "GET /wp-login.php?action=register HTTP/1.1" 404 88 "http:///wp-login.php?action=register" "Opera/9.80 (Windows NT 6.2; Win64; x64) Presto/2.12.388 Version/12.17" 
141.8.143.138 - - [17/Apr/2016:21:31:05 -0700] "GET /logs/access_140827.log HTTP/1.1" 200 1469092 - "Mozilla/5.0 (compatible; YandexBot/3.0; +http://yandex.com/bots)" 
77.247.22.51 - - [17/Apr/2016:21:31:24 -0700] "GET /logs/access_130930.log HTTP/1.1" 404 73 "http://adquirirlaviagra.jw.lt/" "Opera/9.80 (Windows NT 6.1; WOW64; MRA 6.0 (build 6001)) Presto/2.12.388 Version/12.11" 
77.247.22.51 - - [17/Apr/2016:21:31:24 -0700] "GET /logs/access_130930.log HTTP/1.1" 404 73 "http://adquirirlaviagra.jw.lt/" "Mozilla/5.0 (Windows NT 6.1; WOW64; rv:9.0.1) Gecko/20100101 Firefox/9.0.1" 
77.247.22.51 - - [17/Apr/2016:21:31:24 -0700] "GET /access_130930.log HTTP/1.1" 404 73 "http://adquirirlaviagra.jw.lt/" "Mozilla/5.0 (Windows NT 6.1; WOW64; rv:9.0.1) Gecko/20100101 Firefox/9.0.1" 
77.247.22.51 - - [17/Apr/2016:21:31:25 -0700] "GET /logs/access_130930.log HTTP/1.1" 404 73 "http://adquirirlaviagra.jw.lt/" "Mozilla/5.0 (Windows NT 6.1; rv:17.0) Gecko/17.0 Firefox/17.0" 
77.247.22.51 - - [17/Apr/2016:21:31:25 -0700] "GET /access_130930.log HTTP/1.0" 404 73 "http://adquirirlaviagra.jw.lt/" "Mozilla/5.0 (Windows NT 6.1; rv:17.0) Gecko/17.0 Firefox/17.0" 
77.247.22.51 - - [17/Apr/2016:21:31:26 -0700] "GET /logs/access_130930.log HTTP/1.1" 404 73 "http://adquirirlaviagra.jw.lt/" "Mozilla/5.0 (Windows NT 6.1; rv:13.0) Gecko/20100101 Firefox/13.0.1" 
77.247.22.51 - - [17/Apr/2016:21:31:26 -0700] "GET /access_130930.log HTTP/1.1" 404 73 "http://adquirirlaviagra.jw.lt/" "Mozilla/5.0 (Windows NT 6.1; rv:13.0) Gecko/20100101 Firefox/13.0.1" 
31.184.238.174 - - [17/Apr/2016:21:33:25 -0700] "GET /logs/access.log HTTP/1.1" 200 71115 "http://buycyclophosphamideonlinelowprice.snack.ws" "Mozilla/5.0 (Windows NT 6.1; WOW64) AppleWebKit/537.36 (KHTML, like Gecko) Chrome/32.0.1700.76 Safari/537.36" 
31.184.238.174 - - [17/Apr/2016:21:35:05 -0700] "GET /logs/access.log HTTP/1.1" 200 71381 "http://gravatar.com/buyrebetol200mgonlinesweden" "Mozilla/5.0 (Windows NT 6.1; WOW64) AppleWebKit/537.36 (KHTML, like Gecko) Chrome/32.0.1700.102 Safari/537.36" 
89.19.178.131 - - [17/Apr/2016:21:36:46 -0700] "GET / HTTP/1.1" 200 9589 "http://www.xolodremont.ru/remont_holodilnikov_na_domu.html" "Mozilla/5.0 (Windows NT 6.1) AppleWebKit/535.19 (KHTML, like Gecko) Chrome/18.0.1025.1634 Safari/535.19 YE" 
89.19.178.131 - - [17/Apr/2016:21:36:48 -0700] "GET / HTTP/1.0" 200 9589 "http://www.xolodremont.ru/remont_holodilnikov_na_domu.html" "Mozilla/5.0 (Windows NT 6.0) AppleWebKit/537.11 (KHTML, like Gecko) Chrome/23.0.1271.95 Safari/537.11" 
89.19.178.131 - - [17/Apr/2016:21:36:49 -0700] "GET / HTTP/1.0" 200 9589 "http://www.xolodremont.ru/remont_holodilnikov_na_domu.html" "Mozilla/5.0 (Windows NT 6.1) AppleWebKit/536.11 (KHTML, like Gecko) Chrome/20.0.1132.57 Safari/536.11" 
208.115.113.86 - - [17/Apr/2016:21:37:49 -0700] "GET /robots.txt HTTP/1.1" 200 37 - "Mozilla/5.0 (compatible; DotBot/1.1;" "http://www.opensiteexplorer.org/dotbot, help@moz.com)" 
151.237.181.114 - - [17/Apr/2016:21:41:48 -0700] "GET /logs/access.log HTTP/1.1" 200 8440 "http:///" "Mozilla/5.0 (Windows NT 6.3; WOW64; rv:35.0) Gecko/20100101 Firefox/35.0" 
151.237.181.114 - - [17/Apr/2016:21:41:50 -0700] "GET /wp-login.php?action=register HTTP/1.1" 404 88 "http:///" "Opera/9.80 (Windows NT 6.2; Win64; x64) Presto/2.12.388 Version/12.17" 
151.237.181.114 - - [17/Apr/2016:21:41:52 -0700] "GET /wp-login.php?action=register HTTP/1.1" 404 88 "http:///wp-login.php?action=register" "Opera/9.80 (Windows NT 6.2; Win64; x64) Presto/2.12.388 Version/12.17" 
144.76.153.198 - - [17/Apr/2016:21:42:21 -0700] "GET /LabHist/ContentsList.htm HTTP/1.1" 200 30482 - "Mozilla/5.0 (Macintosh; Intel Mac OS X 10_6_8) AppleWebKit/534.58.2 (KHTML, like Gecko) Version/5.1.8 Safari/534.58.2" 
31.184.238.174 - - [17/Apr/2016:21:43:10 -0700] "GET /logs/access.log HTTP/1.1" 200 73473 "http://lanyrd.com/profile/order-propranolol-for-sale/bio/" "Mozilla/5.0 (Windows NT 6.1) AppleWebKit/537.36 (KHTML, like Gecko) Chrome/32.0.1700.76 Safari/537.36" 
31.184.238.174 - - [17/Apr/2016:21:44:55 -0700] "GET /logs/access.log HTTP/1.1" 200 73740 "http://orderuroxatralfi.forumcircle.com" "Mozilla/5.0 (Windows NT 6.2; WOW64) AppleWebKit/537.36 (KHTML, like Gecko) Chrome/32.0.1700.76 Safari/537.36" 
157.55.39.150 - - [17/Apr/2016:21:47:05 -0700] "GET /logs/access_150207.log HTTP/1.1" 200 1057516 - "Mozilla/5.0 (compatible; bingbot/2.0; +http://www.bing.com/bingbot.htm)" 
5.9.62.130 - - [17/Apr/2016:21:51:25 -0700] "GET /robots.txt HTTP/1.1" 200 37 - "Mozilla/5.0 (compatible; MJ12bot/v1.4.5;" "http://www.majestic12.co.uk/bot.php?+)" 
5.9.62.130 - - [17/Apr/2016:21:51:27 -0700] "GET /Archive/Contentslist.htm HTTP/1.1" 200 28094 - "Mozilla/5.0 (compatible; MJ12bot/v1.4.5;" "http://www.majestic12.co.uk/bot.php?+)" 
5.9.62.130 - - [17/Apr/2016:21:51:29 -0700] "GET /Archive/Rambo.htm HTTP/1.1" 200 3818 - "Mozilla/5.0 (compatible; MJ12bot/v1.4.5;" "http://www.majestic12.co.uk/bot.php?+)" 
5.9.62.130 - - [17/Apr/2016:21:51:30 -0700] "GET /Assorted/PilgerReview.htm HTTP/1.0" 200 6167 - "Mozilla/5.0 (compatible; MJ12bot/v1.4.5;" "http://www.majestic12.co.uk/bot.php?+)" 
31.184.238.174 - - [17/Apr/2016:21:53:05 -0700] "GET /logs/access.log HTTP/1.1" 200 75188 "http://lanyrd.com/profile/order-low-cost-clarithromycin-500mg-online/bio/" "Mozilla/5.0 (Windows NT 5.1) AppleWebKit/537.36 (KHTML, like Gecko) Chrome/32.0.1700.102 Safari/537.36" 
31.184.238.174 - - [17/Apr/2016:21:54:50 -0700] "GET /logs/access.log HTTP/1.1" 200 75472 "http://topamax7n2.forumcircle.com" "Mozilla/5.0 (Windows NT 5.1) AppleWebKit/537.36 (KHTML, like Gecko) Chrome/32.0.1700.102 Safari/537.36" 
77.247.22.51 - - [17/Apr/2016:21:56:24 -0700] "GET /logs/access_130930.log HTTP/1.1" 404 73 "http://cialiscalicolombia.blogolize.com/" "Mozilla/4.0 (compatible; MSIE 8.0; Windows NT 5.1; Trident/4.0; MRA 6.0 (build 5993); MRA 8.0 (build 5784); InfoPath.2)" 
77.247.22.51 - - [17/Apr/2016:21:56:24 -0700] "GET /logs/access_130930.log HTTP/1.1" 404 73 "http://cialiscalicolombia.blogolize.com/" "Mozilla/5.0 (Windows NT 6.1; WOW64) AppleWebKit/537.1 (KHTML, like Gecko) Chrome/21.0.1180.89 Safari/537.1" 
77.247.22.51 - - [17/Apr/2016:21:56:24 -0700] "GET /access_130930.log HTTP/1.1" 404 73 "http://cialiscalicolombia.blogolize.com/" "Mozilla/5.0 (Windows NT 6.1; WOW64) AppleWebKit/537.1 (KHTML, like Gecko) Chrome/21.0.1180.89 Safari/537.1" 
77.247.22.51 - - [17/Apr/2016:21:56:25 -0700] "GET /logs/access_130930.log HTTP/1.1" 404 73 "http://cialiscalicolombia.blogolize.com/" "Opera/9.80 (Windows NT 5.1; U; YB/3.5.1; ru) Presto/2.10.229 Version/11.64" 
77.247.22.51 - - [17/Apr/2016:21:56:25 -0700] "GET /access_130930.log HTTP/1.1" 404 73 "http://cialiscalicolombia.blogolize.com/" "Opera/9.80 (Windows NT 5.1; U; YB/3.5.1; ru) Presto/2.10.229 Version/11.64" 
77.247.22.51 - - [17/Apr/2016:21:56:25 -0700] "GET /logs/access_130930.log HTTP/1.1" 404 73 "http://cialiscalicolombia.blogolize.com/" "Mozilla/5.0 (Windows NT 6.1) AppleWebKit/537.4 (KHTML, like Gecko) Chrome/22.0.1229.79 Safari/537.4 u01-09" 
77.247.22.51 - - [17/Apr/2016:21:56:26 -0700] "GET /access_130930.log HTTP/1.0" 404 73 "http://cialiscalicolombia.blogolize.com/" "Mozilla/5.0 (Windows NT 6.1) AppleWebKit/537.4 (KHTML, like Gecko) Chrome/22.0.1229.79 Safari/537.4 u01-09" 
172.97.157.12 - - [17/Apr/2016:21:59:48 -0700] "GET /Documents/Ali.htm HTTP/1.1" 200 8452 "https://www.google.ca/" "Mozilla/5.0 (Windows NT 10.0; WOW64) AppleWebKit/537.36 (KHTML, like Gecko) Chrome/49.0.2623.112 Safari/537.36" 
172.97.157.12 - - [17/Apr/2016:21:59:48 -0700] "GET /cwi.css HTTP/1.1" 404 88 "http:///Documents/Ali.htm" "Mozilla/5.0 (Windows NT 10.0; WOW64) AppleWebKit/537.36 (KHTML, like Gecko) Chrome/49.0.2623.112 Safari/537.36" 
115.182.200.58 - - [17/Apr/2016:22:02:01 -0700] "GET /logs/access.log HTTP/1.1" 200 8995 "http:///" "Mozilla/5.0 (Windows NT 6.2) AppleWebKit/537.36 (KHTML, like Gecko) Chrome/39.0.2171.99 Safari/537.36" 
115.182.200.58 - - [17/Apr/2016:22:02:03 -0700] "GET /wp-login.php?action=register HTTP/1.1" 404 88 "http:///" "Opera/9.80 (Windows NT 6.2; Win64; x64) Presto/2.12.388 Version/12.17" 
115.182.200.58 - - [17/Apr/2016:22:02:05 -0700] "GET /wp-login.php?action=register HTTP/1.1" 404 88 "http:///wp-login.php?action=register" "Opera/9.80 (Windows NT 6.2; Win64; x64) Presto/2.12.388 Version/12.17" 
31.184.238.174 - - [17/Apr/2016:22:03:00 -0700] "GET /logs/access.log HTTP/1.1" 200 78599 "http://lanyrd.com/profile/buyranitidinewithoutprescription/bio/" "Opera/9.80 (Windows NT 6.1; WOW64) Presto/2.12.388 Version/12.15" 
176.8.91.153 - - [17/Apr/2016:22:04:49 -0700] "GET /logs/access.log HTTP/1.1" 200 9067 "http://www.indyarocks.com/blog/2809903/Direct-parent-plus-loan-bad-credit-US" "Mozilla/5.0 (Windows NT 6.1; WOW64; rv:38.0) Gecko/20100101 Firefox/38.0" 
31.184.238.174 - - [17/Apr/2016:22:04:53 -0700] "GET /logs/access.log HTTP/1.1" 200 79089 "http://gravatar.com/buyamlodipinefastshipping" "Mozilla/5.0 (Windows NT 6.3; WOW64) AppleWebKit/537.36 (KHTML, like Gecko) Chrome/33.0.1750.117 Safari/537.36" 
