208.115.113.86 - - [17/Apr/2016:23:16:19 -0700] "GET /paper2004/0403SCDBins.htm HTTP/1.1" 200 3180 - "Mozilla/5.0 (compatible; DotBot/1.1;" "http://www.opensiteexplorer.org/dotbot, help@moz.com)" 
208.115.113.86 - - [17/Apr/2016:23:16:20 -0700] "GET /Election/0406Ashling.htm HTTP/1.1" 200 1847 - "Mozilla/5.0 (compatible; DotBot/1.1;" "http://www.opensiteexplorer.org/dotbot, help@moz.com)" 
208.115.113.86 - - [17/Apr/2016:23:16:19 -0700] "GET /Socialist/?S=A HTTP/1.1" 200 31727 - "Mozilla/5.0 (compatible; DotBot/1.1;" "http://www.opensiteexplorer.org/dotbot, help@moz.com)" 
46.105.86.206 - - [17/Apr/2016:23:16:55 -0700] "GET /logs/access.log HTTP/1.1" 200 35370 "http:///" "Mozilla/5.0 (Windows NT 6.2; WOW64) AppleWebKit/537.36 (KHTML, like Gecko) Chrome/28.0.1500.71 Safari/537.36" 
91.116.246.72 - - [17/Apr/2016:23:21:38 -0700] "GET /logs/access.log HTTP/1.1" 200 132125 - "Mozilla/5.0 (X11; Linux x86_64; rv:2.0b8pre) Gecko/20101011 Firefox/4.0b8pre" 
31.184.238.174 - - [17/Apr/2016:23:21:51 -0700] "GET /logs/access.log HTTP/1.1" 200 132311 "http://www.purevolume.com/cardura4mgorder" "Mozilla/5.0 (Windows NT 6.1) AppleWebKit/537.36 (KHTML, like Gecko) Chrome/32.0.1700.76 Safari/537.36" 
31.184.238.174 - - [17/Apr/2016:23:23:41 -0700] "GET /logs/access.log HTTP/1.1" 200 132563 "http://www.theknot.com/wedding/lotensin-and-shipping" "Mozilla/5.0 (Windows NT 6.1; WOW64) AppleWebKit/537.36 (KHTML, like Gecko) Chrome/32.0.1700.76 Safari/537.36" 
107.167.104.230 - - [17/Apr/2016:23:23:46 -0700] "GET /pdf/che_sos.pdf HTTP/1.1" 200 207560 "http://www.google.co.in/search?q=Pdf+che+guevara+books&client=ms-opera-mini&channel=new&gws_rd=cr&hl=en&ie=UTF-8&tbm= "Opera/9.80 (J2ME/MIDP; Opera Mini; U; en) Presto/2.12.423 Version/12.16" 
164.132.161.11 - - [17/Apr/2016:23:25:04 -0700] "GET /images/150203/?C=S;O=D HTTP/1.1" 200 484 - "Mozilla/5.0 (compatible; AhrefsBot/5.1; +http://ahrefs.com/robot/)" 
51.255.65.34 - - [17/Apr/2016:23:25:37 -0700] "GET /logs/access_150612.log HTTP/1.1" 200 445290 - "Mozilla/5.0 (compatible; AhrefsBot/5.1; +http://ahrefs.com/robot/)" 
100.43.81.155 - - [17/Apr/2016:23:26:34 -0700] "GET /logs/access_141203.log HTTP/1.1" 200 2589854 - "Mozilla/5.0 (compatible; YandexBot/3.0; +http://yandex.com/bots)" 
31.184.238.174 - - [17/Apr/2016:23:31:52 -0700] "GET /logs/access.log HTTP/1.0" 200 133677 "http://www.theknot.com/wedding/erythromycin-and-special" "Mozilla/5.0 (Windows NT 6.1) AppleWebKit/537.36 (KHTML, like Gecko) Chrome/30.0.1599.13014 YaBrowser/13.12.1599.13014 Safari/537.36" 
51.255.65.28 - - [17/Apr/2016:23:32:46 -0700] "GET /logs/access_160408.log HTTP/1.1" 200 59353 - "Mozilla/5.0 (compatible; AhrefsBot/5.1; +http://ahrefs.com/robot/)" 
51.255.65.5 - - [17/Apr/2016:23:32:55 -0700] "GET /logs/access_150622.log HTTP/1.1" 200 38474 - "Mozilla/5.0 (compatible; AhrefsBot/5.1; +http://ahrefs.com/robot/)" 
31.184.238.174 - - [17/Apr/2016:23:33:42 -0700] "GET /logs/access.log HTTP/1.1" 200 134334 "http://www.theknot.com/wedding/prandin-and-prescription" "Mozilla/5.0 (Windows NT 5.1) AppleWebKit/537.36 (KHTML, like Gecko) Chrome/33.0.1750.146 Safari/537.36" 
208.115.113.86 - - [17/Apr/2016:23:36:27 -0700] "GET /robots.txt HTTP/1.1" 200 37 - "Mozilla/5.0 (compatible; DotBot/1.1;" "http://www.opensiteexplorer.org/dotbot, help@moz.com)" 
164.132.161.93 - - [17/Apr/2016:23:39:07 -0700] "GET /paperarticles/Nov02-Bushswar.htm HTTP/1.1" 200 6867 - "Mozilla/5.0 (compatible; AhrefsBot/5.1; +http://ahrefs.com/robot/)" 
77.247.22.51 - - [17/Apr/2016:23:39:27 -0700] "GET /logs/access_130930.log HTTP/1.1" 404 73 "http://vaniqaeflornitina.blogocial.com/" "Opera/9.80 (Windows NT 6.1; MRA 6.0 (build 5976)) Presto/2.12.388 Version/12.10" 
77.247.22.51 - - [17/Apr/2016:23:39:27 -0700] "GET /access_130930.log HTTP/1.0" 404 73 "http://vaniqaeflornitina.blogocial.com/" "Opera/9.80 (Windows NT 6.1; MRA 6.0 (build 5976)) Presto/2.12.388 Version/12.10" 
77.247.22.51 - - [17/Apr/2016:23:39:28 -0700] "GET /logs/access_130930.log HTTP/1.0" 404 73 "http://vaniqaeflornitina.blogocial.com/" "Mozilla/5.0 (Windows NT 5.2; rv:12.0) Gecko/20100101 Firefox/12.0" 
77.247.22.51 - - [17/Apr/2016:23:39:28 -0700] "GET /access_130930.log HTTP/1.1" 404 73 "http://vaniqaeflornitina.blogocial.com/" "Mozilla/5.0 (Windows NT 5.2; rv:12.0) Gecko/20100101 Firefox/12.0" 
77.247.22.51 - - [17/Apr/2016:23:39:29 -0700] "GET /logs/access_130930.log HTTP/1.1" 404 73 "http://vaniqaeflornitina.blogocial.com/" "Mozilla/5.0 (Windows NT 6.1; WOW64; rv:17.0) Gecko/20100101 Firefox/17.0" 
77.247.22.51 - - [17/Apr/2016:23:39:29 -0700] "GET /access_130930.log HTTP/1.1" 404 73 "http://vaniqaeflornitina.blogocial.com/" "Mozilla/5.0 (Windows NT 6.1; WOW64; rv:17.0) Gecko/20100101 Firefox/17.0" 
31.184.238.174 - - [17/Apr/2016:23:41:59 -0700] "GET /logs/access.log HTTP/1.1" 200 136310 "http://habuspirone10mg.greatwebsitebuilder.com" "Mozilla/5.0 (Windows NT 6.1; WOW64) AppleWebKit/537.36 (KHTML, like Gecko) Chrome/33.0.1750.146 Safari/537.36" 
31.184.238.174 - - [17/Apr/2016:23:43:50 -0700] "GET /logs/access.log HTTP/1.1" 200 136575 "http://www.theknot.com/wedding/ilosone-and-no" "Mozilla/5.0 (Windows NT 6.1) AppleWebKit/537.36 (KHTML, like Gecko) Chrome/30.0.1599.12785 YaBrowser/13.12.1599.12785 Safari/537.36" 
107.5.46.140 - - [17/Apr/2016:23:45:25 -0700] "GET /Documents/Ali.htm HTTP/1.1" 200 8449 "https://www.google.com/" "Mozilla/5.0 (iPhone; CPU iPhone OS 9_3_1 like Mac OS X) AppleWebKit/600.1.4 (KHTML, like Gecko) GSA/14.0.119004557 Mobile/13E238 Safari/600.1.4" 
107.5.46.140 - - [17/Apr/2016:23:45:25 -0700] "GET /cwi.css HTTP/1.1" 404 88 "http:///Documents/Ali.htm" "Mozilla/5.0 (iPhone; CPU iPhone OS 9_3_1 like Mac OS X) AppleWebKit/600.1.4 (KHTML, like Gecko) GSA/14.0.119004557 Mobile/13E238 Safari/600.1.4" 
45.33.157.107 - - [17/Apr/2016:23:47:38 -0700] "GET /logs/access.log HTTP/1.1" 200 36352 "http:///" "Mozilla/5.0 (Windows NT 6.3; WOW64; rv:34.0) Gecko/20100101 Firefox/34.0" 
176.8.91.153 - - [17/Apr/2016:23:48:29 -0700] "GET /logs/access.log HTTP/1.1" 200 36383 "http://gtopsolmoser.wordpress.com" "Mozilla/5.0 (Windows NT 6.1; WOW64; rv:38.0) Gecko/20100101 Firefox/38.0" 
31.184.238.174 - - [17/Apr/2016:23:52:02 -0700] "GET /logs/access.log HTTP/1.1" 200 137819 "http://buyfamotidine2016.greatwebsitebuilder.com" "Mozilla/5.0 (Windows NT 6.3; WOW64) AppleWebKit/537.36 (KHTML, like Gecko) Chrome/32.0.1700.107 Safari/537.36" 
31.184.238.174 - - [17/Apr/2016:23:53:55 -0700] "GET /logs/access.log HTTP/1.1" 200 138086 "http://gravatar.com/felodipine10mgtm" "Mozilla/5.0 (Windows NT 6.1; rv:26.0) Gecko/20100101 Firefox/26.0" 
164.132.161.24 - - [17/Apr/2016:23:54:24 -0700] "GET /Publications/TWU2Nations.htm HTTP/1.1" 404 88 - "Mozilla/5.0 (compatible; AhrefsBot/5.1; +http://ahrefs.com/robot/)" 
51.255.65.84 - - [17/Apr/2016:23:54:56 -0700] "GET /images/Election/frank2.jpg HTTP/1.1" 200 3899 - "Mozilla/5.0 (compatible; AhrefsBot/5.1; +http://ahrefs.com/robot/)" 
124.133.7.248 - - [18/Apr/2016:00:00:36 -0700] "GET /logs/access.log HTTP/1.1" 200 36557 "http:///" "Mozilla/5.0 (Windows NT 6.3; WOW64; rv:35.0) Gecko/20100101 Firefox/35.0" 
124.133.7.248 - - [18/Apr/2016:00:01:00 -0700] "GET /wp-login.php?action=register HTTP/1.1" 404 88 "http:///" "Opera/9.80 (Windows NT 6.2; Win64; x64) Presto/2.12.388 Version/12.17" 
124.133.7.248 - - [18/Apr/2016:00:01:10 -0700] "GET /wp-login.php?action=register HTTP/1.1" 404 88 "http:///wp-login.php?action=register" "Opera/9.80 (Windows NT 6.2; Win64; x64) Presto/2.12.388 Version/12.17" 
157.55.39.92 - - [18/Apr/2016:00:01:14 -0700] "GET /cwi/Katrina.htm HTTP/1.1" 200 1904 - "Mozilla/5.0 (compatible; bingbot/2.0; +http://www.bing.com/bingbot.htm)" 
113.142.239.137 - - [18/Apr/2016:00:01:49 -0700] "GET /logs/access.log HTTP/1.1" 200 36654 "http:///" "Mozilla/5.0 (Windows NT 6.3; WOW64; rv:35.0) Gecko/20100101 Firefox/35.0" 
31.184.238.174 - - [18/Apr/2016:00:02:10 -0700] "GET /logs/access.log HTTP/1.1" 200 139681 "http://linezolid-buy-safely.snack.ws" "Mozilla/5.0 (Windows NT 6.0) AppleWebKit/537.36 (KHTML, like Gecko) Chrome/32.0.1700.107 Safari/537.36" 
31.184.238.174 - - [18/Apr/2016:00:04:07 -0700] "GET /logs/access.log HTTP/1.1" 200 139929 "http://buygalantamine.snack.ws" "Mozilla/5.0 (Windows NT 6.3; WOW64) AppleWebKit/537.36 (KHTML, like Gecko) Chrome/32.0.1700.76 Safari/537.36" 
77.247.22.51 - - [18/Apr/2016:00:05:31 -0700] "GET /logs/access_130930.log HTTP/1.1" 404 73 "http://viagraosildenafil.logdown.com/" "Mozilla/5.0 (Windows NT 5.1) AppleWebKit/536.5 (KHTML, like Gecko) YaBrowser/1.1.1084.5409 Chrome/19.1.1084.5409 Safari/536.5" 
77.247.22.51 - - [18/Apr/2016:00:05:32 -0700] "GET /access_130930.log HTTP/1.1" 404 73 "http://viagraosildenafil.logdown.com/" "Mozilla/5.0 (Windows NT 5.1) AppleWebKit/536.5 (KHTML, like Gecko) YaBrowser/1.1.1084.5409 Chrome/19.1.1084.5409 Safari/536.5" 
77.247.22.51 - - [18/Apr/2016:00:05:33 -0700] "GET /access_130930.log HTTP/1.1" 404 73 "http://viagraosildenafil.logdown.com/" "Opera/9.80 (Windows NT 6.2; WOW64; MRA 8.0 (build 5784)) Presto/2.12.388 Version/12.10" 
77.247.22.51 - - [18/Apr/2016:00:05:33 -0700] "GET /logs/access_130930.log HTTP/1.0" 404 73 "http://viagraosildenafil.logdown.com/" "Opera/9.80 (Windows NT 5.1; U; YB/3.5.1; ru) Presto/2.10.229 Version/11.64" 
77.247.22.51 - - [18/Apr/2016:00:05:34 -0700] "GET /access_130930.log HTTP/1.1" 404 73 "http://viagraosildenafil.logdown.com/" "Opera/9.80 (Windows NT 5.1; U; YB/3.5.1; ru) Presto/2.10.229 Version/11.64" 
31.184.238.174 - - [18/Apr/2016:00:14:10 -0700] "GET /logs/access.log HTTP/1.1" 200 141573 "http://gravatar.com/kahealtersgoogstranap" "Mozilla/5.0 (Windows NT 6.1; WOW64) AppleWebKit/537.36 (KHTML, like Gecko) Chrome/31.0.1650.63 Safari/537.36 OPR/18.0.1284.68" 
157.55.39.170 - - [18/Apr/2016:00:15:47 -0700] "GET /logs/access_140304.log HTTP/1.1" 404 88 - "Mozilla/5.0 (compatible; bingbot/2.0; +http://www.bing.com/bingbot.htm)" 
121.42.0.33 - - [18/Apr/2016:00:16:08 -0700] "GET / HTTP/1.1" 200 1271 - "spiderman" 
31.184.238.174 - - [18/Apr/2016:00:22:23 -0700] "GET /logs/access.log HTTP/1.1" 200 142133 "http://ondansetron-4mg-order.over-blog.com/2014/04/discount-ondansetron-4-mg-buy-online-ondansetron-online-to-buy-from-ireland.html" "Mozilla/5.0 (Windows NT 6.3; WOW64) AppleWebKit/537.36 (KHTML, like Gecko) Chrome/33.0.1750.117 Safari/537.36" 
117.135.251.132 - - [18/Apr/2016:00:22:59 -0700] "GET /logs/access.log HTTP/1.1" 200 142483 "http:///" "Mozilla/5.0 (Windows NT 6.3; WOW64; rv:35.0) Gecko/20100101 Firefox/35.0" 
117.135.251.132 - - [18/Apr/2016:00:23:06 -0700] "GET /wp-login.php?action=register HTTP/1.1" 404 88 "http:///" "Opera/9.80 (Windows NT 6.2; Win64; x64) Presto/2.12.388 Version/12.17" 
117.135.251.132 - - [18/Apr/2016:00:23:09 -0700] "GET /wp-login.php?action=register HTTP/1.1" 404 88 "http:///wp-login.php?action=register" "Opera/9.80 (Windows NT 6.2; Win64; x64) Presto/2.12.388 Version/12.17" 
101.222.234.82 - - [18/Apr/2016:00:23:31 -0700] "GET /pdf/che_sos.pdf HTTP/1.1" 200 207560 "https://www.google.co.in/" "Mozilla/5.0 (Linux; Android 4.4.2; SM-T231 Build/KOT49H) AppleWebKit/537.36 (KHTML, like Gecko) Chrome/40.0.2214.109 Safari/537.36" 
91.116.246.72 - - [18/Apr/2016:00:24:02 -0700] "GET /logs/access.log HTTP/1.1" 200 143391 - "Mozilla/5.0 (X11; Linux x86_64; rv:2.0b8pre) Gecko/20101011 Firefox/4.0b8pre" 
31.184.238.174 - - [18/Apr/2016:00:24:11 -0700] "GET /logs/access.log HTTP/1.1" 200 143577 "http://lanyrd.com/profile/mujingsi8406284-5755/bio/" "Mozilla/5.0 (Windows NT 6.1) AppleWebKit/537.36 (KHTML, like Gecko) Chrome/33.0.1750.117 Safari/537.36" 
195.249.78.90 - - [18/Apr/2016:00:26:51 -0700] "HEAD /Documents/Ali.htm HTTP/1.1" 200 - - "Microsoft Office Word 2013"
195.249.78.90 - - [18/Apr/2016:00:26:52 -0700] "GET /cwi.css HTTP/1.1" 404 88 "http:///"Documents/Ali.htm "Mozilla/5.0 (Windows NT 10.0; WOW64) AppleWebKit/537.36 (KHTML, like Gecko) Chrome/49.0.2623.112 Safari/537.36" 
77.247.22.51 - - [18/Apr/2016:00:30:45 -0700] "GET /logs/access_130930.log HTTP/1.1" 404 73 "http://viagraosildenafil.logdown.com/" "Mozilla/4.0 (compatible; MSIE 8.0; Windows NT 5.1; Trident/4.0; GTB7.4; MRA 6.0 (build 6005); User-agent:" "Mozilla/4.0 (compatible; MSIE 6.0; Windows NT 5.1; SV1); .NET CLR 1.1.4322; .NET CLR 2.0.50727; .NET CLR 3.0.4506.2152; .NET CLR 3.5.30729; InfoPath.1; .NET4.0C; .NET4.0E; MRIE8PACK 2.0.1)" 
77.247.22.51 - - [18/Apr/2016:00:30:46 -0700] "GET /logs/access_130930.log HTTP/1.1" 404 73 "http://viagraosildenafil.logdown.com/" "Opera/9.80 (Windows NT 6.1; WOW64; U; ru) Presto/2.10.289 Version/12.01" 
77.247.22.51 - - [18/Apr/2016:00:30:46 -0700] "GET /access_130930.log HTTP/1.1" 404 73 "http://viagraosildenafil.logdown.com/" "Opera/9.80 (Windows NT 6.1; WOW64; U; ru) Presto/2.10.289 Version/12.01" 
77.247.22.51 - - [18/Apr/2016:00:30:47 -0700] "GET /logs/access_130930.log HTTP/1.1" 404 73 "http://viagraosildenafil.logdown.com/" "Mozilla/5.0 (Windows NT 6.1; rv:10.0.2) Gecko/20100101 Firefox/10.0.2" 
77.247.22.51 - - [18/Apr/2016:00:30:47 -0700] "GET /access_130930.log HTTP/1.1" 404 73 "http://viagraosildenafil.logdown.com/" "Mozilla/5.0 (Windows NT 6.1; rv:10.0.2) Gecko/20100101 Firefox/10.0.2" 
77.247.22.51 - - [18/Apr/2016:00:30:48 -0700] "GET /logs/access_130930.log HTTP/1.1" 404 73 "http://viagraosildenafil.logdown.com/" "Mozilla/5.0 (Windows NT 5.1) AppleWebKit/537.11 (KHTML, like Gecko) Chrome/23.0.1271.64 Safari/537.11" 
7.247.22.51 - - [18/Apr/2016:00:30:48 -0700] "GET /access_130930.log HTTP/1.1" 404 73 "http://viagraosildenafil.logdown.com/" "Mozilla/5.0 (Windows NT 5.1) AppleWebKit/537.11 (KHTML, like Gecko) Chrome/23.0.1271.64 Safari/537.11" 
49.200.153.54 - - [18/Apr/2016:00:42:14 -0700] "GET /K?r=lf6nDwoaRmWNp7cLDpoHvE+yQFBByalWbIZzHWui9MmL/mblgsYtllYwIOTXclbjfdvCQ+H0/okT2YqmFlsQ4UIBm2DM+n7639xSW4xHefehbAgvke+CCMkw2OLHAyq7KIr5sL3NHYeJfxg9sEFGM3cRJYJFgANZdqIKrZdDCidYcePdzHirmWejGVJsiMd9vDVfCPPy3t4HAHhxZRY+Z3ZfEJ4vBO9Jh9aydhzyOHaXbfCM2Ch5a/UGB301RUZh23qYm7ehAz2AFtNopPCZV1bFzRtyqkfD+37eBx+0h+3K0UBxsHcTCDxURYUZE9QprnUF0oMiZiGXhx2R0E1zhZERCKQYSPUHshV2Jrj7z07cf41yAko4i8bJYz0UVRPSkYCpTOlsZCKpt5nM7MNF+gq2T3pW/9aZ0PXJ63VNlCXaLmHIkOZnklsNoqTAd8ZV4hr80QhwtuINbJziMrFnmbvF3YKwnBOM8wVbSQWfPaAuHNLwYax+w7PTvY+whn4Bzw0gUzlKyw0JsAHP+qDPkH9Muyvuwh8uWATSY/aDDPh8Nkc6RMGcE5naclKKasAelPw8gYrs5S1rX92Mf1FDUsdZdj7Czg8w4PrRXE3iWloOOGM4Dqo/Nn0Y3L0a9IJ2e480XEJNgciq88/1Ies42mugZarSKXtxN6Ju/X646nx71ZjligMpctxDz+HC6BH8hsJIJtR3pKWsgUrqTj1aLG90DSCrRYwgji9GNzCF1orpQQl1UzqFCKB1RyE4AWT6WK02TPk4n/1swzWl5jAuSn/f099HkVulEWp1d5DiNWqvQODm8adr HTTP/1.1" 404 73 - "Mozilla/4.0 (compatible; MSIE 8.0; Win32)" 
49.200.153.54 - - [18/Apr/2016:00:42:16 -0700] "GET /Y?M=dFf++WPjgP2lKA7McGPDbAEHe9icy9kFZhyS5i9DFQ3odl8b4w1QH8PIWSuG0Uft84RzfgXZvZoySl9tdBGeiq+o8Pbz68kLp6BvCGnJHke2hvV/mXLUkiR9pTQ1Dilyl7vJoqkgVDsq9Z1m4rHD0DWW+tufA/ro2fk1JNmaTJiQ2sRgKjtVG8+ALWXuyrxiWpb9LdPmqgACSybOcHCf8D2uWVbTptgpHPvhcabjgBM5s3yw4N+lC2sYMEy0DL9pdJINtRmt8+yD3XRsMrPIoKplkmpaY9lMLRuV7oeZg7PThJTSO5pRYKxnRkDoh+CHqQNgakt0FJvI2H7CYpeeWRQHi/PmAwib9jVP0lA56iVSBctcbKcbbImAdLVWQNrl9hgsBeUIASvwFPp2ulqEs6cxCfB6Npf8cgEsZaFGb9A/UxgkFR4WzTu3JMLS6h2NLye1c6FA7upXQlQMjFCl+Rwlxt6GIP67N1YhxgbqOysuE7WQGgNtpYhNXmFgOuckRmlN8LCOZU+AK933GJGSxz0rAUqh68poj3YFfZqPfvNddbjvQLE49PeXv5OGaUFcWuIslZmb1kh2WpE6P8GF0qo3zroX53riCPMpJEBANOfemFLv651gbytmz6lzRr31R5oJx3O2PQxpjIRNl31O0jJ+sXFSyVwSePjVHsaJ8JCTtcWTfWK3DMozzQ2EYpPOmahPkGX/F7aR9LZhVr8+m2rgsfyesBKRpRT5Gvz8ZirHtnSi4W03BGlNDOWQl9+R/+FhU7Pp16INjmVuH9VvVDgOXx3SWePvPCHgqsihOgL HTTP/1.1" 404 73 - "Mozilla/4.0 (compatible; MSIE 8.0; Win32)" 
49.200.153.54 - - [18/Apr/2016:00:42:19 -0700] "GET /c?R=1JaxO0KOK1ZMTq67fjcJLyD9aTFH8/NUgyjjvuNayTKpaWlp7g3mW+kVQYHjsr0SVA98D2b2YjS9owszJBdYFxIpR9wwLaqvlpNyNsL7UkoAn8lQrHQMddISQ0+aKoZrD6DGKR158/yv1R7kTgC2ql1vbjk03LC5rx0yAnvWLNmB803FTiZkAU9nHT97PGmEu3k7P1jjASAR4HQ3Ebay59HQeu8unGPhS9Xy58KBtl6R3JTJMxobse8YH0lTGMAZfgyd25n1wH8q99c3C9kFEJZvpIImof0W7ymB9owqeeHWvcoYIpvxUelYdFMCUAIzfuR8k76sF7CmEhydPFtugAzzU2qgAOdRniKPw/mzp2IeAMhkCwW6O5VAPvRZcbARlMGn90ILnnH/DSUq0PDml5YPK7ZmdKnzIO4UKCdwcc4fDo7s6BWDB+yjhHuYJCSZK33Xb8hJUnHtLDfy+uyhVqLRZjU8GVsaHSiISaMUf3inuP7ny3z/AzwuSZmycuMqyG63hG4efhSyzDChhfacEzlZejg4qhgk3zUlh524z9pv10kow/LspBIbdB3u63pqwFt6yd89xBGQxVg13xposk559ro2A1wJE9aFDZy67hmoPY44lYSv3LjiHan2U6m0rxyca+aTS2xdvvDoGggBy1V41t6wTMNZkRb6F+0hAAhbyNGHoKYffP2MKo9lHPToOn82cCABQuPB84cPeNvl/EHFr0kqY++48Oxp3Q7JRo2mV82lpW6xq2MxsEeSnRs/+0gH8MLB29RRr2JapIvPBk1CVF2Xx6gRzzZB7NrHKYriqESgSnYLejiVBI1UIR58+v8tJezqtszntP HTTP/1.1" 404 73 - "Mozilla/4.0 (compatible; MSIE 8.0; Win32)" 
49.200.153.54 - - [18/Apr/2016:00:42:20 -0700] "GET /S?I=k7HPUM4RNc8/O/Ub7GReccmB2DMIwXcHBI9n6xyvGQeQfHyAf1lL9JPr65Gy94aSHBXc/kh+OiYpjkrAefBG98MwhNyh51rp8IsV3uIiaCOuUaRu/CVJ7xmztVJb1rVPTMfaoZVipleW0glrxAsatHMXvBhire61NCE+QNdM2qPwRhsRPNWtvbp2UuXkmZX0VX2feLoGT0s77YDApJf5JNlV48DyVuGPEjm9Uq44la5B/WZnY+zEaag+sF+ekzhXX8hX4opOk3WxdGbcfBITwIXYsikFS2leS67wiidigig8os7jEJn19b0qlKDBQT4/dpBdDovpo0CEqviCOMjPHmnO5r+/HgGC6W+UzOXrfV8m9gNABEx/VHX6tPtDxCAQV7lrVFJLYTunp4Kh1TxaMuGFNP2vQtCcBLspP90dATPlVNcCfVj8ylSKZIqzNe1w0pvcRkOPaxWeBlFDnHWOHODO3n6HqrH25E+/lFxaObwB5P0pPj5MXFt0FPDt/xYbl29fF9/GATO6O8p7yhtYBYBN01tJ4kLnxonFJv/GDn6W1BhgI+OyE35tqs3hlkRUJT0XxNZfZUxU7EnQhprCILiVFSpcj+4AyxnTQn+noBNgToVq/h1ZvL1u2uBMzJseAjX/eePtgwVmlvS3Or6crB8i3m/+bLIUuHVeSbtqP5CuKKzppD0EMXXWdncg2BdoNFpiZB0lFpd63WWmsAgB8w+8dAAnrMbnd4cwpRojvBC81Ae4Q43IhIIXrds+LjH2hJguGGBXwGPvLlmIG9enB3KOYojL1IKVF1BQb1u3dsCZDZ23eJSD+Tx3Df+9PlKgC/wCFUK8/eTsjHnipropAdUF HTTP/1.1" 404 73 - "Mozilla/4.0 (compatible; MSIE 8.0; Win32)" 
49.200.153.54 - - [18/Apr/2016:00:42:23 -0700] "GET /Y?P=WAym7tGUJ8EEremeA7XQePckJ5SaD7lC0bbHAi7ieMEyzae6v+wQyGso+neI++Vn1APKqUxiP/AqWWU7maZRNp19s22vBeAPc8AkTKK9kykVLM+JmuRUjVvwXr53WAoJVvs5gZG1Gw0j4EYHVCcpMGul83KjnrAaOakkkmUkA5f4z2Jtx4tEHv3/+LlOrgc0GnZ0yXKR2j+NGcjxh/1A+SndlkBKRD97NukN9sY5lJsw/Eta6afk7RIvtWLjyQLwQFP/P8nXSpP9lnoXFVR6ad30kpZv0oSFOblUvx5NUPsCru8wXxYf9dJnFhFKFThJgukQH5lDxHtSxgtn88Pt2Rq/d+I4gO2u/XCt6gjEyCEpK3OkZKu5FXWutPvQEjv1CFuazzmCT+jrcJamgCckW9NtMqAwVqY/iGbplM3SHe49VGwc+lf3Syl1gaou5etJyzn8IBhcBgEMLh/Uv8wnNBW3oCy8nwR87GhXi7Oet18HhOVLdRf8Wu0Um6I9moPy2dJH1epXJK7DHi0ylRlqc/v0IILGPv6Rj6sIdovJnhcGha2JO1m7yiUVkNyTh/UOaqf8LX+5oG0oSGYjtFak/FRh03uvXYr0Alibq4IGtlWguGeu4WFp+5EUnPatrImQkA+KPzCWSruehi+lDbRi+GvobwMQPwgtxbCQVeTz6U1juCe9e0/++KigmV02cUFQDM07Tw3MjB+HimXT3gn5GCx9cI1UyXa9u9JPpjkzX0wAzBw39XyrhpgvLkz47US3GYmvzFLZ2eVwlNbsKd7Fb3vXTcQd4T0upe0IAsihbdvL HTTP/1.1" 404 73 - "Mozilla/4.0 (compatible; MSIE 8.0; Win32)" 
49.200.153.54 - - [18/Apr/2016:00:42:25 -0700] "GET /z?O=oM01dtzdTGky/qodEW7CO6R6cKXAUU6DzkNYhPRH6FBGLxrWyL222bW5U+yTe87gWYentn4qxYwzyGRmjUZmZjuqSxTZtd4ui4/EWYRuhTeRNMN9UD25N827O4CHwZ0UyZpJf5jE4W1SLq/+W96qQMjmfn66plkV0JtHVNikhux+U6VSY3hOetqm+ps62VlIndlx2MATtKa4e4PXfqC6Knlhb/4RNBuov4ZQd/JbmIpWnpJtUGP78DazyCJpJnzdys3cP2TTEedEppgzG+ehg1kroyNMNhXempn23sqr9JOwQU7ezbJyqX6GORWt8q73RLGM2HPn7WYr30gWhh0WL55C14vNB8Ql5ElT77S65Rh1+1P0bTlkoXaoJJpdJ3B/zXdYWWtzqCGnS2l1+KHkaSHosmCwIVi8YcO/eCSMYqOJbe0zbmQXSUAI42InfB0axou3TEw7+1UjQCGNZNj7ONm3vbshac4RxfxW6pbeVJwQ84qY6HEafkIZ7zCI8O/K/mHzLyaE20R8y86fMdOa0pewnDVnSnmKayvXrSAnHpwR9JeNVrb0Vw8K/4fXNPNod8UomqaWa2tKN1QgoEpOrp6gIxT/t/kx7ubI7X0IT+OiWnKbpocpB1UE3G2uFOe8zqrb08JIN7sU5WJ8QfaoR6h+Bp+zxhvL9+JxlObaVNQ0ILMKHLEN8Mk1OCo20Z3n42/0rlXF2R/4JyeRB9cmP2dwtqjLo3ba67mnWeliGQu3oSMhab/lufcapbLXsZ5EECTdFxGQOyRqLLFQ1LGtUSKyt7hswgoxv4UXanQ9qa3ivzSr37dY3WbMl1fW7VA3uK3J3 HTTP/1.1" 404 73 - "Mozilla/4.0 (compatible; MSIE 8.0; Win32)" 
49.200.153.54 - - [18/Apr/2016:00:42:27 -0700] "GET /I?v=yJMYVclBbsbYB+zZA3g7xdY1zScnhRuYEXDAMjlNzSwHzOjPVOFjdyX1gPSBH3l0yUwybFIH0YG041j2hKu0F6aKq0bMi8f05p7USUJ4mIgON/UdZco/Mai8+vdgiZC+A4viE5X/xh5fDtia+yWWEoXTSy1bgT9P66BpQkcENgeQsOfrfD4vjnkftnFccE2HhulF8RlcBktQUE7DChuOJUTYHfTX5eDlZB9kGjH/VQ3jb8kXgA9TY45rzggTqzQUji3iyx88dpskx1jTsijYGF7tM0FtqUo9BI58era3PrjuxqK71z7/z7MXX/AFjSits/aord2rZw+uzZGd7aXkCbZ5uDZvr59RmfHUNkgXEkz581jOGc1/OnO8X+JKUUCS/HukeBKbt0NTd4uMVBa2BJdPV177canzjBzrPK1zJN+bMXkcTo2OtOzrmPWOhFPO+I9GHdH5I6pEQO9/or6WIVGkS3uIcECOXVY40fTzZapO11G3CuggNtCsY4oa8KHCiNpMQUJkM2dHTFwnZLR/PLmjCCKcpmjfX+QAZb1MwCDiNNEAhWY8J6o8gE9oGt28Xx+BTDPOru3WKTFV82Fzwye2TP3+M2vjuv1zWcA6eoK/rUm1xBDi3qPAaPJfTZNfTGgaKkw/DsbkU7N9ZRkV5XxpkWz4m29dFgw2/zYKaWOng8WEMEr1q6HUyLH2fqd8WFwJy/k5am6QJKXHkqJCcoYk+TgW7V1b+7tKnHE2549ug1hQsmr77Nrj5Lwz8AS5ahCWW143tPidV1qsenSgFn3FR3AmZC8qwPp HTTP/1.1" 404 73 - "Mozilla/4.0 (compatible; MSIE 8.0; Win32)" 
49.200.153.54 - - [18/Apr/2016:00:42:32 -0700] "GET /Q?L=Ymi6W4LZb7x0cpJFWFhQ/7A/xB81dScPKwNcWLvJDGBc12krhiJH9grPCHtEfKby76uuHMJ2MNrOy2Lv9IwzEX2XTxSL4iEM5UJV4Sk67ybZoSP/JCIY4Bsdr7L0FlnFfSkL2zIGaE4S43gjpDuaAS3nwjPbEGj6WQx04wt9yZ3DSrDV7o//qU58z2oRgAwu715Vvy4kHbY24ueaibaAI7CMjM1x2F02iguVnyR4YPuT57uG42Jn89rRF3x/U94/7j3mC0u0XA2Xl8YyNI8qzTNWQNdiPeQV4BJ/CQPnkAePN+rBBnzvXyPbMFA7J/24kDVgCiSgq7l2PjqeEII+RxMA+n69ZDjJ4lY2X4XTk5P4gosvSVKkOqzIN88v2iyPNsBXpvo3FdhdW/RJwOwEh2cnr4skexvN5jYTvMagWxyJdXREqbGlVZS2k8cPxODRyIETgXdhemSJbDe6ANPUgIDLZKIfOoe/7IQtKMRDnN9XB/DP6+F6aALAjk3Mg/prxmiYPvopOIN/zjixEJREZyFDXtd9yiHZqTP9/zFMlEgs9GBQc2udejQlBXYxXH0xJpek5NzEs4pMz9luMwIEu/HSjLM6V4UrP1R3A0aac5xXK4WfIOBSbhzFNYeI4RdZz0z/Yjgf4dSN/z/iVRl+EQfqk7rwR/bVPtNuNXKkiy66NWwZv2OQVELmgamXgp3I5sMu02m1F676zZNSwXL5N/y6kfFGDYe7x9qw0DU9y+TS5U4WmffFt5LysTnwafIjiNpkN/WwjMkXGJSojkx+l1H5Y7t4ihnUxaw30jggRxPF0UjimW/jD HTTP/1.1" 404 73 - "Mozilla/4.0 (compatible; MSIE 8.0; Win32)" 
49.200.153.54 - - [18/Apr/2016:00:42:33 -0700] "GET /w?m=NYsTfBJABhw9SNhYgR1myV7W8gEQIi0Ec9ffni8J5moD6GoBLq+Mvv3H4PYtDE5nX+1cyKS4IiMBwYccAsyoZRX4e0nl/EH3XIwWx0cZ/Vs1UAMLEZf77QvYQZIum4llMKfKsSg8YL9lFwby6HrU+nDe/VQawPm605JA42lberaVIJEM0UydllAMrK17BLhUFG2ZlWbuCgggJ9KeNRxd9DOm2x1vFq5tkP+GQ/yMtOpybTsVJtdGlUwiV6T7JPK4vVN5GhvXBHwmLjIAITXC9sWd1/DBqNlpGkZSK+mCWg353LfepGnU4porNr2ZXpxtBsm5Vy+5yeLKxh7WQYzQNPal5RxuIQBe/GtwF0RAIbxVpqcNzdovrCdkzoSh4BHFacBb5tRoby1PUH6GIbocqVd5MTMVb3D6v7PyWOi3yRjM0p1rWMvirdPyjOxZDgcWINBM//6ZPLOa4SWsXZrwsi6gMS9qZzsg8AAlTC8EvhVFG3bGJAHLtxA4hHzGRGh3647FBlPlRDwCBQVADFyjw0n1rlh8CjwFx+h0J9vh0IhOltnKjpNIgPNJNp4/pW3TGMki/D779UOuGaS+4mDPIbjPNRRlTAGdxdVdqo9vQj8JocJCzXYVxdHEV/nUQv7JzfhXXyt4BOpRGogpanhD6/qb2jSUXWHWwjGrtCaK26NZSgy+dfAOMCg67PNiBCEsOqKA7Do3odAR5n8r/NtR/E61CA1vagbBlZuTbCDOSasUTujcYOBsdlSU5Q+07LhjbU/vm9uZlXbm6oaTJlRrDMO5vO5WPyqJ+JQ0I9VIlsRudt8hZb9sJi1U3X9JDg4uuyH+Wd HTTP/1.1" 404 73 - "Mozilla/4.0 (compatible; MSIE 8.0; Win32)" 
49.200.153.54 - - [18/Apr/2016:00:42:34 -0700] "GET /w?A=c2WzulmV6r+C1knpgxMaAh278StHus15MsczBFW+eJ6fjlDta9kJpMl87zPHFppHvECYU0+ZIy0qwN6kTwRqZ/g8yFi3tVc8+MvNai4W2+P/aq3QfTo8XGuXmB3AiSG06dWDR25MpgqWWVTOK3YBXiEhqo5uzyhPMRQoY+MS55filOUXRgYLocuP8vXU/ebkTIvMpksH+C36pStjgpzzKcdFpPSuNuqljivMJsflrdJJQHcubrrSBDaN3LJlknYY/o6xEeihVleIym5JEZHnaQPDQ1foPVcCccP+IKZLFR+7sGmQEhUfpioURTHfUbUU2GmzLHAQ2hYaaLaRqWtAHy+P/qpAgUpXsNWLjAPG19gU6OoLia/Pf4KXBl69DRd9jjJwMYdta60QzwYprRMgJTJgGkg6+tkf9ZCmoCNqb2SOuQu4ukqDTqT2sG2Fgpqzgx1USby1Q0nl8qAc4fADjexY8E2efbp/KUVsK1ANTfyJ5C2tmcmLDQ9hIisavlmYBIylc1j6OkSR92NtLVTIDCeT7hvAVP08yUPP6ADSUQi6j9NP3QpCU6DKYmvuQxuGKwwWBIs8KDs0kJIW1Oeqx94PVIqUBWl5qjrYVzAW9rrCunjOtz4cLCyX/UxbApKMq1IojN4uskLYzjhFvLa0L/RhZ5C35oN1STUEaPT5kaai5Z3hbfL9oABX/Daw08J7gLGRogIvrklwsl57HMq8PvfyW47L7DWb2oefO/k6e5pScf3taGXDRavW2tw2hiQhHK5R5Mr7doAhqmA0r7l38g0n2jw1fsAmq0 HTTP/1.1" 404 73 - "Mozilla/4.0 (compatible; MSIE 8.0; Win32)" 
49.200.153.54 - - [18/Apr/2016:00:42:35 -0700] "GET /V?T=vGb39QMKzcEwZj7Ya7iGh3gV7p+s+sooHrKoc8Xa5KiNgX/2uDF04ZHF+gGwrH8H4BlxP1cJv1tab1yol5vti8DvaW3mI7ySRBerk49wu36/fiPv2uKJqh/hymE0p/a5ggEYtbgs0D1gLato/APJr8SEXi7x3+tXlLPd+fDVmg1Yxp6Ku3nl8Y71h2Qqiz96yyvbZ0McNjCnJHevZTqz/yGV+6XHvaNZLwzv3NgM5PvWD9SvUmLsUorBgZj7N7so/oGumtDBGmQmfl0p6dbP8w+/WMFNKioTJ05Gw28pFy8SkRjy8wB9pOgTBZoQoavnlAeFNIEf3LzwVF5sNKRwVyEjVNv6orW8RqY+cO7VAl+GEjVJhwgYqfbbfxIVBUPG4t+XDk2LXE5MUfYa32wNO8zomOe83TNW3IP6wEzm1X0eSKgGKQG+P9grvvSd7EUS7qF1ybqQm45s6vK8mgUdfKQme6yZ+faeCcCmEHVPqkR9qTa+ZLfAxiuBMF1tW12uco8XOfwT00o4rsmB43MZPzCMdJ5Ul54NL+sAjZNoelEVsaIffzMOaHiyGEwNR6FlE80V/WhiXMc+ywe0kmTZSyXbIQU33uT+KuQ9LvctzikrSvQTgbwZYd/1KWoXzDrHbHvV8sX6L8kz/BhxLz7OIX2daSvd8lteyk31ueULjwwQneex/FdgzFJfHuRlhvTOXnmUeYSO1yeW03wY23yKXrrcZfpn1j1AkT7IrCxLoa1Q/vyZEZdFM2EF/n4ZPggfsrvaWTGwqKwCp6pYCme+UoeNsImke5WC0o6h7JijSJixpV45ZJ7KEtfCo9I HTTP/1.1" 404 73 - "Mozilla/4.0 (compatible; MSIE 8.0; Win32)" 
49.200.153.54 - - [18/Apr/2016:00:42:37 -0700] "GET /v?o=EtAHIQQMsuJGjb2EtGVFunw+77EQ7qZZ3d5hpNc4EZ2VCNKjjlriDs2VdUb2fCmVBLgHRH0K996wHTjr1bvyk584IfnLzNOMpB1XytjnnWlLNK9H564Zgd2xHy/lsnDVFq1Mtt01YaHbHWxk53SfhbjY5ssFfCHSWG5zVCHbWu6M+elHS6OjvjBB6izPk2rDZKT+/LDPGfyyFDDOK7gSn5kWpi1PSXkrjIfdoek+UrWTJKX/7hCEYivhq0PvmkQixMKZ3ZFTrpqVKKjPwIrATKc+Y3XtOt15AL7G63hbuhV7N3bjBKt1aIu3EV60HaUwWyDnNHbKM6xQqqbaYRRXGSojMvvO7Br99+H1HQgyqz2o1bwXhJ3kJqAgTgpVKn/0S7auAnbRDZX+TOIuuqCfN/8dYkjXe9RyQdWb5yM65XtMDTroDUfsRBONSvUkFv7LBzSW4yjRYzb9KLQaPVIGb63kyAzxlsXzRDFivDxyKXZbhvXHM+C7Ca5fKyaOL8P4+MIpJjtHSmCePHjan9avrDQ2M9oNNI0ruktodxJBFUEMb/hnHI2KeulK5W/Gcf5ipscy+XGS0rZvVF88HShw2QlcDnin/Bsju3j9ZB7mkssW4TajXxfnLb+IQfBWfN+wlMS3ovma5sqM8TsMrP9QF9IhUt7oNesBLiERoGVHi1+aNxERg+RTAZNVP5dAUUYsDKzisuU6LvVBHRYlm8UILD66mJmo7TxR/Cj5Fgf9rv4xmaLLBlhNaqOnKOZA/YqUMAYRfpy6H0cibPuL3IALD6j/0RStr7no6ydNBPbUF0O2lFafkU0Ll8wmHqEOp714GR36PL9EwGgcZc HTTP/1.1" 404 73 - "Mozilla/4.0 (compatible; MSIE 8.0; Win32)" 
49.200.153.54 - - [18/Apr/2016:00:42:40 -0700] "GET /L?F=dteSgyksw2FzJaTVyxYMV7ib3z79l6NH0pO1MnlvcsYY6OMb+vdp9++D/loYg2DWnD3E5AWHgf0R98ZV/U+URg7Cy7OnigJTBF2zvz1fSKynNoL+jeyrj8AYTZhBLZS7Lt8Ah5exd1KVcS/Em5QHYhiz7TD5MbcVDplz6LjVPP8v8pqvJZY7YctHDgJ7bY5ZRfcRgTBvbW8qxUSuTdx92Qyt2bT8NSS9TosRTOtxVGhaTrrwl2VnVDSHCaWTFQGRID+4Sr8htVPEjbh8trwhzHwJb35ee1TtlhoG1VspgAM4//gbVvudVsUqOD/3oXObaE31xsPglkYxwXjJIANAV6DfXXraftPDxgngkLczFiwXG/MrGPQEIQJz8in88B31ngM4FkDcNycb/bG+ta5Vi2rOx05ABi7s98ZZKmD8gsION4DMfZWCYBXP6OzJclMGIYRVtRW4C45oZP8wy9bTycwDXfNd1fE4WXHBO2tor3N6HJFrKSA/TAxw9hx1Xc7sArbTPaERgfg5X5TkZEyMVVpNWUGOUM7fZeHVOT3RRJfaW3orwPDMJB3botxv6MMVUo8jQYX89ooTNctrOIlABVyJX4POgMg7Ugh5lalNqKJRUwNlipHXX5aG8LPDa2/fXOMmRR7/hGWUuproZ2nPE8U1sCynpJUMjI/hPF2qEslu+YQFLz1moF1snUC19IhLX9xT4b57P51ReJ9q8GeFIvjIy/4aDi6PVcxxrCYPyj5uvLSoy4w2CWO4dlYoAaRRCT8EwomwDmOogyp9aknOvL+i5Zy/6ix5zpANLd7g6HQYdupaTds HTTP/1.1" 404 73 - "Mozilla/4.0 (compatible; MSIE 8.0; Win32)" 
8.248.231.230 - - [18/Apr/2016:00:42:41 -0700] "GET /cwi.css HTTP/1.1" 404 88 "http:///Documents/Ali.htm" "Mozilla/5.0 (Macintosh; Intel Mac OS X 10_8_5) AppleWebKit/537.36 (KHTML, like Gecko) Chrome/49.0.2623.110 Safari/537.36" 
49.200.153.54 - - [18/Apr/2016:00:42:42 -0700] "GET /Q?R=VIdrhSdnRnxlOE5xYzKnPqBRujW7N67gMoYgH5j6Zlc3lcYqEtb6WapQNNDezwCiSiuV5GffSdZHVKH2XHnMVywzQ2SaNym+12zwrE2Tc/BmmtU3yxoOVZOtS7kWGyAj5Grl7CVrn3ikhrl9bH5UnFi+yExqTHdPJZCxadAFHKhH7jZsw1O17+4eJbtXbrDx6LNZa8ixkelxMDDdW3wzEDHwAxFU98/wiV0Kv2HNLNlVxGpdvzvxMzmN2I248gCFcY5NQtnovV7N2fC7H1lEQimnKZIYeg1WgECnXGvnrlSENdToG1PNpsVybxzocHwj/q5RAtofTLz/gCpQnOb7a+pTCy1BML6o69yzcwR62JAlaAlL5K+t9t+rDADEKd1Vg4HOfuvwwHGxylcegBIBJmoV0ePntHBSH+W1QgF/CdJURXVhBrdk2PjkeqpmKWCo/Vl5crMYF5N6eDSWC7uzpc4NwhzE0XYpAYVDqV5Poh5BPbP2xyrRcEh6XYNuMjwdlEFNx0D5I4lsc7nWRMuimmPLp8QG1d8W76T+lSBrQ5zybus69YI1oQAAtA9JhqX/YLcoWIkx3/Hj16ZyQIxgT9QpcG2aAjpc3po/oKUtVCc+GcyFlSK3Syl/XNbicDHDNzUdSeWBXHJMX6A0qDTZN/dkwM2m68NNaBJwVqBu9HQD2MGG3zNxsowu0PyGJH/EchrP9LW376NYr1GpRaO1mISpbBvDSM3F7T/RbVM+nf26eiLU1GTTxSWJR8fxGQEEptBIx6BQhgGDxLNaMGdNppe5QVsZ0L9W/JCWpnwj4WHXhihf5blr8tD HTTP/1.1" 404 73 - "Mozilla/4.0 (compatible; MSIE 8.0; Win32)" 
49.200.153.54 - - [18/Apr/2016:00:42:43 -0700] "GET /r?N=JVV5gEJbsyHJZu3fcmzplEZ031uO7LSszEHyToZeDzoycNeCu5zQf4jT4RvcuDkw8bMc+J19EubWkvZHBLcKUmil8ummtGTf9oyb5D0ggbrwC4hTN4KYRKyDgyNDw5Ci9NmX+HGpIBQQ6zo1AOBcR0/QlZprUtQR6R630nCqRE+i9MlnMR646WBoceq9YJy9J3XGUv8SbZtqi/REHnEbqyXlALKzyzccjxbb2DfCSErjvANhPXGaWSH2SOiMzTPqYuLFsOle3R2DSFYfLYQqWXrg3b9LhI1md9LJGoGEKnFCcy5qfUIAZsWD8ddbWHzVAdFKaY5JEo6Scmw89mE9IgvV5TX/7Z0iJScKBreXDMArlaw/cieFQ3m+ajXekXk1N789xjWxIIgdwU6RhudAAz9z+3X1O6t3RpOnc9kPbeXvv66h0V/GklVPOHf4guiP4fM/lIh3s5y92kOrQDS/7STOn1CX2XSW/mOWphbO8o9zeLd1xOP9Xe6sIVSCaWIpPlEb9RIHW0bL/1RWlI/TGYqpZVJ29MY3DGXvALaL7YHp9kfYrg8VqvHc+A1PAKVPvM0KNYFkOTxunnMwEvZ+deJOKV3lbd8geGy65eJ8spP+bV4IOiScXEGRNAvrTL8fon5yMG7cVKvx7hW0u6DtdLS4YWvjlcx5A/gqlowcWtDMDgexDQtdh0VBdaq09h0ULIogbU1XQJpFD1bfmxFNryQ7lUbNy8nk33Y8aPJs9XrNp92ZjtCyCnJs8HyTTZznMwL0oW3LKIuPl6PAKcVVm4i7AtrESNbSM4OWaapepZgilgvsVfewnLKp0o10y+ HTTP/1.1" 404 73 - "Mozilla/4.0 (compatible; MSIE 8.0; Win32)" 
49.200.153.54 - - [18/Apr/2016:00:42:45 -0700] "GET /x?U=mxPwHHxMAZSbdx0iGtIVzscQ9Acj27I7dwj0JW9AB/F7ttcsNgN7gVQ4mlFrmi3PD72G6q5VngoUb82XzmtHm6h9ELgCXVy2Bos1yFKyBxl6yMTuUiHcX9eePRpOyEdFASt867uA3VcOPXeBaCfNuFGjJEtF9fZLBAzuRKvzLIS9OhjHfZW6db+J2G0vzyCWXKdfz5FEb6tErz+MEO3w7qca3QTWYrpN0kFomuSm0RcsyJJmkEmHnRaSGUlmjnOPJvtGkv4o7ZQXjFo+SRsdJ3LuZSiRcH71P1TkTaTGDN7mYQpMli+cdQ+7atAtvXcbqxS4IMZPKeK97xGxDt/9BXQXyIHzeTh09i9nlhgZXIlCt4yKe7psms9YyhvxCz+ForCNZej3k5wr6hhCXTQVdMPFYFDIHU+Hs+oJETC03v1TFM6ouz909jwDrk04qzJu8kdTIZYSv5Sjp6lwX2FfXi2avUNwItyAGJUY9LmY1wpDjkdt1Ug9vKyTJBaP7kqZjVo7T2j55TegeEDVaRjkPlFfJMBlIhhxE6B0P8CVg8hcN1jGfHEYeZnCJIdCn0fwTsEQkuC4cp9r8IqRYpPyuLJf2eUAbjv1mcyXj2579PkDyxm51Fh7Kxfk1kGyGuazocxu8W0U9B+lySFr2vPf4YlGI1wMe3lDZPdevM/t7h4V6k6gTTyqf6g2OHHdWVutXuQv+pqF5Uw8ZGntXDfwCLcdxBxZBRrigc/m3hva28U/VOiQodVxp2KCMUdFY04rz3nkq7iJLZtV7wBkvkFzbiawfLJSqfVH7RCKjJxtUd4eF/xkanSIhhKud4hwDeqOXaEDEG5ijnkSg7n+3UE1 HTTP/1.1" 404 73 - "Mozilla/4.0 (compatible; MSIE 8.0; Win32)" 
8.248.231.230 - - [18/Apr/2016:00:42:45 -0700] "GET /index.html HTTP/1.1" 404 88 "http:///Documents/Ali.htm" "Mozilla/5.0 (Macintosh; Intel Mac OS X 10_8_5) AppleWebKit/537.36 (KHTML, like Gecko) Chrome/49.0.2623.110 Safari/537.36" 
49.200.153.54 - - [18/Apr/2016:00:42:47 -0700] "GET /F?D=husPDKTbKNGgZ0T8C2YrgXKMf7jlub76NypY4i0An73pOSBFcbLfc0YRMtbDIctBcHxDqlt0QMFYrWFYSnYxDsiH7Z6TvbbSrHEdFSlqgv7+ySgNRcAqjk33VT8pPd8kwkyvOG1Fx+UOMSc26GoYq66Bau0dS0zMCYSs9Zbu4lT/jDbZTNxyRX5OlJEtNmoB0o7qdLVrLRRPYtVye71HttFDj34XQo7kQKk1eCWza5e0WNMNdaPMeSRFFyg/R1oVqsU6vDo1RbxPbxCv3lbIz2O8XsQG9YcTOYuD7IWoqi5MtqPPL8ERi8Xc+oz3hYvz5jsSnqxyqoMQ+l99pX+SQhvzGBBjwY5y1hkHI1Zxe+73CCrGzQPKn3A8DJxISsrrf020Q39KQHNW+/wQvK4GjWQgnqQIdpX9eeu31q7J32o6X7T3XGpqJpm0UwWjser7joR8FDkQG37BU+KI97TQXx361gToW0y8GEkvMKzYIMQVA72C0Kkv5NdveFTBbV1DMwh2tUkuX/F9b3OCKxRdwhJO51tyGs2gwvnLNEdpD6keDOggCmv1vrpgbby25evya7GKPJTXXkOaN0Y/2XpVvf8HKGmY6Zi07Y6badPTq4b/JS++g817MnlSHGoIMltNp3P+CnYY+kyDM2SBOwkCjkdwb+qFplSqmC+wWNB6aw+oIVvouWp73Z8kp1dLEvTCDceq8mW0eZr6N6Od5B6n52VCIVVn8xL0BfpZ/8AgTmU+zNUaBNaylWyCrWZJxN06RmsMYBDHzIoTH2+29uGGTpJW2no01kx/8R9W0UB2/n8TLmmSYo4Zm HTTP/1.1" 404 73 - "Mozilla/4.0 (compatible; MSIE 8.0; Win32)" 
49.200.153.54 - - [18/Apr/2016:00:42:49 -0700] "GET /C?l=26AEdSPKPdW0gZg0cbULoOtj2mc8dtN7FvODJNeTjdWS3KMkMAcTf717Q5rwaT/qRohlVPDV4A/AJXLQ7JWX+tkU5PRH/NzVIgqDUQpvgAxHioL26yWxlV8ol2N4S+/zVDsW/z0XyawyPln0LqwFaoFYq1h1UB4Zu8zAzZ4XpWDeGnxVOBp6AqBI9wZfWmsCzSa/WqBslSHb24m0csLsGWrnW4p3T6Z4CGnwNOemfSTE9qw2QITDdGu1x0lTA3Cxh7FLRSp2Fs6PAtbWBf81I9/eYFy73PHSe7f8ihxAjIoZJPEdM7FK6GBKAYhjohM8B9mZk8Am26ZWkpyIcXGRC1NAWXLKZ0bEXTb/IlGzhSdpCXIloY4sUjdhn6NC/jlxe4bqRWXs44c5MpAPRJTjpmrc0eb50x+R1H3n2cNk/92OVybBKJnURkBt1Z/pswE1ItLScGBcMsv+Ff/uLRszONwqDoteH5mf/G+PitsL5C+UBFrteeggmOFuedCBE4GY4MOh2nGHhx0dROC5YHolIheT5v4GDmJyPXOopahvd2vbyeTWE4hDCE6M0BtkrIUM3yGfRYpeqkhQe3eXHeebz55dj8Az21FzEtF3gmX7quDimOtKk/VP0MevjRGjAm//JKPDEuS4dfZ2w/Nwa5WHb3dhz55n/SWDHh3T3Jqk5Z5CXx8ENHJtOvdjIZ67DEpvJuQh1ZKLbQoR8m1ldVeZgP9rrYalnwV/L3Y5cDsFJ9h4grGTcBSOTBXZo4Xek1tNOtI7FeTzJqav3YMHGpy+3Gqa0LEJ5naXBbjDn8T6 HTTP/1.1" 404 73 - "Mozilla/4.0 (compatible; MSIE 8.0; Win32)" 
49.200.153.54 - - [18/Apr/2016:00:42:50 -0700] "GET /z?Q=i9lDy8vn3exkcdmEH+VDGJi7TGLI3bmp74D3jWbwAa5UIaiMxxA/c6eKtDX3dy+zBpX44hZ6RDxb5cylIsglldsiz+4nTfoHf+YWqikQ2ABtP6gyxBig5RySwy+CoHKnyS8jjjbMvXKRWAyQAyjmEG2z2jqQ5Y1XuLKwV7RRLI14If5441PMgzCNA6KqhX+964pLLYuAKiRUUbEaes20MXIQhZkWgrWt3vaF4L+/jSUTCgrBOyZf95TAbGuEtRXSc90r3QW7wUriAB0J0Xf218a4+myQNIvgnU0T4jFyq1CHtToQeSO1iEqVJWbpvikGxWcaPVCOY4Qx6h465/Nd4mrRLp8POGvNHTMafkxwbR3AcYyCdWWp7xQdS3LdZaw+y5qcPmr6BOK1/4dgDUBPsZe3X7rPffxP2euHvUJ42QPeLKo/bdfrQPvcYb5JHl24ruNfvCqYgoOzGvQJdvuiXkopTZF2gUtWvsbTyz5LTxrAp2f8kEosk+xsXrHq51HZYJ17MEhHkwkNZ2QT6lDd52LTjaBH1R/qZxdxjV0DXz/6Gr/92FKj0xpMr151xM2tingisA/LJCeHvz+WNBNDDXxHnd19sFHGf8IFWEzbiv1Z5cFzZAe7wJsWDQ/5uyjmoWC6ja4QQ+5BbIkmxSofPUKX8U0lnuRLV0stQMBR284wD7oghngAeybJ6CJceXIeMnAUuI/5oZ6ngbYCm5U5TZvZlBwoLzEvDVi3JJDF7/AqvLvKuQdBPmRck5i6yLQAVcaPfEyXnNBPutK4TRGmcHVy6owiYNl85jzasQUux1pq2+MFxWp1DVJCDFnyDEx3 HTTP/1.1" 404 73 - "Mozilla/4.0 (compatible; MSIE 8.0; Win32)" 
49.200.153.54 - - [18/Apr/2016:00:42:51 -0700] "GET /k?r=RDKViKqpcQwly5JEZ+Dh/ikVSlSbZkLG17USwZLmiI7+8FZSGZQUhkcW2BEnmQ4u2Nye0QIO5WYGDOGcvnks9rD2t3uGVbrxVeSHbn3/3Bfzq6GJRMIN0ahcj4dyh8w7yJk/9v2CXRqQaDpzcVhnydsiGzEiI4aiSwSrSY5X+1n6Z5QaiBxSDTC75KCXXpJ5skfP1nbYb+ug7zK0gJhKEyId3mIMUZ5So7qbgbCzNCjXoDP7bC2+sZ7Sp6caodecWSc0nQyT5wNHw3XYNcfLDEvFV2VFlNsxfCSUwng38XsEFFHE5Pqh5373cxVD0FuKxwP1uLtcQZM1aeiJJTYD06cttDMDKMOvPCyyK+Cin7JuXKAXbrW6zoqkVRpJXkoeJYGLaQPJkB5H0QNscn5NGhKkXGiX0nDlJ8cbyweD56tswi0gJrNgTUHet0tlafrjYCOVWlhr5Nn17C/z3aaEYQdkCTa6XRFBKoqGqBAvkj5+WwmfjsPKGT4prPgAIUh+Q2QQrqy7LfLtWH1GukbHH1ytBWYttPtZ+vSl3EFiEy64te9BhzPNeW4BScMmDVeThu50DgUBp+LJxx0RClDsApbALbnzJn+b4aVXXHrwqVqPCVMJ5mlMBddwczUlRpzuglOfImzBWgkgnKxZihx+mjBSOaoZ62k9tQUiaFOdUWEyFNoD4IIloSo4qNuysU1XZlJtmjMSfkFGX0WyT6qf0pH2oh0iQZ2h8UUP99SiHxXXcpimk0LrbCI6OK+OYF9p7rBgULRkeI4ibhUsAWMt/HWiGiEd2c8+I+F7kB7T1nXwn6mdLInQIX HTTP/1.1" 404 73 - "Mozilla/4.0 (compatible; MSIE 8.0; Win32)" 
49.200.153.54 - - [18/Apr/2016:00:42:56 -0700] "GET /O?R=UzarrdQfPE70Xm6Dho1574U8NmjccZhsJ+J7PQhOgbuM99z/rC/9jCBVMncrA5ydh3ext7gsgBo+jDTdJHDaYaxnquHtZmfHNcSDEbD4tG3H7vE90UrA0L4iaHiv0Rxv2g65CyaAEtaLIGPgL6TSIZeUSMOXudUIybMTm8DVvZ4xiKyHELtuVaeDjT84KPsrMk93Zy8Van8IXL3lebureIXuJ6VXT9VJr8R43+x2wYe1kFH4/OXHA9DJDXqEynbXaNeaieBOTqI1by4GfayFF0/Sy5HEAJJFXx9r2k1zKwS7Q1GcAPwLGPZqVgtfglbbHax9wSZ66Oq7RQaSVaR010w4WNQgRlXIlYyhJDlmFYnZTtHTG04tfR15Dot2BAituyv6NmigJvtBN0i2v+EqGmWA8KxF1CU78L/PtzIGt6tgBz8igVUjPfqNbYhCz2f3dJBRFEiPzub5zKmqUQevdLOuNmldR54Z7BprtBJ7SDR/LxDjuU2jDmIj7QGhI4/XjWiNGLieDsjXVddEAKFTXlAyWC9j8OcinH6nA5ABQALXm1QkfvSPsGyNkeDDJeGtCGSSBqOb4wTJ0XVCm5UGWh2WZeJ+bnuo/oKSmGVcMUKmtGTLtG5THtjYMDzKgla/GhIwf4d6swlmaQZ5OPNAEF0UX3+vNEGJ5Tco44P8qL0F1wXEuH9UFCgRcWuTyv7iCXqOMTHyCnSmGkYTvQ27K5pLKQKP1u0+i1AqodM35ZtXvXL/7vxA0rhFANZwEuagLaKiH+/jMTBrCy9lPUDWm1d6HSfFi2EGQOC5Pw4KItDIhwVd43iVhO88QSa1/22+agLiFkIbZ+8v HTTP/1.1" 404 73 - "Mozilla/4.0 (compatible; MSIE 8.0; Win32)" 
49.200.153.54 - - [18/Apr/2016:00:43:08 -0700] "GET /h?s=0bq6IrFGRKqhDXbSl327Y96GIadJzfuzZyQtY7YiOXga+I3ahX+r+Cv2oktNt1cczpuIxah9I4OTkvOxYFQhbXvPDz1mQpZNxCFG4a5bstfU4KlORJZH+4WAZaovdxm0eeehkQIRyl2S3cOyPORcXxjO14LQmkbzoZC/DXOYPut2y+YWJc6pc4b4px/gWEhmL4qJFsnMHuE0jR6QWB4c2QE81LUC37tD3C0UYFBA3TTvAAF+dqMeus/YBY8DSoYISmls3xc78EShQk2z6kKc8frpOgbYGZ4PDUXZuC4Xzy3AK6Til93pbGfX/wKZN6QQt+cKMWuZicpUCRKAr6+T5kUxwcR7di4VNIfwUw0EXTEaahjH5dSFbP7Lanae+jUof4nXjfZwRAw6tpgoC2H3qL41h7Lv1jT0AUZIAXUQih2WbAG9HX5Spf+qre7nsCj6U+exPjgcACpxXqcI0nT1d6E0IorZnSu3tSD2zM1s506RY7SeLKODCO9UVTFoO0tsueS69E1SLP39iZ22EUIx9OeFVKVqJOogY7G5+g6lbSlaR9xdjjgK5HgubsevZjBcSNFobxvn5CZDXa9XbOcJvcqFK0XjFZCMVkSzR6fBIG9P30JmEhH8sP/SI/WHkl6MKbSKVsYvxiFecL1GM7qjxq7SsfphgLtubxVBmL4t/Vc78t+M2cQlB7SGpU9NWMssWHz01oF2NZ94LfLTJMEQucm4t0pFRe9jbRY+FcOPQuMkaWYvVuwBEdp+FBpcnl0b46YizunLhC+mJDZT4xpgIqsWtvSwX2rOhSajNDB11YU HTTP/1.1" 404 73 - "Mozilla/4.0 (compatible; MSIE 8.0; Win32)" 
49.200.153.54 - - [18/Apr/2016:00:43:10 -0700] "GET /Q?c=HyP3vVMDsAB4IJrZxgL18/Mqmo4Ic+c1KW+z4J78R/PibO/44B/S/LNYyacl9yVzca+ea2xh8z0ez6SuWJwoU6t6NpEDmLM0AGVt0Z7S0p86xVg/mKGj4SpHKB0xSfdu2ogrta+NwToemKqhKzrAyXAqhBJNOwtc+fvSNe5Hsg0mMKhZecywcwAOgoPU2slGDwvBgDcLVmv4NacUgIDj6mB1EoV0qUxsv9upbvyx6ehieARaDXeGz02pItf0Oybhe/WeAyim0ShoYJ7DLa8Kpi5On4posfex1BwnTseQhQCeN4rKzF4yLPUZmaxVPyoS9FAYF6l6zz2ACcvJfIZyNt5vGh1Sr2iJLieHQ6vC7RWdZ2ug1dK3GTsVLcLT9e21Q4Iu88hSWAhmsYEArx9NQci92Z/idFDofXpxVKLJKcWIx6SbFuEi8pnlg7jiPzg7dDK3Yw67FzFuyNjAEk67ZGDIQOF/+jc9cYypA1tp3oo1t9IERR5A37UtOsT9gvQddIyyOZ3uyjEKdzvMckHDZpNivRb5+OuwF/SPMOYP2o8574oJ9N9rBzQ8/dDwEMkM/K7xPFtOmCRj2iPulpfY+JU+ZryaNQNrKGV91LBCGwUyv3LGJrwFKsDeAuidQG3tezNkHPPb9DXvJ8pN2/foUCnLW+HQgqMx6mLEMIsPW6kb+TE3ls+LJ1g8DZ8RhCdTGzbeEBncx+OgQ0ScROAbj427Fq4DZehGXBpEGS7WXU5zmfJDf97ERzT+sMqmkr85KuQKUeDL1viGFF4f7+P/5NudPm03+NrD HTTP/1.1" 404 73 - "Mozilla/4.0 (compatible; MSIE 8.0; Win32)" 
49.200.153.54 - - [18/Apr/2016:00:43:16 -0700] "GET /v?Q=CxUsgTQHMTx8VGibve45h1CxR4miSMNkFsZMCwI7POchxkYSHf/+F4MHWgT8pKRK/NcK0FUjnSDciWZjfExTgaUIz4Fac0Dn62WiCpY49e1gXCZ0dyEhLfPs2ziHGJOdGUS3oZLpwij84TXmnpvAE4/R+yJdlcAnb+TM5WHogdfERTCGEvEabe7pyx6uz72o/VL8Ev3EfJsaU4QTiOKjvu9y74xLwm8CKsLdfc5qHWMcd5hrYZRWnvE6l1k/DF7xsKUDhGySQ8k4cXAXPFpvOUzrSzQUTQ6s1TLq5OUfYqOxZD4iAFbuQkBk815+2UOotDoZJ0WZIYo/SUmU5zEAUIjP6qPZcPrCIXHXXgGOTJrk38bdiG0FqygCtJBrA2lyDoM++BH8809QTfDTNd9zU/xGY11XXF1U9jofJM9yTV2msW5Qi0YYvPlp2VypuNh6cZSnMH3f2gDYK3GceO123Y31derqCRzTtoQLpw3uM2JrJt1B4sMwbpNgkVNmzFoRPv4O+dxG8uOzcpvM5RTHFIwPuvbXaCfIm53F+a6rw7hHNgK0Tzk6sQ8O1kupisGMducVOhYpuKbKwGSILmgO3qJMHUnv548EXDrFv7xibvfeauf1LFrn+lsBEOMFT7dAekSOj0yYhTwWuWUMQHBqL1XPRN5roP9cF0YMUevdnokijp8kbc9Qc4pvJk7rUx4GHUrVl2PiyOW8e6+3mgWnP+XQqJA5SvGxlQMBvXR2g7eYIsK0usaoPTfbZYYa5pYDwfunn2napTdBN5lSs6VDddLE7+/0/m8q/ HTTP/1.1" 404 73 - "Mozilla/4.0 (compatible; MSIE 8.0; Win32)" 
49.200.153.54 - - [18/Apr/2016:00:43:18 -0700] "GET /Q?Y=WzLtwecNuY0/8mNK+e3HE0QWkDycBpPJvDmbvESf7j4vRk288ZhJOeIoXvWNr68N3qqCcoMqEMDSgQiOoverF7gPhwv9Vr14ZDhnhd7YWrcwlnx4ikflcwjXjgv9ZoXHlo14MqHCOXnaObze43wxE6ufEQ5piSynVzqUX0mSx0r9WNUObHsleyBDXwktnZyhQOwaM2FGWXut3ifhXKOvHYrBibD1UTCdXx4oTjNEbB22R1jlcj+HHBDNEkiVexFeqT8yHeVXpJziUgoYIn9w53hPy3mcxdiJweZAKv4jCdJByZaQP8fKV1vHytjfC6qQUFcR6WlSljT3U7nbNABZf9yQUFwtgzQSnYVvsMOvIio6owp1Ra4XxB06HryxshFDZnb9cuvBisIN3bWxG7kk/bR/PpZbxomcZaui9aHUMO8rEAYv19o3zSmNG2vPMCGOV4wQIGV8qNSEnQMA8gqBCQFZz/B/aGoO7eJ2Al+hqjxIB0bBaFheY19SX4KJi087+sqQEYPm3N1m/wTEr3sRrDETAcPq//sqC9bxT5Uhdi/ioVjfFiyPQQFYT2Fi1r2eu8V0Lw9oJWlZe7hS+OzF83BHsGi60SjKfSGr0FvS2R4Gwlk1e0lLJcteK2neeRKqt+Phegeu/PpERl7jzpZhBGct7oknQ8e+E8ApR+USecp9cgB0OJMpuddVG8AmxZDpSHucxByi2KnmzIBLl4r+F5HcyjDKKOLja92n/zcaPNfLQSJE+gGxT6C20IbwGKJDlps/JW6i/7QAOYwYwRARLKZ9PiAf6mJJGcyPDQXIDozj233gidyx HTTP/1.1" 404 73 - "Mozilla/4.0 (compatible; MSIE 8.0; Win32)" 
49.200.153.54 - - [18/Apr/2016:00:43:19 -0700] "GET /l?A=8bwS1HVgunFnrc8rLQS/PensYJDr62c4TeCEd5uah79pzjckGRFaShxiz71FhF0tgtNqL9cuMYdpr3iJmMj5l3qrb4MpmD0eEPjvDlNInJk03dCBVFonGmjQr2C7mGj9DMCHG+ID9LRKSVnMLJxNra92zjRCyWvlvw8y9vKZ5RxESaMO1i21GgW53c8pdsLyf+NSyAYBShBJD3z00ClTJiyEYIysf1USLfe+h4yO1tLMOMWzxNeYmiDIQWgAkGXiS8jdc2yhBK3PoCBvAf6BkgqWn3uYOXoUuES9gz8Wu9fKwY5E480OCRQs27cBNf3qtSXU0ET3HqLAdCz4OModGKYIqw9sq5JEyUfQ6h3n7EEvy1KRHBGWd8IEU0bvovV7v2iYVb7lULheDE0uzYALjCEw7hL3pFH1uZlm+rxlEoDww6k5xaot/WdHqDSXIuffckgjol+F4A0iaj+iSwPaoRPyqTq4XxM0HgPf6r7aOpumtMvd0m1mu0FLKmoK7PR/88LVAPlmXV/NxHui6eRSJO4mVyYPdUrE0wHCbJecnD2zIXu8wmKMGqydtyrgixiUgSzdFeiKLPSTJAgfyHBVwPbZQ6qSzI4lfWw0+ECngiRmDpyVrYKoh4HZTvClMSSJd70vWiCul7BrMSD0aG/RXUY1Ej0YLSycs/s75bjTUSUu5wPL3Nld5BXzpYUTyZq0gpe6oVxYzFLX2vFLuC7iV0pMN75IEAJgNLIrL/YHBDvwmsAJ82ZR4NAkCwaxA0Rz7xFJl3v4NI2VnA5yFaQCC5j0xMu9B0GY HTTP/1.1" 404 73 - "Mozilla/4.0 (compatible; MSIE 8.0; Win32)" 
49.200.153.54 - - [18/Apr/2016:00:43:22 -0700] "GET /y?I=B7gmpTMx9jarp+CwvI505OCZbDySLCUEYmVDlIQ8857un+xzpjeCi43U/zIsHUc5JQbw1d/Tc6zmOfjkXBNF/DFTeYOxMGIkQZHM7HcDWGLBCkPMoRfCdPa63vAEzSZn8u6nFtuH7x4XphVChBCDk38WCXw9LKihkJULwA/Yy5ZMH0a5SiBmi3HhzjjH44Bf+s8XArPab+yc+TAOT+wKcwPBqdfecqm8U9fpY1+naSW6a3X1lf9spxfZKaLx5WCPRpp9zepgz/qMMITRxxq/NNTzLCxG3Bus9JONn+s/bNkFT7+gbUtAUh0U2XGwgkNxK1/14ek1i4C43BZkxRprnrPipP7E3s8Xq+12kSmvrlgvlo1xP2WwEUJNKV3hojni1B+vfltNQ1hzRYkt6wMjsmSx5JRwzH0fiQNAhO99cG5wFyTfe/nNnVbpvlvOJ7foIkeviNCsIkoZJiDKUmVrt+ThWqCs1BujDULvVnmfssyyXZozvP2vkUeOo6lO6cMcfeqxji7lCXoYcqsL5dNDAZUXV7llZW7Px7eA2ffL53Vu0GE/3MPQbF0uCrfHE0M92lXx7gj0xfcacuGJdvHB78U4I6Ny8Dty+xuSDRTK0nH4+5J1/RdolTo7Wc5U+rKqUspBZzGaP10Qcq3KlrUkEBzMNNihgQFxdRVs2u7nOrvjXux8G2nOexbHKafTwMsibZFdaeUn3snabGBgf4LyeFkWBEvB0VOGviAbDMEeje1xsP7o4ylANgfM+6EwkSO0tWL792Qr/vq+CReW9QIFmE3kDld9etcwNz9VDz4Ai4bqsFxI119M4fkDMi8f HTTP/1.1" 404 73 - "Mozilla/4.0 (compatible; MSIE 8.0; Win32)" 
49.200.153.54 - - [18/Apr/2016:00:43:25 -0700] "GET /M?X=Vc2XnaNM/jOUTjE89BuoKQOQ690ZX+4wq2GEMYqnsCr7aINk4TgN5r/7v3iadXbSkc9O7cG+6Jc7pq10DFlF9wIQdqyxu9O9cj4u4nE1cQDTqzxLdOFk5FqXBOELSaCOR+zIhyppft4HTVMCoB2Lv0ovPzMgY8OomIvbol7kLEo0SynrhCVumuXJBgyo5Shh0Dbaw/Lvo852jCrIyzzTnaev2mN+bkGqLQtjf50uS3W8VL4Dt/YNwoeYfjI+OnF1aYxwMPjp1LNBJ3jiaedzCAFWn6uh0uWpEKxB1fnFfAlDigUtm1S67oyv7656PJ+XfQUnAA9FkQtyzTFl6i5pb/N3naURe/6iz8VLH7ni72zMcyZQXP3Bqw9Gt0JucgVja/7Ib22ZQSDYYyc40VVKtCdukC3DwAsz0lemja+zd2Y5Yyv8pHjTjix7YA0Km+EQPM5NHCeSB4InBYF7PCKg/w574W/lZs1J2jj5dhWf7GGB8ObDHkL4mizsIg/92fgGzJ265+rbRLvpRVsMlA6e6ZSjVaSEp52T5PmhehOumoAPuvAHgb2cZPnIhF124ajCQvrJFr8+KVp3kou8GJRp8iG1U2Z5KK+CxOzg3Edug5VoRFUslCSsXIa6HGHz+3Hf0NOApvl6iiuPD4CNa49ztkpyJK8rhyIzU0QhNiScVMt5XFKhz9IGlcLGu2nQkKABCkq8+cXX1SwEf69s/UGZxI44XpUufR4Zz7Od9dneH+CayBs649YEU0Dt82m/PObPH9N1doIsbWoJzu7QAFchSKC3RZNXO9BsWtQJV42mCf749V7TPMzuyGmaKRThPeNLQUG0UWruayWBbZZ6/gsOOt HTTP/1.1" 404 73 - "Mozilla/4.0 (compatible; MSIE 8.0; Win32)" 
49.200.153.54 - - [18/Apr/2016:00:43:26 -0700] "GET /h?z=R6A3D/8f/mAfsYGPka2hbgP6JB+yLDVdOBMWY4hLM51C71V47d1xqrv6xf4+Rx4blw3dWZ0pdIaFcytq1opVKjSTD3YRCvCN5F57dcpktjxOOD+sD1vriqBzuUqULhKw3RvTyoovDYnLlwjHO+4+AYPp82+gXISzYS2xr8RBQM41belkHNy/wv5b7Nh1pHjZO4Be4hS6ZVdItZ/I16QARoyremcMz3cCtJqg0yyelczbYdCkPs2Fi48yXNLaqC8oFoVgMssW3kfGPYIDjfIpxzlu+0HN7u8F8zsP9IBlrkBPTUJr0S+gcdKpcwtViqeRj838e0WoqnXw/zkGkJMa/OMIRAgF+mL1eTbOSudL2zw1lNO6wzRDriAWqluIlQrFw1WbKR2IL+Z4ZgdhxlBnpwGtsO80NjBQZWjxyJLI5iWlhilqepzR1aVJ3dpxpuhil56h1wlCaQdqFSavaoczhiJDYAAErWrx/qZDs0TbtQdUB3DA+hmAr/CdloyvGkCEbensdakdCU9LMa2uU2YjzqXsKTatuMpoVceGMFZwxRC/wsNLzVgAIKfOD/QpImntTZVd6MRv/hCA9qrr5NIOzVgaGUV+m5MAO7bjdJYdRHEIqEi921yCOisnCn+M+yuw3Y/OxJqs25jhBK1Jl99UFRqbuf7BDHFkVBkPsnbLSlw9+WQG8wnUhgGMQrQLe0QF1Q0rAH8TH2CjLq9MLpYN2fadZsBNBHfsGOPHJxLZ13a8obHC58T4w4CqzDPO1AvSG0xdcA3D7etH7bYGd5+TQtz7F15x3sVLBfxo8MTWjUPqHjT7QOJqcOnlkr6U HTTP/1.1" 404 73 - "Mozilla/4.0 (compatible; MSIE 8.0; Win32)" 
49.200.153.54 - - [18/Apr/2016:00:43:28 -0700] "GET /v?B=ga50ws/8haS4G5Grq1jfJhzqV1qpVqoF191hwdovvmg1H7l4CMP5P9JnvZPR5GQgeNhgMsWCvUsoYzcYXpCYMQdVJ8JrUMD7TMqS/xg9q+Ke1QUUDV2PsdQXFZUwMAOLnoq1wL5KtmuhYDvFs+iHCdyI+FuV7ZQuvRXfa3c9QHf9I4ZA6AkluhAyom5atw8PIhhmgpRcM9qNajcIzMB1v2ds6sGNyEn3vDknQJgSkxEo8vR0HCillBQq7y1KNW7lcFs6V3B8z/jWc8BB9ajabe/baGUIyathJwFdJy0bSxRMKYIn7fb2e6chP5zuk/Cb48GC8VQIhjlR/3qsipHBAYuZJkuYPsuqR18jvGmphFM81W33Wd+LWfCnlsPRk7X82dKUaWrq9V5nYdFPg5XURioBSYiMqRivhQCQX472cjwXmGWGcJKMSJLViEXDhNJo3SQPKPOJYKLdUABqcTRxiZYIyOfDOkheEpkadtrLmJDvRCJCo/bzjyX70jT6pIgYYPylHwbQ9Ex64IL54E+6jUzAUPGmhn70nW3ZTECGFXyesQeYeq74MaeHgy2yKpOsGvcAA5ZUeplWF85wrAl1rn5fzkqziViRjpE2g2pe80qjN6+BS+cL+gmBrvvZuHfLEqQlR0J9lHLe+n2lFoKiD4kEJR34NXmpEg5OA6GWvAq/BY+lL5JziSrDK/Zywp9BG3DOFQSDCGBDKM8DyFrft18+HIBBvU0bzK4JsyBaGgv6fqIKiJSyCwdO+ilBpLeKLfXB3RWCb2ljBpYeMKRb9Xy5me/qaN2JgX2qUZkUNw1EeVn6km/q99jSIQb3wyV/ HTTP/1.1" 404 73 - "Mozilla/4.0 (compatible; MSIE 8.0; Win32)" 
49.200.153.54 - - [18/Apr/2016:00:43:31 -0700] "GET /x?v=hJGmW0MifJpBEVacz7WBdGJMwPkzlu69qofJxY6VmRwcPn7bA4NIhVCszBF26lrSMTueWlUScEX58iRucTUGkkV1Dh6ujnWhe899UWaJKTJX6u62ivMDWEaCCm2OHhCm9roNsLImtFH7LSgTDmalZCBHO+JjMG34v3Xt7ZKS4ArOWOvR4PcLZNYOgOssy3oO7ppQV3xFpYmkwA6k3lGRYPlH14e9E49/VKyOI+OB5tK5VwPQd8/V7yPcI4ya65ELsE/ZJ7rDnW9E4iF7Rt+pHJHhh8szoy2DK9hPfyfNPLjgTFGrfNADsNt5mU00vvfmf3CHUjSwjPYqiarTaNYfMXd17nSHPUTHy5fB7b/Rpl3zZqr4i2ljT5Lvhxgsg9GqTQ2/PNPDyh2yRl9l2lB5tVe1Bc2Mh7kLU/nJChWGb6CqJ6RWJlK/NSafmeTry4RkF8C2Ldy+nNQCbzeEgGGN5msn3AN/gRszWpJ5jIfkYeYirIzt+5IGgOlT+jxUl0OB/Os+NP10UAsz9ceR5Xad4TO5x5RZl8MCuZQi1Nj8eJnudAv/7cY79xKre9DkQNKhvi3o9YhEcWrEBS/q0OHoxClw3qZuJcjmCkvRGrtIs3fjs3gDn96hxr7rpSM2SoIcWuUVk2mJfhOg8FEgfE12mv+jehj/gW674bnUDgcP3UG8fDWk/Yiji55SAXipSXOyWdt2onUyQon91gCfmNu/kcoAxjfFJ40a+/86GY30tHsXSSxG57D/uMLbHjz0BvUoi8QNU5jtdib4C126O0v3gp0Pkn3FbAjGiP/b4ZO1 HTTP/1.1" 404 73 - "Mozilla/4.0 (compatible; MSIE 8.0; Win32)" 
49.200.153.54 - - [18/Apr/2016:00:43:33 -0700] "GET /z?O=063o4hnIesMW3aJtueqa2/zdJb3Ssu8q6xcoj2WyIn2kieT7GFwG3JleNguOE37y+OAU1TqyG7qXrLPGKecVagPmzUuo7uSoVF8UXgQpX5lDV+LEKnbtXMD9cIHyBDJLCF8wuTqcbubRMKg2YZXHWa97vAUHC7mPmuK9OvaHnmnC+CS9l0wrHKZRG+CE1eNuUy6HVga0nuS+qO4KjzkFVfj2mIziwbN2HMLdSrALyaT+devaAmRKUMepArn8mTslBYCZDNBUU4O+Hmvm0XzBcHeN10GFnZY9qIMlNW0HyWWeEC4xXf5EkgZ38mx7Ov4B/CEsyRlS7+zL2ardaHOgJn5hUeBEJ8Fj+rX62tBvMvvwV8Bo43RVvGCDrieXcDtm69rWJi2EJIoLINOqzUgXBwUoZv/YHz5zKa2pUo/RYjppkKNBR5E50mYQUWnhqdNsoOfTsuo9l97feNGDonAAnwURmvSMdviz1znZKgznb+obNrB/M9GKV7KVoOWRnFuIYxtlNWogsGBj3Nz/rIE8dH0+2JeouLAPILYRc+BHHYvOgN22QPTcgggzAq1mK5/N3/jy9JOJgNCZaox4YfI1G0j630sd2vPWUSF/7ZWUJ31RCmUTFQo3GEaXya/GCF4tBtfp3L4Ud+rROdfqe4W9IJ+SiB/4EPCCcVq0/gRVo6x8gsYwfxLKgvYdAZJFsxn5HT5wvp8N1QA6GAPcgQGZrQKk1z/0Kf2ZWXwc+Ko6WCZCeX9dU+t7FnZ84C+EHHUwx3R6q8NWs5XFMfKZPWD0oT996I1pWkWBtfo1/49824I7g HTTP/1.1" 404 73 - "Mozilla/4.0 (compatible; MSIE 8.0; Win32)" 
49.200.153.54 - - [18/Apr/2016:00:43:35 -0700] "GET /R?h=zeKVjG9MJVNGZk5z7CetlTm5bJfQpBTvfYi5FUiJ5vu5gQhF70VKKgMFXrRgI9K5YeJsTLIfPgyfLyxyFlD5cnKaBedMkYByII1GaoGWehtX5qoknvzkdTmcdDZsKlTMdARqN95kgDHnaqF+cF+hAY9xelh614nHwxQGoHMi/IZRuBQoAYKSlrfGxLeUOdKTiGHelpyyjSINqpZMt7iNicFaq7YicSoBz+OnAfCVcuRGx9yGMjgA4H/j5Ux+QNu/gjjPQqAkDI8AHiXjg70tnZ15b1YR213UAzS17RVADEF5Jjv7Yt0sNPfYP5yvKWh+BIPlQ/qLBZjNaltthWUroVjCJ3S/ExrA/G/id57iTD0TlQcvtF5hB544JrNFTug6jL2rQGOzEYUDPhmMuPalBxQolEJ9fv9IUCHYI2Q+MsmGx45QmjuOdltZlPOVOiNKZaI7GqfUYrCv+fQztJ5DOiuEPoYOcmCyzaohVli1DPqcYltyzPpbWEm7jn8/J8cDBEAxqM+IZULLLwu8mubLIs1eSCKEMQYcXmWdHpZWa7EE4k+UZFzZAdS94mNBnYi8fYNitF3MavNgG3r9lmuIxYBTw/4+pWUV3N+8QRrMWf06JTpeU6xuBOAmHm992n89qCynJ2JeIZShdy1ZAZOFbIlDafJ2I8PqGc7G/fKiVWLWS2DZKBaniSdeJMMDzZvfQ8NWQ59oIT3Glgd9LmBSLDxKvT5qntATtZAJNOpEzJlIRJDXx03hMkI7yEjoSwtD0PYU5mhYPK2FEgReEPAUS4EchwZJWX0u4vzliTFiR6IOEQBIv87I07shdKmLHy9VY0GDDe/zX8HpPy HTTP/1.1" 404 73 - "Mozilla/4.0 (compatible; MSIE 8.0; Win32)" 
49.200.153.54 - - [18/Apr/2016:00:43:37 -0700] "GET /w?N=qlrjhRU3k/l3BdJ2XyCclIOjqsCzA11TSpTOgkZs4r9q4aO/P7+VlMhA2F6Ab2811nD0mfA9thWMwp24Dji8fccEPszLUQM+0RBMldpYo7LA3BZFr+ODo9+lTqx8D41TXErxt6z1i9zGuLKtRWmcNUk59YRLJp4OfSEHGD0e156liU8B+PCtj6nvk9w4fggVcWW9SJk7Sc+yhpFK6MyYN1vm2JzPRpWIwSBzuR4gjQQYKhogVejuyRsjzmAdQiEyJmqFau31RON1xbKGWDXGORnhNL9y4fNqFfzQwITf5ZdzSdHDm68bflSCVp9Y7CxVX+veh/hvBZ9j0xjmYG5G3fWyHOMdnJiOcgX7hNGdRJmGR2fqry8dwNGoMd5ekAID8n5pwWbOOSWCPCo0nojDvJW52gkvzLadLmTKS4ZHz/K1xlvO5jKF9GgzzGOZGEjfIeh+IpBEhWtcNU2WAWYgv18zdUnguKd3LSc6Ow51NYdJ3J8akYk2zJygT6gxzPYBOl0b27Y6p3wUmbGI9E6kNsmgxeZaLEB6Hd6NrPENqWCA54qFACQJAa0hFARXdyKqOOXcIdYaquG/fMD8qknM2bJs9SanRAAFLikA5VsPCzLrHeJUI1x0jyU4gw0kDqSMn7OS+RYgbQ43Ozx45wDNngtnRAQES5ZR3A+RjQg6C7hHabTo6nGXUE7u7olnLGMs9b8tez8hke5M2xrg6CVzCN6sgn9dugNS9jDH6Bc6y/gcdGYR9FWRzyAGBmtm8PDMno2LcxBMXJAUhTvhfojxOhHq+VGoVDfRYtVeXgnpPBkwwI8MUUx9ZQGuqo/y/mtTd HTTP/1.1" 404 73 - "Mozilla/4.0 (compatible; MSIE 8.0; Win32)" 
49.200.153.54 - - [18/Apr/2016:00:43:39 -0700] "GET /M?e=/WKi9FiP5NQT34afriwvBtqyv3ufJh5JZCaATtXW656sGLO3+F70lCSZ9o5rtsOznzdSw39VGesLrQDaSnDWmuO7csygfE4pbLUFxiKGjp7KWoNaVnGSHiVxnBKHrOuDPN8kF4YZ0JhI40o9smiGd+nLI1LiDE5vbOzSWDdHHibijPFYHWHoetNaZJ2cummJj/TPLwDpbf1DQA3VyPrLeLWtLEQjlPpoc9W1abdlzpyzkP6jUwAtWkOfBJyEQl4+wMx27A7ahZ62NWeJA/7GP3OMoUhknwdSkChjbQ5GXv+K3CtCSpDWMGiD4b10cSBpjtaG1EkoLPD8b40wit3uwx8uy+Jg5tpHx/DGfzUApb2aKtt+hawuh6mYtkqhLgwU1vc9/vpjKaQc7bjug+VWLnDMavOMZ5MuWyqmbhsY7AG1YXUpdp07LuZx/m8h5/8rcz7xW86BaiFqcCiMPo8qaG/K/u2RyRd/TIp+3mElz/3DvibOPM4A8PsBsNZ6om2ojOkJTX5tyGMZzY5QyYqptsh9U6x4psJxHKwG/zZpv+G+sOLxOIolRFLxomefzHOwWv7d0+3VBSw/MLjF7MygBxZ9U8HNHt/Ug3tWpVMD6vOY5nwGKZYeIa6/7DOLjbWRyRuKmvrke+bRxoDHOU5SO/x7yzax87Zf30LjNQ1w0Wrw0NE1DbiFaUUUG+8h3BvaLKREcfACh49NEMSvU6QpnCWfo+IP91aXzytgvogP9BgyTWWQH86L35Y5GRVcKiAB1FR9by09pV60/E1DTsf8cx6OaV0BOhcMxWoWfiz2SpmFt6Xjt HTTP/1.1" 404 73 - "Mozilla/4.0 (compatible; MSIE 8.0; Win32)" 
49.200.153.54 - - [18/Apr/2016:00:43:41 -0700] "GET /h?G=jzXT+rRdHO6LT1NoLwH26M9OpujdOIMBmGjT2uXa22WI2eI+7Ir7yXyu/FK+Mgq+ec1l+rNRhZavlw4HRNT5KM0KvGc+bzrQET0TGvFHxd7w9W1HvZBElTuO4bxbS+ang3DBVLH/MoCm93BCOn4YNYNfL+vHP+M07yq2FlJZvaOH4HmfENzosIiT6Asb4UrzWagHdc0lijRJ8txeDQkDDycVt+Hr4/Ey8uXo07DVioAZ1xhmFGGCxsTgQU4jakopyXlwezQvSXBUVejcPO/TForKqdhiKnIF5FthjmhAdxmc96JTwmlCIRJBAACe/ISIW7q6DDELMAt0iImW3xS1YiNRmlyaZOt/HacnPvFhXjyh4bqr5NclSwVD0OhdIyWIuQNTXpNjP8/F5TVh+gy7y0wi3oGzfNcRBHiUGT74fI3169YN3Jmt1DAnq9bkP6VhkMaGn0WmwErM6T17XC3h+HslD5AbZcsGkJQdQxQWY/tjzrgR1FIFJx3+MNJ2A2pEm7UzYYUVGmpl5sJnZ5wwVK8nYGAJHIInPOmjO5t2uligCLSfKcQeFufPgSNCXxobMtfym5GqkMa9aFoTVyXUeFDMvDPKycCM3Z4ZlJBspvHErzZ67Vy8ISAq6z9wN+0Wf5kbXG8vQt11aimFnq6cKCTjaI4f8+kseCpCSXuAL0dSV/jW3c41qtgxfiOrvyZAHqmkAvMs+R3Cuc2Cp38ZyzLbfcXgudph9E20rEOPlkBfv220w7dFcVgkjc502OBcCOePfM0Gd/el7WEu/SkuEnQU63mKXXmqMokv4IH5JzBYSHFIVxD8eqc8v+4KMhmZjgilEqcpwHYbC5DXqeU HTTP/1.1" 404 73 - "Mozilla/4.0 (compatible; MSIE 8.0; Win32)" 
49.200.153.54 - - [18/Apr/2016:00:43:42 -0700] "GET /Z?z=Sb2yNcdJ7fIAtUgG+reP67BPLSfd/Ea4Nbh3acbbQ20cAe4unmV/7//2Q/b+4iR9Mv7qNzifPOfeoXyExHKHBV3ub1gccwLFfDGJTAeOwyL50z/q+BEU2LbgSvHo9TgyVEGhpDZbcMoervJjBUGEeKFZg3OvpVtUdVSWA79jQ+Wzi2yHYMbklrBEOcAEq36rje+m8Q93UZTYZLha6lIXLRf0P/ybMu3YarDB/68dCZbNTemZVIFxxzv4/A21eUOQvQzsVbyzzAMl58qrt7FZCc+/lKbuWsK4aNafGtfJdLVsd4SZzIekJTOz+1jemaiph+buDRJnXxbdqEE4FoUiNGd/tJyjr09Fj63V1RpVDAM+hhlxtP0Y5ab/Z1RTll1u071lfeoMsYWPi/KXyr2BZ+YVV7AJ+w/msTt9ILdiaBKbvfvjwKSniW0/j6qrhjelLEEpcEfT9fiqucJ8liV+4X14SBjkZeOaPXai+SBTHjYqu5UqEjOV93Hmb748lT6lerq4RfRljUY5CzHdhWwlMatHz4C/WO9BAaWLtbSKtyadyVLZfs7NGqpnxRKWK7Qi32KcdmEzgSDmg0g9TMBHzOJ15tQaxfSirVB8yOHyouRKAi9xxjf2sqGH5QXYbW+WEePi+m4sWJKu/HN+2+MUOi8nT7T/JkdNhLigzheOQZroMcSUVVjP3AWSuKgNEhge7NzTtEiOkTLISmsKJG1Sw6PWOIJTYbsuyI96YjEZucCT9Nm8hIhJaWoywWUlzJxx3ntnfCyIAna2cp3AIEcgWdouvh+4zYNM HTTP/1.1" 404 73 - "Mozilla/4.0 (compatible; MSIE 8.0; Win32)" 
