31.184.238.174 - - [18/Apr/2016:04:52:34 -0700] "GET /logs/access.log HTTP/1.1" 200 145617 "http://7ibmevacor.forumcircle.com" "Mozilla/5.0 (Windows NT 6.1; WOW64) AppleWebKit/537.36 (KHTML, like Gecko) Chrome/30.0.1599.12785 YaBrowser/13.12.1599.12785 Safari/537.36" 
31.184.238.174 - - [18/Apr/2016:05:02:43 -0700] "GET /logs/access.log HTTP/1.1" 200 145903 "http://order-metoprolol-25mg.over-blog.com/2014/04/buy-metoprolol-100-mg-safely.html" "Mozilla/5.0 (Windows NT 6.2; WOW64) AppleWebKit/537.36 (KHTML, like Gecko) Chrome/32.0.1700.107 Safari/537.36" 
31.184.238.174 - - [18/Apr/2016:05:12:46 -0700] "GET /logs/access.log HTTP/1.1" 200 146211 "http://www.purevolume.com/prograforder" "Mozilla/5.0 (Windows NT 6.1; WOW64; rv:27.0) Gecko/20100101 Firefox/27.0" 
176.8.91.153 - - [18/Apr/2016:05:21:45 -0700] "GET /logs/access.log HTTP/1.1" 200 13653 "http://nasucompkibb.wordpress.com" "Mozilla/5.0 (Windows NT 6.1; WOW64; rv:38.0) Gecko/20100101 Firefox/38.0" 
31.184.238.174 - - [18/Apr/2016:05:22:39 -0700] "GET /logs/access.log HTTP/1.1" 200 146653 "http://duloxetine20mgnmj.greatwebsitebuilder.com" "Mozilla/5.0 (Windows NT 6.1) AppleWebKit/537.36 (KHTML, like Gecko) Chrome/33.0.1750.117 Safari/537.36" 
31.184.238.174 - - [18/Apr/2016:05:32:40 -0700] "GET /logs/access.log HTTP/1.1" 200 146918 "http://gravatar.com/buydomperidoneonline247" "Mozilla/5.0 (Windows NT 6.1; WOW64) AppleWebKit/537.36 (KHTML, like Gecko) Chrome/33.0.1750.117 Safari/537.36" 
31.184.238.174 - - [18/Apr/2016:05:42:39 -0700] "GET /logs/access.log HTTP/1.1" 200 147185 "http://buyrabeprazolewithoutprescription.snack.ws" "Opera/9.80 (Windows NT 6.1; WOW64) Presto/2.12.388 Version/12.15" 
40.77.167.50 - - [18/Apr/2016:05:43:47 -0700] "GET /cake_window101045.html HTTP/1.1" 200 2411 - "Mozilla/5.0 (compatible; bingbot/2.0; +http://www.bing.com/bingbot.htm)" 
40.77.167.50 - - [18/Apr/2016:05:43:47 -0700] "GET /cele_cupcake6.html HTTP/1.1" 200 2587 - "Mozilla/5.0 (compatible; bingbot/2.0; +http://www.bing.com/bingbot.htm)" 
31.184.238.174 - - [18/Apr/2016:05:52:46 -0700] "GET /logs/access.log HTTP/1.1" 200 147781 "http://7hflutamide.forumcircle.com" "Mozilla/5.0 (Windows NT 6.1; WOW64) AppleWebKit/537.36 (KHTML, like Gecko) Chrome/33.0.1750.146 Safari/537.36" 
31.184.238.174 - - [18/Apr/2016:06:02:44 -0700] "GET /logs/access.log HTTP/1.1" 200 148039 "http://buyenalapril5mgonlinelowprice.snack.ws" "Mozilla/5.0 (Windows NT 5.1) AppleWebKit/537.36 (KHTML, like Gecko) Chrome/32.0.1700.76 Safari/537.36" 
31.184.238.174 - - [18/Apr/2016:06:12:59 -0700] "GET /logs/access.log HTTP/1.1" 200 148300 "http://www.theknot.com/wedding/urispas-without" "Mozilla/5.0 (Windows NT 5.1) AppleWebKit/537.36 (KHTML, like Gecko) Chrome/33.0.1750.117 Safari/537.36" 
176.8.91.153 - - [18/Apr/2016:06:17:52 -0700] "GET /logs/access.log HTTP/1.1" 200 13871 "http://galascober.wordpress.com" "Mozilla/5.0 (Windows NT 6.1; WOW64; rv:38.0) Gecko/20100101 Firefox/38.0" 
31.184.238.174 - - [18/Apr/2016:06:22:57 -0700] "GET /logs/access.log HTTP/1.1" 200 148778 "http://zestril10mgcq.forumcircle.com" "Mozilla/5.0 (Windows NT 6.2; WOW64; rv:27.0) Gecko/20100101 Firefox/27.0" 
5.9.62.130 - - [18/Apr/2016:06:26:20 -0700] "GET /robots.txt HTTP/1.1" 200 38 - "Mozilla/5.0 (compatible; MJ12bot/v1.4.5;" "http://www.majestic12.co.uk/bot.php?+)" 
5.9.62.130 - - [18/Apr/2016:06:26:22 -0700] "GET /fest_mooncake4l.html HTTP/1.1" 200 8449 - "Mozilla/5.0 (compatible; MJ12bot/v1.4.5;" "http://www.majestic12.co.uk/bot.php?+)" 
5.9.62.130 - - [18/Apr/2016:06:26:24 -0700] "GET /fest_mooncake4r.html HTTP/1.1" 200 8449 - "Mozilla/5.0 (compatible; MJ12bot/v1.4.5;" "http://www.majestic12.co.uk/bot.php?+)" 
31.184.238.174 - - [18/Apr/2016:06:43:12 -0700] "GET /logs/access.log HTTP/1.1" 200 149571 "http://www.purevolume.com/kemadrinorder" "Mozilla/5.0 (Windows NT 6.1; WOW64) AppleWebKit/537.36 (KHTML, like Gecko) Chrome/33.0.1750.117 Safari/537.36" 
31.184.238.174 - - [18/Apr/2016:06:53:18 -0700] "GET /logs/access.log HTTP/1.1" 200 149834 "http://buydydrogesteronequickshipping.snack.ws" "Mozilla/5.0 (Windows NT 6.1) AppleWebKit/537.36 (KHTML, like Gecko) Chrome/33.0.1750.146 Safari/537.36" 
14.1.200.22 - - [18/Apr/2016:07:03:09 -0700] "GET / HTTP/1.1" 200 1890 "https://www.google.com/" "Mozilla/5.0 (Windows NT 6.1) AppleWebKit/537.36 (KHTML, like Gecko) Chrome/48.0.2564.116 Safari/537.36" 
14.1.200.22 - - [18/Apr/2016:07:03:10 -0700] "GET /styles/layout.css HTTP/1.1" 200 1868 "http:///" "Mozilla/5.0 (Windows NT 6.1) AppleWebKit/537.36 (KHTML, like Gecko) Chrome/48.0.2564.116 Safari/537.36" 
14.1.200.22 - - [18/Apr/2016:07:03:10 -0700] "GET /scripts/jquery-1.4.1.min.js HTTP/1.1" 200 24134 "http:///" "Mozilla/5.0 (Windows NT 6.1) AppleWebKit/537.36 (KHTML, like Gecko) Chrome/48.0.2564.116 Safari/537.36" 
14.1.200.22 - - [18/Apr/2016:07:03:11 -0700] "GET /scripts/jquery.cycle.setup.js HTTP/1.1" 200 315 "http:///" "Mozilla/5.0 (Windows NT 6.1) AppleWebKit/537.36 (KHTML, like Gecko) Chrome/48.0.2564.116 Safari/537.36" 
14.1.200.22 - - [18/Apr/2016:07:03:11 -0700] "GET /scripts/jquery.cycle.min.js HTTP/1.1" 200 5486 "http:///" "Mozilla/5.0 (Windows NT 6.1) AppleWebKit/537.36 (KHTML, like Gecko) Chrome/48.0.2564.116 Safari/537.36" 
14.1.200.22 - - [18/Apr/2016:07:03:12 -0700] "GET /scripts/jquery.slidepanel.setup.js HTTP/1.1" 200 225 "http:///" "Mozilla/5.0 (Windows NT 6.1) AppleWebKit/537.36 (KHTML, like Gecko) Chrome/48.0.2564.116 Safari/537.36" 
14.1.200.22 - - [18/Apr/2016:07:03:13 -0700] "GET /images/HEADer_logo.png HTTP/1.1" 200 11038 "http:///" "Mozilla/5.0 (Windows NT 6.1) AppleWebKit/537.36 (KHTML, like Gecko) Chrome/48.0.2564.116 Safari/537.36" 
14.1.200.22 - - [18/Apr/2016:07:03:14 -0700] "GET /images/slides_mooncake2015.gif HTTP/1.1" 200 645711 "http:///" "Mozilla/5.0 (Windows NT 6.1) AppleWebKit/537.36 (KHTML, like Gecko) Chrome/48.0.2564.116 Safari/537.36" 
14.1.200.22 - - [18/Apr/2016:07:03:32 -0700] "GET /images/slides_cakeboxptd2014.jpg HTTP/1.1" 200 359530 "http:///" "Mozilla/5.0 (Windows NT 6.1) AppleWebKit/537.36 (KHTML, like Gecko) Chrome/48.0.2564.116 Safari/537.36" 
31.184.238.174 - - [18/Apr/2016:07:03:40 -0700] "GET /logs/access.log HTTP/1.1" 200 152231 "http://gravatar.com/albendazolex0" "Mozilla/5.0 (Windows NT 6.1; WOW64) AppleWebKit/537.36 (KHTML, like Gecko) Chrome/32.0.1700.102 Safari/537.36 OPR/19.0.1326.59" 
14.1.100.22 - - [18/Apr/2016:07:03:43 -0700] "GET /images/slides_pizza_01.jpg HTTP/1.1" 200 155038 "http:///" "Mozilla/5.0 (Windows NT 6.1) AppleWebKit/537.36 (KHTML, like Gecko) Chrome/48.0.2564.116 Safari/537.36" 
14.1.100.22 - - [18/Apr/2016:07:03:47 -0700] "GET /images/slides_wedding_02.jpg HTTP/1.1" 200 116201 "http:///" "Mozilla/5.0 (Windows NT 6.1) AppleWebKit/537.36 (KHTML, like Gecko) Chrome/48.0.2564.116 Safari/537.36" 
14.1.100.22 - - [18/Apr/2016:07:03:51 -0700] "GET /images/footer_worldmap.png HTTP/1.1" 200 23204 "http:///" "Mozilla/5.0 (Windows NT 6.1) AppleWebKit/537.36 (KHTML, like Gecko) Chrome/48.0.2564.116 Safari/537.36" 
14.1.100.22 - - [18/Apr/2016:07:03:52 -0700] "GET /styles/navi.css HTTP/1.1" 200 360 "http:///" "Mozilla/5.0 (Windows NT 6.1) AppleWebKit/537.36 (KHTML, like Gecko) Chrome/48.0.2564.116 Safari/537.36" 
14.1.100.22 - - [18/Apr/2016:07:03:53 -0700] "GET /styles/featured_slide.css HTTP/1.1" 200 632 "http:///" "Mozilla/5.0 (Windows NT 6.1) AppleWebKit/537.36 (KHTML, like Gecko) Chrome/48.0.2564.116 Safari/537.36" 
14.1.100.22 - - [18/Apr/2016:07:03:53 -0700] "GET /images/background_HEADer.png HTTP/1.1" 200 2916 "http:///styles/layout.css" "Mozilla/5.0 (Windows NT 6.1) AppleWebKit/537.36 (KHTML, like Gecko) Chrome/48.0.2564.116 Safari/537.36" 
14.1.100.22 - - [18/Apr/2016:07:03:54 -0700] "GET /images/topnav_a.png HTTP/1.1" 200 2848 "http:///styles/navi.css" "Mozilla/5.0 (Windows NT 6.1) AppleWebKit/537.36 (KHTML, like Gecko) Chrome/48.0.2564.116 Safari/537.36" 
14.1.200.22 - - [18/Apr/2016:07:03:54 -0700] "GET /images/slide.png HTTP/1.1" 200 231 "http:///styles/featured_slide.css" "Mozilla/5.0 (Windows NT 6.1) AppleWebKit/537.36 (KHTML, like Gecko) Chrome/48.0.2564.116 Safari/537.36" 
14.1.200.22 - - [18/Apr/2016:07:03:56 -0700] "GET /images/favicon.ico HTTP/1.1" 200 1150 "http:///" "Mozilla/5.0 (Windows NT 6.1) AppleWebKit/537.36 (KHTML, like Gecko) Chrome/48.0.2564.116 Safari/537.36" 
31.184.238.174 - - [18/Apr/2016:07:13:44 -0700] "GET /logs/access.log HTTP/1.1" 200 154673 "http://diflucanwes.forumcircle.com" "Mozilla/5.0 (Windows NT 5.1) AppleWebKit/537.36 (KHTML, like Gecko) Chrome/32.0.1700.76 Safari/537.36" 
176.8.91.153 - - [18/Apr/2016:07:14:30 -0700] "GET /logs/access.log HTTP/1.1" 200 14395 "http://eslita84.pen.io" "Mozilla/5.0 (Windows NT 6.1; WOW64; rv:38.0) Gecko/20100101 Firefox/38.0" 
31.184.238.174 - - [18/Apr/2016:07:23:55 -0700] "GET /logs/access.log HTTP/1.1" 200 155129 "http://orderleflunomideonlinept.tumblr.com" "Mozilla/5.0 (Windows NT 6.1; WOW64) AppleWebKit/537.36 (KHTML, like Gecko) Chrome/32.0.1700.102 Safari/537.36 OPR/19.0.1326.59" 
31.184.238.174 - - [18/Apr/2016:00:21:00 -0700] "GET /logs/access.log HTTP/1.1" 200 137074 "http://www.theknot.com/wedding/lithobid-and-rx" "Opera/9.80 (Windows NT 6.1; WOW64) Presto/2.12.388 Version/12.16" 
176.8.91.153 - - [18/Apr/2016:00:30:51 -0700] "GET /logs/access.log HTTP/1.1" 200 12594 "http://mingthedecon2165.wordpress.com" "Mozilla/5.0 (Windows NT 6.1; WOW64; rv:38.0) Gecko/20100101 Firefox/38.0" 
31.184.238.174 - - [18/Apr/2016:00:30:58 -0700] "GET /logs/access.log HTTP/1.1" 200 137520 "http://www.theknot.com/wedding/glucotrol-and-prices" "Mozilla/5.0 (Windows NT 6.1; WOW64) AppleWebKit/537.36 (KHTML, like Gecko) Chrome/33.0.1750.117 Safari/537.36 OPR/20.0.1387.64" 
31.184.238.174 - - [18/Apr/2016:00:40:55 -0700] "GET /logs/access.log HTTP/1.1" 200 137812 "http://buyquetiapineit.over-blog.com/2014/04/discount-quetiapine-200mg-order-online-buy-quetiapine-canada-safely.html" "Mozilla/5.0 (Windows NT 6.3; WOW64; rv:26.0) Gecko/20100101 Firefox/26.0" 
31.184.238.174 - - [18/Apr/2016:00:51:03 -0700] "GET /logs/access.log HTTP/1.0" 200 138116 "http://gravatar.com/9gantabuse" "Mozilla/5.0 (Windows NT 6.1) AppleWebKit/537.36 (KHTML, like Gecko) Chrome/32.0.1700.76 Safari/537.36" 
144.76.29.66 - - [18/Apr/2016:00:52:51 -0700] "GET /robots.txt HTTP/1.1" 200 38 - "Mozilla/5.0 (compatible; MJ12bot/v1.4.5;" "http://www.majestic12.co.uk/bot.php?+)" 
144.76.29.66 - - [18/Apr/2016:00:52:52 -0700] "GET /cake_window884.html HTTP/1.1" 200 8025 - "Mozilla/5.0 (compatible; MJ12bot/v1.4.5;" "http://www.majestic12.co.uk/bot.php?+)" 
31.184.238.174 - - [18/Apr/2016:01:00:59 -0700] "GET /logs/access.log HTTP/1.1" 200 138741 "http://buyspironolactone25mgonline.snack.ws" "Mozilla/5.0 (Windows NT 6.1) AppleWebKit/537.36 (KHTML, like Gecko) Chrome/33.0.1750.117 Safari/537.36" 
31.184.238.174 - - [18/Apr/2016:01:10:53 -0700] "GET /logs/access.log HTTP/1.1" 200 139001 "http://b0bimdur60mg.forumcircle.com" "Mozilla/5.0 (Windows NT 6.1; WOW64; rv:26.0) Gecko/20100101 Firefox/26.0" 
31.184.238.174 - - [18/Apr/2016:01:20:59 -0700] "GET /logs/access.log HTTP/1.1" 200 139223 "http://gravatar.com/pressauflatovomcad" "Mozilla/5.0 (Windows NT 6.1) AppleWebKit/537.36 (KHTML, like Gecko) Chrome/33.0.1750.146 Safari/537.36" 
176.8.91.153 - - [18/Apr/2016:01:28:08 -0700] "GET /logs/access.log HTTP/1.1" 200 12854 "http://acinsapor.wordpress.com" "Mozilla/5.0 (Windows NT 6.1; WOW64; rv:38.0) Gecko/20100101 Firefox/38.0" 
31.184.238.174 - - [18/Apr/2016:01:31:03 -0700] "GET /logs/access.log HTTP/1.0" 200 139692 "http://gravatar.com/buyketoconazole200mgonlinebelgium" "Opera/9.80 (Windows NT 5.1) Presto/2.12.388 Version/12.16" 
31.184.238.174 - - [18/Apr/2016:01:41:09 -0700] "GET /logs/access.log HTTP/1.0" 200 139917 "http://buychloroquine250mgonline.snack.ws" "Mozilla/5.0 (Windows NT 6.3; WOW64) AppleWebKit/537.36 (KHTML, like Gecko) Chrome/33.0.1750.117 Safari/537.36" 
31.184.238.174 - - [18/Apr/2016:01:51:06 -0700] "GET /logs/access.log HTTP/1.1" 200 140182 "http://www.theknot.com/wedding/prices-and-suhagra" "Mozilla/5.0 (Windows NT 6.2; WOW64) AppleWebKit/537.36 (KHTML, like Gecko) Chrome/32.0.1700.107 Safari/537.36" 
31.184.238.174 - - [18/Apr/2016:02:01:25 -0700] "GET /logs/access.log HTTP/1.1" 200 140455 "http://primidone250mgj7.forumcircle.com" "Mozilla/5.0 (Windows NT 6.0) AppleWebKit/537.36 (KHTML, like Gecko) Chrome/33.0.1750.146 Safari/537.36" 
31.184.238.174 - - [18/Apr/2016:02:11:23 -0700] "GET /logs/access.log HTTP/1.0" 200 140711 "http://nieseprotudenra.greatwebsitebuilder.com" "Mozilla/5.0 (Windows NT 6.1; WOW64) AppleWebKit/537.36 (KHTML, like Gecko) Chrome/30.0.1599.12785 YaBrowser/13.12.1599.12785 Safari/537.36" 
66.249.85.204 - - [18/Apr/2016:02:20:40 -0700] "GET /logs/ HTTP/1.1" 200 2318 - "Mozilla/5.0 (X11; Linux x86_64) AppleWebKit/537.36 (KHTML, like Gecko) Chrome/49.0.2623.75 Safari/537.36 Google Favicon" 
31.184.238.174 - - [18/Apr/2016:02:21:26 -0700] "GET /logs/access.log HTTP/1.1" 200 141232 "http://lanyrd.com/profile/order-simvastatin-20mg-safely/bio/" "Mozilla/5.0 (Windows NT 5.1; rv:26.0) Gecko/20100101 Firefox/26.0" 
176.8.91.153 - - [18/Apr/2016:02:30:45 -0700] "GET /logs/access.log HTTP/1.1" 200 13080 "http://dreadamemmo.wordpress.com" "Mozilla/5.0 (Windows NT 6.1; WOW64; rv:38.0) Gecko/20100101 Firefox/38.0" 
31.184.238.174 - - [18/Apr/2016:02:31:30 -0700] "GET /logs/access.log HTTP/1.1" 200 141688 "http://procyclidinedc.forumcircle.com" "Mozilla/5.0 (Windows NT 6.3; WOW64) AppleWebKit/537.36 (KHTML, like Gecko) Chrome/32.0.1700.107 Safari/537.36" 
31.184.238.174 - - [18/Apr/2016:02:41:36 -0700] "GET /logs/access.log HTTP/1.1" 200 141949 "http://gravatar.com/gabapenting36" "Mozilla/5.0 (Windows NT 6.1) AppleWebKit/537.36 (KHTML, like Gecko) Chrome/33.0.1750.117 Safari/537.36" 
31.184.238.174 - - [18/Apr/2016:02:51:44 -0700] "GET /logs/access.log HTTP/1.1" 200 142199 "http://www.purevolume.com/ordercompazinecheap" "Mozilla/5.0 (Windows NT 6.3; WOW64; rv:27.0) Gecko/20100101 Firefox/27.0" 
31.184.238.174 - - [18/Apr/2016:03:01:48 -0700] "GET /logs/access.log HTTP/1.0" 200 142431 "http://www.theknot.com/wedding/shipping-and-atarax" "Mozilla/5.0 (Windows NT 6.3; WOW64) AppleWebKit/537.36 (KHTML, like Gecko) Chrome/33.0.1750.146 Safari/537.36" 
31.184.238.174 - - [18/Apr/2016:03:21:53 -0700] "GET /logs/access.log HTTP/1.1" 200 142705 "http://verapamil40mgjp.forumcircle.com" "Opera/9.80 (Windows NT 6.1; WOW64) Presto/2.12.388 Version/12.16" 
176.8.91.153 - - [18/Apr/2016:03:28:23 -0700] "GET /logs/access.log HTTP/1.1" 200 13242 "http://diarioaconcagua.com/index.php?option=com_k2&view=itemlist&task=user&id=239459" "Mozilla/5.0 (Windows NT 6.1; WOW64; rv:38.0) Gecko/20100101 Firefox/38.0" 
31.184.238.174 - - [18/Apr/2016:03:31:57 -0700] "GET /logs/access.log HTTP/1.1" 200 143190 "http://www.purevolume.com/mometasone5mgorder" "Mozilla/5.0 (Windows NT 6.1; WOW64) AppleWebKit/537.36 (KHTML, like Gecko) Chrome/32.0.1700.107 Safari/537.36 OPR/19.0.1326.63" 
31.184.238.174 - - [18/Apr/2016:03:42:08 -0700] "GET /logs/access.log HTTP/1.1" 200 143475 "http://2wtmicronase5mg.forumcircle.com" "Mozilla/5.0 (iPad; CPU OS 7_0_4 like Mac OS X) AppleWebKit/537.51.1 (KHTML, like Gecko) Version/7.0 Mobile/11B554a Safari/9537.53" 
31.184.238.174 - - [18/Apr/2016:03:52:18 -0700] "GET /logs/access.log HTTP/1.1" 200 143757 "http://buykeflex.forumcircle.com" "Mozilla/5.0 (Windows NT 6.1) AppleWebKit/537.36 (KHTML, like Gecko) Chrome/33.0.1750.117 Safari/537.36" 
31.184.238.174 - - [18/Apr/2016:04:02:20 -0700] "GET /logs/access.log HTTP/1.1" 200 144006 "http://gravatar.com/buysymmetrel100mg" "Opera/9.80 (Windows NT 6.1; Win64; x64) Presto/2.12.388 Version/12.16" 
180.76.15.5 - - [18/Apr/2016:04:09:10 -0700] "GET /logs/access.log HTTP/1.1" 200 13417 - "Mozilla/5.0 (compatible; Baiduspider/2.0; +http://www.baidu.com/search/spider.html)" 
31.184.238.174 - - [18/Apr/2016:04:12:18 -0700] "GET /logs/access.log HTTP/1.1" 200 144422 "http://4urequip.forumcircle.com" "Mozilla/5.0 (Windows NT 5.1) AppleWebKit/537.36 (KHTML, like Gecko) Chrome/33.0.1750.117 Safari/537.36" 
31.184.238.174 - - [18/Apr/2016:04:22:18 -0700] "GET /logs/access.log HTTP/1.1" 200 144670 "http://ptofloxacin400mg.over-blog.com/2014/04/ofloxacin-300mg-buy-online.html" "Mozilla/5.0 (Windows NT 5.1) AppleWebKit/537.36 (KHTML, like Gecko) Chrome/33.0.1750.117 Safari/537.36" 
207.46.13.92 - - [18/Apr/2016:04:28:43 -0700] "GET /cele_minisweetwedding.html HTTP/1.1" 200 2563 - "Mozilla/5.0 (compatible; bingbot/2.0; +http://www.bing.com/bingbot.htm)" 
31.184.238.174 - - [18/Apr/2016:04:32:20 -0700] "GET /logs/access.log HTTP/1.1" 200 145154 "http://gravatar.com/orderfinpeciaonlinefastshipping" "Mozilla/5.0 (Windows NT 6.1; WOW64; rv:27.0) Gecko/20100101 Firefox/27.0" 
31.184.238.174 - - [18/Apr/2016:04:42:28 -0700] "GET /logs/access.log HTTP/1.1" 200 145392 "http://gravatar.com/emonfliclefwardpho" "Mozilla/5.0 (Windows NT 6.1; WOW64; rv:26.0) Gecko/20100101 Firefox/26.0" 
194.44.161.58 - - [17/Apr/2016:21:48:34 -0700] "GET / HTTP/1.1" 200 1890 - - ""
176.8.91.153 - - [17/Apr/2016:21:51:13 -0700] "GET /logs/access.log HTTP/1.1" 200 11851 "http://uplalabes.wordpress.com" "Mozilla/5.0 (Windows NT 6.1; WOW64; rv:38.0) Gecko/20100101 Firefox/38.0" 
31.184.238.174 - - [17/Apr/2016:21:51:46 -0700] "GET /logs/access.log HTTP/1.0" 200 131264 "http://www.theknot.com/wedding/duricef-and-prices" "Mozilla/5.0 (Windows NT 6.1) AppleWebKit/537.36 (KHTML, like Gecko) Chrome/32.0.1700.102 Safari/537.36" 
31.184.238.174 - - [17/Apr/2016:22:01:39 -0700] "GET /logs/access.log HTTP/1.1" 200 131530 "http://gravatar.com/inmiscomimoli" "Mozilla/5.0 (Windows NT 6.0) AppleWebKit/537.36 (KHTML, like Gecko) Chrome/32.0.1700.107 Safari/537.36" 
123.125.71.78 - - [17/Apr/2016:22:02:53 -0700] "GET / HTTP/1.1" 200 1890 - "Mozilla/5.0 (compatible; Baiduspider/2.0; +http://www.baidu.com/search/spider.html)" 
123.125.71.58 - - [17/Apr/2016:22:02:56 -0700] "GET /scripts/jquery-1.4.1.min.js HTTP/1.1" 200 70994 "http:///" "Mozilla/5.0 (Windows NT 5.1; rv:6.0.2) Gecko/20100101 Firefox/6.0.2" 
123.125.71.25 - - [17/Apr/2016:22:02:56 -0700] "GET /styles/layout.css HTTP/1.1" 200 7692 "http:///" "Mozilla/5.0 (Windows NT 5.1; rv:6.0.2) Gecko/20100101 Firefox/6.0.2" 
123.125.71.12 - - [17/Apr/2016:22:02:57 -0700] "GET /styles/featured_slide.css HTTP/1.1" 200 1798 "http:///" "Mozilla/5.0 (Windows NT 5.1; rv:6.0.2) Gecko/20100101 Firefox/6.0.2" 
123.125.71.51 - - [17/Apr/2016:22:02:57 -0700] "GET /styles/navi.css HTTP/1.1" 200 752 "http:///" "Mozilla/5.0 (Windows NT 5.1; rv:6.0.2) Gecko/20100101 Firefox/6.0.2" 
123.125.71.23 - - [17/Apr/2016:22:03:02 -0700] "GET /scripts/jquery.cycle.setup.js HTTP/1.1" 200 517 "http:///" "Mozilla/5.0 (Windows NT 5.1; rv:6.0.2) Gecko/20100101 Firefox/6.0.2" 
123.125.71.34 - - [17/Apr/2016:22:03:03 -0700] "GET /scripts/jquery.cycle.min.js HTTP/1.1" 200 17797 "http:///" "Mozilla/5.0 (Windows NT 5.1; rv:6.0.2) Gecko/20100101 Firefox/6.0.2" 
123.125.71.48 - - [17/Apr/2016:22:03:04 -0700] "GET /scripts/jquery.slidepanel.setup.js HTTP/1.1" 200 399 "http:///" "Mozilla/5.0 (Windows NT 5.1; rv:6.0.2) Gecko/20100101 Firefox/6.0.2" 
101.63.128.190 - - [17/Apr/2016:18:36:14 -0700] "GET /images/our_services.png HTTP/1.1" 200 20534 "https://www.google.co.in" "Mozilla/5.0 (Windows NT 6.1; rv:45.0) Gecko/20100101 Firefox/45.0" 
31.184.238.174 - - [17/Apr/2016:18:40:47 -0700] "GET /logs/access.log HTTP/1.1" 200 123560 "http://www.theknot.com/wedding/sustiva-and-worldwide" "Mozilla/5.0 (Windows NT 6.1; rv:27.0) Gecko/20100101 Firefox/27.0" 
93.219.78.126 - - [17/Apr/2016:18:48:35 -0700] "GET /robots.txt HTTP/1.1" 200 38 - "Mozilla/5.0 (compatible; MJ12bot/v1.4.5;" "http://www.majestic12.co.uk/bot.php?+)" 
93.219.78.126 - - [17/Apr/2016:18:48:37 -0700] "GET /cake_handle1054.html HTTP/1.1" 200 8019 - "Mozilla/5.0 (compatible; MJ12bot/v1.4.5;" "http://www.majestic12.co.uk/bot.php?+)" 
93.219.78.126 - - [17/Apr/2016:18:48:43 -0700] "GET /cele_cupcakeplain.html HTTP/1.1" 200 2677 - "Mozilla/5.0 (compatible; MJ12bot/v1.4.5;" "http://www.majestic12.co.uk/bot.php?+)" 
93.219.78.126 - - [17/Apr/2016:18:48:44 -0700] "GET /robots.txt HTTP/1.1" 200 38 - "Mozilla/5.0 (compatible; MJ12bot/v1.4.5;" "http://www.majestic12.co.uk/bot.php?+)" 
93.219.78.126 - - [17/Apr/2016:18:48:46 -0700] "GET /our_services.html HTTP/1.1" 200 5562 - "Mozilla/5.0 (compatible; MJ12bot/v1.4.5;" "http://www.majestic12.co.uk/bot.php?+)" 
31.184.238.174 - - [17/Apr/2016:18:50:45 -0700] "GET /logs/access.log HTTP/1.1" 200 124740 "http://ou7flagyl.forumcircle.com" "Opera/9.80 (Windows NT 6.1; WOW64) Presto/2.12.388 Version/12.16" 
176.8.91.153 - - [17/Apr/2016:18:55:21 -0700] "GET /logs/access.log HTTP/1.1" 200 11121 "http://juzptylongbu.pen.io" "Mozilla/5.0 (Windows NT 6.1; WOW64; rv:38.0) Gecko/20100101 Firefox/38.0" 
31.184.238.174 - - [17/Apr/2016:19:00:42 -0700] "GET /logs/access.log HTTP/1.1" 200 125161 "http://gravatar.com/orderciprofloxacinwithoutprescription" "Opera/9.80 (Windows NT 6.1; WOW64) Presto/2.12.388 Version/12.16" 
31.184.238.174 - - [17/Apr/2016:19:10:39 -0700] "GET /logs/access.log HTTP/1.1" 200 125397 "http://www.theknot.com/wedding/ticlid-and-delivery" "Mozilla/5.0 (Windows NT 6.1) AppleWebKit/537.36 (KHTML, like Gecko) Chrome/33.0.1750.117 Safari/537.36" 
31.184.238.174 - - [17/Apr/2016:19:20:36 -0700] "GET /logs/access.log HTTP/1.1" 200 125664 "http://cetirizine10mgoii.forumcircle.com" "Mozilla/5.0 (Windows NT 6.1) AppleWebKit/537.36 (KHTML, like Gecko) Chrome/33.0.1750.146 Safari/537.36" 
31.184.238.174 - - [17/Apr/2016:19:30:37 -0700] "GET /logs/access.log HTTP/1.1" 200 125921 "http://dppentoxifylline.forumcircle.com" "Opera/9.80 (Windows NT 6.1; Win64; x64) Presto/2.12.388 Version/12.16" 
174.79.184.59 - - [17/Apr/2016:19:37:53 -0700] "GET /logs/access.log HTTP/1.1" 200 11260 "https://www.google.com/" "Mozilla/5.0 (Macintosh; Intel Mac OS X 10_11_3) AppleWebKit/537.36 (KHTML, like Gecko) Chrome/49.0.2623.112 Safari/537.36" 
31.184.238.174 - - [17/Apr/2016:19:40:40 -0700] "GET /logs/access.log HTTP/1.1" 200 126401 "http://www.theknot.com/wedding/rx-and-aralen" "Mozilla/5.0 (Windows NT 6.1; rv:27.0) Gecko/20100101 Firefox/27.0" 
31.184.238.174 - - [17/Apr/2016:19:50:55 -0700] "GET /logs/access.log HTTP/1.1" 200 126625 "http://www.theknot.com/wedding/geodon-and-rx" "Mozilla/5.0 (Windows NT 6.1; WOW64) AppleWebKit/537.36 (KHTML, like Gecko) Chrome/33.0.1750.117 Safari/537.36" 
176.8.91.153 - - [17/Apr/2016:19:53:37 -0700] "GET /logs/access.log HTTP/1.1" 200 11343 "http://matdeducnecx.wordpress.com" "Mozilla/5.0 (Windows NT 6.1; WOW64; rv:38.0) Gecko/20100101 Firefox/38.0" 
31.184.238.174 - - [17/Apr/2016:20:01:06 -0700] "GET /logs/access.log HTTP/1.1" 200 127110 "http://buy-calcitriol-safely.snack.ws" "Mozilla/5.0 (Windows NT 6.1; WOW64) AppleWebKit/537.36 (KHTML, like Gecko) Chrome/32.0.1700.107 Safari/537.36 OPR/19.0.1326.63" 
31.184.238.174 - - [17/Apr/2016:20:11:25 -0700] "GET /logs/access.log HTTP/1.1" 200 127388 "http://gravatar.com/74bbupronsr" "Mozilla/5.0 (Windows NT 6.1; WOW64) AppleWebKit/537.36 (KHTML, like Gecko) Chrome/32.0.1700.107 Safari/537.36 OPR/19.0.1326.63" 
31.184.238.174 - - [17/Apr/2016:20:21:47 -0700] "GET /logs/access.log HTTP/1.1" 200 127660 "http://buycefacloronlinenoprescript.snack.ws" "Mozilla/5.0 (Windows NT 6.2; WOW64; rv:27.0) Gecko/20100101 Firefox/27.0" 
108.61.215.169 - - [17/Apr/2016:20:28:11 -0700] "GET /logs/access.log HTTP/1.1" 200 127891 - "Mozilla/5.0 (X11; Ubuntu; Linux i686; rv:43.0) Gecko/20100101 Firefox/43.0" 
31.184.238.174 - - [17/Apr/2016:20:32:05 -0700] "GET /logs/access.log HTTP/1.1" 200 128081 "http://buyoxybutyninfastshipping.snack.ws" "Mozilla/5.0 (Windows NT 6.3; WOW64) AppleWebKit/537.36 (KHTML, like Gecko) Chrome/33.0.1750.117 Safari/537.36" 
31.184.238.174 - - [17/Apr/2016:20:42:11 -0700] "GET /logs/access.log HTTP/1.0" 200 128346 "http://gravatar.com/buynabumetoneonline247" "Mozilla/5.0 (Windows NT 6.1; WOW64; rv:27.0) Gecko/20100101 Firefox/27.0" 
66.249.75.178 - - [17/Apr/2016:20:45:38 -0700] "GET /logs/access_130908.log HTTP/1.1" 404 88 - "Mozilla/5.0 (compatible; Googlebot/2.1; +http://www.google.com/bot.html)" 
31.184.238.174 - - [17/Apr/2016:20:52:07 -0700] "GET /logs/access.log HTTP/1.1" 200 128765 "http://qbdcyproheptadine.forumcircle.com" "Opera/9.80 (Windows NT 6.1; Win64; x64) Presto/2.12.388 Version/12.16" 
176.8.91.153 - - [17/Apr/2016:20:52:22 -0700] "GET /logs/access.log HTTP/1.1" 200 11637 "http://myurourlitinc.wordpress.com" "Mozilla/5.0 (Windows NT 6.1; WOW64; rv:38.0) Gecko/20100101 Firefox/38.0" 
31.184.238.174 - - [17/Apr/2016:21:02:09 -0700] "GET /logs/access.log HTTP/1.1" 200 129207 "http://gravatar.com/ordersotalol247" "Mozilla/5.0 (Windows NT 6.1; WOW64; rv:27.0) Gecko/20100101 Firefox/27.0" 
31.184.238.174 - - [17/Apr/2016:21:12:12 -0700] "GET /logs/access.log HTTP/1.1" 200 129429 "http://lanyrd.com/profile/menyisha905395-3987/bio/" "Mozilla/5.0 (Windows NT 6.3; WOW64; rv:26.0) Gecko/20100101 Firefox/26.0" 
31.184.238.174 - - [17/Apr/2016:21:22:12 -0700] "GET /logs/access.log HTTP/1.1" 200 129666 "http://revia50mgwu.forumcircle.com" "Mozilla/5.0 (Windows NT 6.1; WOW64) AppleWebKit/537.36 (KHTML, like Gecko) Chrome/30.0.1599.13014 YaBrowser/13.12.1599.13014 Safari/537.36" 
31.184.238.174 - - [17/Apr/2016:21:32:05 -0700] "GET /logs/access.log HTTP/1.1" 200 129953 "http://buy-nimodipine-safely.tumblr.com" "Opera/9.80 (Windows NT 6.1; WOW64) Presto/2.12.388 Version/12.15" 
51.255.207.3 - - [17/Apr/2016:21:38:33 -0700] "GET / HTTP/1.1" 200 5846 - "Mozilla/5.0 (compatible; MJ12bot/v1.4.5;" "http://www.majestic12.co.uk/bot.php?+)" 
51.255.207.3 - - [17/Apr/2016:21:38:38 -0700] "GET /robots.txt HTTP/1.1" 200 38 - "Mozilla/5.0 (compatible; MJ12bot/v1.4.5;" "http://www.majestic12.co.uk/bot.php?+)" 
51.255.207.3 - - [17/Apr/2016:21:38:41 -0700] "GET / HTTP/1.1" 200 5846 - "Mozilla/5.0 (compatible; MJ12bot/v1.4.5;" "http://www.majestic12.co.uk/bot.php?+)" 
31.184.238.174 - - [17/Apr/2016:21:41:51 -0700] "GET /logs/access.log HTTP/1.1" 200 130703 "http://glucovanceon.forumcircle.com" "Mozilla/5.0 (Windows NT 5.1) AppleWebKit/537.36 (KHTML, like Gecko) Chrome/32.0.1700.107 Safari/537.36" 
91.116.246.72 - - [17/Apr/2016:17:02:05 -0700] "GET /logs/access.log HTTP/1.1" 200 638725 - "Mozilla/5.0 (X11; Linux x86_64; rv:2.0b8pre) Gecko/20101011 Firefox/4.0b8pre"
31.184.238.174 - - [17/Apr/2016:17:02:11 -0700] "GET /logs/access.log HTTP/1.1" 200 186 "http://www.purevolume.com/buydiscountsinequan" "Mozilla/5.0 (Windows NT 6.1; WOW64) AppleWebKit/537.36 (KHTML, like Gecko) Chrome/32.0.1700.102 Safari/537.36"
51.255.65.97 - - [17/Apr/2016:17:08:06 -0700] "GET /SSUAS.htm HTTP/1.1" 200 1284 - "Mozilla/5.0 (compatible; AhrefsBot/5.1; +http://ahrefs.com/robot/)"
104.168.2.17 - - [17/Apr/2016:17:09:10 -0700] "GET /logs/access.log HTTP/1.1" 200 377 "http:///" "Mozilla/5.0 (Windows NT 6.3; WOW64; rv:35.0) Gecko/20100101 Firefox/35.0"
199.21.99.196 - - [17/Apr/2016:17:10:03 -0700] "GET /Quotes.htm HTTP/1.1" 200 2816 - "Mozilla/5.0 (compatible; YandexBot/3.0; +http://yandex.com/bots)"
77.247.22.51 - - [17/Apr/2016:17:10:20 -0700] "GET /logs/access_130930.log HTTP/1.1" 404 73 "http://roacutan20mg.logdown.com/" "Mozilla/5.0 (Windows NT 5.1) AppleWebKit/536.11 (KHTML, like Gecko) Chrome/20.0.1132.57 Safari/536.11"
77.247.22.51 - - [17/Apr/2016:17:10:21 -0700] "GET /access_130930.log HTTP/1.1" 404 73 "http://roacutan20mg.logdown.com/" "Mozilla/5.0 (Windows NT 5.1) AppleWebKit/537.11 (KHTML, like Gecko) Chrome/23.0.1271.95 Safari/537.11"
77.247.22.51 - - [17/Apr/2016:17:10:21 -0700] "GET /logs/access_130930.log HTTP/1.0" 404 73 "http://roacutan20mg.logdown.com/" "Opera/9.80 (Windows NT 6.1) Presto/2.12.388 Version/12.10"
76.65.55.78 - - [17/Apr/2016:17:10:21 -0700] "GET /Documents/Ali.htm HTTP/1.1" 200 8449 "https://www.google.ca" "Mozilla/5.0 (Windows NT 6.1; rv:45.0) Gecko/20100101 Firefox/45.0"
76.65.55.78 - - [17/Apr/2016:17:10:21 -0700] "GET /cwi.css HTTP/1.1" 404 88 "http:///Documents/Ali.htm" "Mozilla/5.0 (Windows NT 6.1; rv:45.0) Gecko/20100101 Firefox/45.0"
77.247.22.51 - - [17/Apr/2016:17:10:22 -0700] "GET /access_130930.log HTTP/1.1" 404 73 "http://roacutan20mg.logdown.com/" "Opera/9.80 (Windows NT 6.1) Presto/2.12.388 Version/12.10"
77.247.22.51 - - [17/Apr/2016:17:10:22 -0700] "GET /logs/access_130930.log HTTP/1.1" 404 73 "http://roacutan20mg.logdown.com/" "Opera/9.80 (Windows NT 6.1; WOW64; Edition Yx) Presto/2.12.388 Version/12.11"
176.8.91.153 - - [17/Apr/2016:17:12:53 -0700] "GET /logs/access.log HTTP/1.1" 200 701 "http://signballdog1985.mensblogs.net/profile.htm?user_id=1" "Mozilla/5.0 (Windows NT 6.1; WOW64; rv:38.0) Gecko/20100101 Firefox/38.0"
31.184.238.174 - - [17/Apr/2016:17:14:01 -0700] "GET /logs/access.log HTTP/1.1" 200 2696 "http://orderacarbose50mgquickshipping.weebly.com" "Opera/9.80 (Windows NT 6.1; WOW64) Presto/2.12.388 Version/12.15"
208.115.113.86 - - [17/Apr/2016:17:15:16 -0700] "GET /socview/14ReviewFRyan.htm HTTP/1.1" 200 6896 - "Mozilla/5.0 (compatible; DotBot/1.1;" "http://www.opensiteexplorer.org/dotbot, help@moz.com)" 
208.115.113.86 - - [17/Apr/2016:17:15:16 -0700] "GET /paper2004JD/0407Sport.htm HTTP/1.1" 200 3555 - "Mozilla/5.0 (compatible; DotBot/1.1;" "http://www.opensiteexplorer.org/dotbot, help@moz.com)" 
208.115.113.86 - - [17/Apr/2016:17:15:16 -0700] "GET /paper2004/0402Omagh.htm HTTP/1.1" 200 2299 - "Mozilla/5.0 (compatible; DotBot/1.1;" "http://www.opensiteexplorer.org/dotbot, help@moz.com)" 
208.115.113.86 - - [17/Apr/2016:17:15:17 -0700] "GET /images/logos/?M=D HTTP/1.1" 200 871 - "Mozilla/5.0 (compatible; DotBot/1.1;" "http://www.opensiteexplorer.org/dotbot, help@moz.com)" 
208.115.113.86 - - [17/Apr/2016:17:15:17 -0700] "GET /Socialist/0510Rossport5.htm HTTP/1.1" 200 6810 - "Mozilla/5.0 (compatible; DotBot/1.1;" "http://www.opensiteexplorer.org/dotbot, help@moz.com)" 
208.115.113.86 - - [17/Apr/2016:17:15:17 -0700] "GET /Socialist/0502WWP1.htm HTTP/1.1" 200 3537 - "Mozilla/5.0 (compatible; DotBot/1.1;" "http://www.opensiteexplorer.org/dotbot, help@moz.com)" 
208.115.113.86 - - [17/Apr/2016:17:15:17 -0700] "GET /IntLeftNews/?D=D HTTP/1.1" 200 1325 - "Mozilla/5.0 (compatible; DotBot/1.1;" "http://www.opensiteexplorer.org/dotbot, help@moz.com)" 
208.115.113.86 - - [17/Apr/2016:17:15:18 -0700] "GET /Election/FBU2.htm HTTP/1.1" 200 2682 - "Mozilla/5.0 (compatible; DotBot/1.1;" "http://www.opensiteexplorer.org/dotbot, help@moz.com)" 
157.55.39.250 - - [17/Apr/2016:17:16:06 -0700] "GET /Election/JB1104Water.htm HTTP/1.1" 200 981 - "Mozilla/5.0 (compatible; bingbot/2.0; +http://www.bing.com/bingbot.htm)"
157.55.39.250 - - [17/Apr/2016:17:16:06 -0700] "GET /logs/access_150303.log HTTP/1.1" 200 4129420 - "Mozilla/5.0 (compatible; bingbot/2.0; +http://www.bing.com/bingbot.htm)"
157.55.39.250 - - [17/Apr/2016:17:16:10 -0700] "GET /paper2004JD/0409Unionised.htm HTTP/1.1" 200 2743 - "Mozilla/5.0 (compatible; bingbot/2.0; +http://www.bing.com/bingbot.htm)"
51.255.65.13 - - [17/Apr/2016:17:17:23 -0700] "GET /paper2004/0404SSU.htm HTTP/1.1" 200 1427 - "Mozilla/5.0 (compatible; AhrefsBot/5.1; +http://ahrefs.com/robot/)"
31.184.238.174 - - [17/Apr/2016:17:22:13 -0700] "GET /logs/access.log HTTP/1.1" 200 5339 "http://metoclopramide10mgo1.forumcircle.com" "Mozilla/5.0 (Windows NT 6.3; WOW64) AppleWebKit/537.36 (KHTML, like Gecko) Chrome/32.0.1700.102 Safari/537.36"
100.43.81.151 - - [17/Apr/2016:17:23:16 -0700] "GET /logs/access_150623.log HTTP/1.1" 200 3078657 - "Mozilla/5.0 (compatible; YandexBot/3.0; +http://yandex.com/bots)"
120.52.72.52 - - [17/Apr/2016:17:23:46 -0700] "GET /logs/access.log HTTP/1.1" 206 5781 "http:///" "Mozilla/5.0 (Windows NT 6.2) AppleWebKit/537.36 (KHTML, like Gecko) Chrome/39.0.2171.99 Safari/537.36"
31.184.238.174 - - [17/Apr/2016:17:24:02 -0700] "GET /logs/access.log HTTP/1.1" 200 6006 "http://motrin200mguo.forumcircle.com" "Mozilla/5.0 (Windows NT 5.1; rv:26.0) Gecko/20100101 Firefox/26.0"
151.80.31.171 - - [17/Apr/2016:17:24:48 -0700] "GET /Wardoc/documents.htm HTTP/1.1" 404 88 - "Mozilla/5.0 (compatible; AhrefsBot/5.1; +http://ahrefs.com/robot/)"
157.55.39.36 - - [17/Apr/2016:17:28:49 -0700] "GET /pdf/che_sos.pdf HTTP/1.1" 200 207560 - "Mozilla/5.0 (iPhone; CPU iPhone OS 7_0 like Mac OS X) AppleWebKit/537.51.1 (KHTML, like Gecko) Version/7.0 Mobile/11A465 Safari/9537.53 (compatible; bingbot/2.0; +http://www.bing.com/bingbot.htm)"
157.55.39.36 - - [17/Apr/2016:17:28:55 -0700] "GET /pdf/che_sos.pdf HTTP/1.1" 304 - - "Mozilla/5.0 (compatible; bingbot/2.0; +http://www.bing.com/bingbot.htm)"
31.184.238.174 - - [17/Apr/2016:17:32:12 -0700] "GET /logs/access.log HTTP/1.1" 200 6871 "http://www.purevolume.com/arimidex1mgbuy" "Mozilla/5.0 (Windows NT 5.1) AppleWebKit/537.36 (KHTML, like Gecko) Chrome/32.0.1700.102 Safari/537.36"
31.184.238.174 - - [17/Apr/2016:17:34:01 -0700] "GET /logs/access.log HTTP/1.1" 200 7121 "http://valtrexhq.forumcircle.com" "Mozilla/5.0 (Windows NT 5.1; rv:26.0) Gecko/20100101 Firefox/26.0"
141.8.143.138 - - [17/Apr/2016:17:34:12 -0700] "GET /logs/access_141214.log HTTP/1.1" 200 995972 - "Mozilla/5.0 (compatible; YandexBot/3.0; +http://yandex.com/bots)"
208.115.113.86 - - [17/Apr/2016:17:35:24 -0700] "GET /robots.txt HTTP/1.1" 200 37 - "Mozilla/5.0 (compatible; DotBot/1.1;" "http://www.opensiteexplorer.org/dotbot, help@moz.com)"
77.247.22.51 - - [17/Apr/2016:17:36:33 -0700] "GET /logs/access_130930.log HTTP/1.0" 404 73 "http://cialiscalicolombia.blogolize.com/" "Mozilla/5.0 (Windows NT 5.1; rv:7.0.1) Gecko/20100101 Firefox/7.0.1"
77.247.22.51 - - [17/Apr/2016:17:36:34 -0700] "GET /logs/access_130930.log HTTP/1.0" 404 73 "http://cialiscalicolombia.blogolize.com/" "Opera/9.80 (Windows NT 5.1; Edition Yx) Presto/2.12.388 Version/12.10"
77.247.22.51 - - [17/Apr/2016:17:36:35 -0700] "GET /access_130930.log HTTP/1.1" 404 73 "http://cialiscalicolombia.blogolize.com/" "Opera/9.80 (Windows NT 5.1; Edition Yx) Presto/2.12.388 Version/12.10"
77.247.22.51 - - [17/Apr/2016:17:36:35 -0700] "GET /logs/access_130930.log HTTP/1.1" 404 73 "http://cialiscalicolombia.blogolize.com/" "Mozilla/5.0 (Windows NT 6.0) AppleWebKit/537.1 (KHTML, like Gecko) Chrome/21.0.1180.89 Safari/537.1"
77.247.22.51 - - [17/Apr/2016:17:36:35 -0700] "GET /access_130930.log HTTP/1.1" 404 73 "http://cialiscalicolombia.blogolize.com/" "Mozilla/5.0 (Windows NT 6.0) AppleWebKit/537.1 (KHTML, like Gecko) Chrome/21.0.1180.89 Safari/537.1"
77.247.22.51 - - [17/Apr/2016:17:36:36 -0700] "GET /logs/access_130930.log HTTP/1.1" 404 73 "http://cialiscalicolombia.blogolize.com/" "Mozilla/5.0 (Windows NT 6.1; WOW64) AppleWebKit/537.11 (KHTML, like Gecko) Chrome/23.0.1271.95 Safari/537.11"
77.247.22.51 - - [17/Apr/2016:17:36:36 -0700] "GET /access_130930.log HTTP/1.1" 404 73 "http://cialiscalicolombia.blogolize.com/" "Mozilla/5.0 (Windows NT 6.1; WOW64) AppleWebKit/537.11 (KHTML, like Gecko) Chrome/23.0.1271.95 Safari/537.11"
164.132.161.13 - - [17/Apr/2016:17:37:15 -0700] "GET /paper2004JD/0410NoCuts.htm HTTP/1.1" 200 1989 - "Mozilla/5.0 (compatible; AhrefsBot/5.1; +http://ahrefs.com/robot/)"
157.55.39.170 - - [17/Apr/2016:17:41:23 -0700] "GET /Archive/1977UUAC.htm HTTP/1.1" 200 3406 - "Mozilla/5.0 (compatible; bingbot/2.0; +http://www.bing.com/bingbot.htm)"
157.55.39.170 - - [17/Apr/2016:17:41:24 -0700] "GET /cwi/PhilippinesDebate.htm HTTP/1.1" 200 13172 - "Mozilla/5.0 (compatible; bingbot/2.0; +http://www.bing.com/bingbot.htm)"
157.55.39.170 - - [17/Apr/2016:17:41:24 -0700] "GET /socview/Vietnam0303.htm HTTP/1.1" 200 8701 - "Mozilla/5.0 (iPhone; CPU iPhone OS 7_0 like Mac OS X) AppleWebKit/537.51.1 (KHTML, like Gecko) Version/7.0 Mobile/11A465 Safari/9537.53 (compatible; bingbot/2.0; +http://www.bing.com/bingbot.htm)"
31.184.238.174 - - [17/Apr/2016:17:42:07 -0700] "GET /logs/access.log HTTP/1.1" 200 10231 "http://gravatar.com/orderactos15mg2015" "Mozilla/5.0 (Windows NT 6.1) AppleWebKit/537.36 (KHTML, like Gecko) Chrome/30.0.1599.13014 YaBrowser/13.12.1599.13014 Safari/537.36"
199.21.99.196 - - [17/Apr/2016:17:43:36 -0700] "GET /logs/access_141030.log HTTP/1.1" 200 1117917 - "Mozilla/5.0 (compatible; YandexBot/3.0; +http://yandex.com/bots)"
31.184.238.174 - - [17/Apr/2016:17:43:55 -0700] "GET /logs/access.log HTTP/1.1" 200 10691 "http://lanyrd.com/profile/mrc084062840c-3740/bio/" "Mozilla/5.0 (Windows NT 6.3; WOW64) AppleWebKit/537.36 (KHTML, like Gecko) Chrome/32.0.1700.76 Safari/537.36"
51.255.65.3 - - [17/Apr/2016:17:44:28 -0700] "GET /sitemap/0310Bins.htm HTTP/1.1" 404 88 - "Mozilla/5.0 (compatible; AhrefsBot/5.1; +http://ahrefs.com/robot/)"
164.132.161.78 - - [17/Apr/2016:17:45:15 -0700] "GET /logs/access_160104.log HTTP/1.1" 200 44400 - "Mozilla/5.0 (compatible; AhrefsBot/5.1; +http://ahrefs.com/robot/)"
31.184.238.174 - - [17/Apr/2016:17:52:07 -0700] "GET /logs/access.log HTTP/1.1" 200 11315 "http://order-clindamycin-300mg.over-blog.com/2014/04/buy-clindamycin-online-how-to-order-clindamycin-online-legally.html" "Mozilla/5.0 (Windows NT 6.3; WOW64; rv:26.0) Gecko/20100101 Firefox/26.0"
157.55.39.150 - - [17/Apr/2016:17:53:22 -0700] "GET /jhnice190902.htm HTTP/1.1" 404 88 - "Mozilla/5.0 (compatible; bingbot/2.0; +http://www.bing.com/bingbot.htm)"
157.55.39.150 - - [17/Apr/2016:17:53:22 -0700] "GET /logs/access_141208.log HTTP/1.1" 200 1321727 - "Mozilla/5.0 (compatible; bingbot/2.0; +http://www.bing.com/bingbot.htm)"
31.184.238.174 - - [17/Apr/2016:17:53:56 -0700] "GET /logs/access.log HTTP/1.1" 200 11983 "http://buy-etoricoxib-online.snack.ws" "Mozilla/5.0 (Windows NT 6.1) AppleWebKit/537.36 (KHTML, like Gecko) Chrome/30.0.1599.12785 YaBrowser/13.12.1599.12785 Safari/537.36"
66.249.69.173 - - [17/Apr/2016:17:54:04 -0700] "GET /paper2004/0401Water1.htm HTTP/1.1" 404 88 - "Mozilla/5.0 (compatible; Googlebot/2.1; +http://www.google.com/bot.html)"
66.249.69.173 - - [17/Apr/2016:17:55:54 -0700] "GET /paper2004/0401Rascist.htm HTTP/1.1" 404 88 - "Mozilla/5.0 (compatible; Googlebot/2.1; +http://www.google.com/bot.html)"
100.43.81.151 - - [17/Apr/2016:17:57:18 -0700] "GET /Wardoc/DayXCWI.htm HTTP/1.1" 200 2832 - "Mozilla/5.0 (compatible; YandexBot/3.0; +http://yandex.com/bots)"
66.249.69.183 - - [17/Apr/2016:17:58:37 -0700] "GET /paper2004/0401LGovEletions.htm HTTP/1.1" 404 88 - "Mozilla/5.0 (compatible; Googlebot/2.1; +http://www.google.com/bot.html)"
51.255.65.54 - - [17/Apr/2016:18:01:19 -0700] "GET /LabHist/RoleofYouth.htm HTTP/1.1" 200 11450 - "Mozilla/5.0 (compatible; AhrefsBot/5.1; +http://ahrefs.com/robot/)"
77.247.22.51 - - [17/Apr/2016:18:02:14 -0700] "GET /logs/access_130930.log HTTP/1.1" 404 73 "http://adquirirlaviagra.jw.lt/" "Mozilla/5.0 (Windows NT 6.1; WOW64) AppleWebKit/537.11 (KHTML, like Gecko) Chrome/23.0.1271.95 Safari/537.11"
77.247.22.51 - - [17/Apr/2016:18:02:15 -0700] "GET /logs/access_130930.log HTTP/1.1" 404 73 "http://adquirirlaviagra.jw.lt/" "Mozilla/5.0 (Windows NT 5.1; rv:12.0) Gecko/20100101 Firefox/12.0"
77.247.22.51 - - [17/Apr/2016:18:02:15 -0700] "GET /access_130930.log HTTP/1.1" 404 73 "http://adquirirlaviagra.jw.lt/" "Mozilla/5.0 (Windows NT 5.1; rv:12.0) Gecko/20100101 Firefox/12.0"
77.247.22.51 - - [17/Apr/2016:18:02:15 -0700] "GET /logs/access_130930.log HTTP/1.1" 404 73 "http://adquirirlaviagra.jw.lt/" "Mozilla/5.0 (compatible; MSIE 9.0; Windows NT 6.1; WOW64; Trident/5.0)"
31.184.238.174 - - [17/Apr/2016:18:02:08 -0700] "GET /logs/access.log HTTP/1.0" 200 13841 "http://gravatar.com/tncrixivan400mg" "Mozilla/5.0 (Windows NT 6.1) AppleWebKit/537.36 (KHTML, like Gecko) Chrome/32.0.1700.102 Safari/537.36"
77.247.22.51 - - [17/Apr/2016:18:02:16 -0700] "GET /access_130930.log HTTP/1.0" 404 73 "http://adquirirlaviagra.jw.lt/" "Mozilla/5.0 (compatible; MSIE 9.0; Windows NT 6.1; WOW64; Trident/5.0)"
77.247.22.51 - - [17/Apr/2016:18:02:16 -0700] "GET /logs/access_130930.log HTTP/1.1" 404 73 "http://adquirirlaviagra.jw.lt/" "Mozilla/5.0 (Windows; U; Windows NT 6.1; en-US; rv:1.9.2.22) Gecko/20110902 Firefox/3.6.22"
130.111.88.18 - - [17/Apr/2016:18:02:53 -0700] "GET /Documents/Ali.htm HTTP/1.1" 200 8450 "https://www.google.com/" "Mozilla/5.0 (Windows NT 10.0; WOW64) AppleWebKit/537.36 (KHTML, like Gecko) Chrome/49.0.2623.112 Safari/537.36"
157.55.39.170 - - [17/Apr/2016:18:02:56 -0700] "GET /Archive/1972Pira.htm HTTP/1.1" 200 9028 - "Mozilla/5.0 (compatible; bingbot/2.0; +http://www.bing.com/bingbot.htm)"
157.55.39.170 - - [17/Apr/2016:18:02:56 -0700] "GET /cwi.css HTTP/1.1" 404 88 - "Mozilla/5.0 (iPhone; CPU iPhone OS 7_0 like Mac OS X) AppleWebKit/537.51.1 (KHTML, like Gecko) Version/7.0 Mobile/11A465 Safari/9537.53 (compatible; bingbot/2.0; +http://www.bing.com/bingbot.htm)"
164.132.161.19 - - [17/Apr/2016:18:03:22 -0700] "GET /Publications/TTC11.htm HTTP/1.1" 404 88 - "Mozilla/5.0 (compatible; AhrefsBot/5.1; +http://ahrefs.com/robot/)" 
207.46.13.85 - - [17/Apr/2016:18:05:09 -0700] "GET /robots.txt HTTP/1.1" 200 37 - "Mozilla/5.0 (compatible; bingbot/2.0; +http://www.bing.com/bingbot.htm)"
199.21.99.196 - - [17/Apr/2016:18:07:57 -0700] "GET /Feb15threports.htm HTTP/1.1" 404 88 - "Mozilla/5.0 (compatible; YandexBot/3.0; +http://yandex.com/bots)"
51.255.65.25 - - [17/Apr/2016:18:08:27 -0700] "GET /tu/?C=M;O=D HTTP/1.1" 200 585 - "Mozilla/5.0 (compatible; AhrefsBot/5.1; +http://ahrefs.com/robot/)"
157.55.39.170 - - [17/Apr/2016:18:10:25 -0700] "GET /robots.txt HTTP/1.1" 200 37 - "Mozilla/5.0 (compatible; bingbot/2.0; +http://www.bing.com/bingbot.htm)" 
176.8.91.153 - - [17/Apr/2016:18:10:36 -0700] "GET /logs/access.log HTTP/1.1" 200 2640 "http://daumanlurez.wordpress.com" "Mozilla/5.0 (Windows NT 6.1; WOW64; rv:38.0) Gecko/20100101 Firefox/38.0"
31.184.238.174 - - [17/Apr/2016:18:12:12 -0700] "GET /logs/access.log HTTP/1.1" 200 16536 "http://buyroxithromycin150mgonline.snack.ws" "Opera/9.80 (Windows NT 6.1; WOW64) Presto/2.12.388 Version/12.15"
51.255.65.62 - - [17/Apr/2016:18:12:41 -0700] "GET /Assorted/WorldCupSex.htm HTTP/1.1" 200 2640 - "Mozilla/5.0 (compatible; AhrefsBot/5.1; +http://ahrefs.com/robot/)"
31.184.238.174 - - [17/Apr/2016:18:14:01 -0700] "GET /logs/access.log HTTP/1.1" 200 16934 "http://wexquetiapine100mg.greatwebsitebuilder.com" "Mozilla/5.0 (Windows NT 5.1) AppleWebKit/537.36 (KHTML, like Gecko) Chrome/32.0.1700.102 Safari/537.36"
100.43.81.151 - - [17/Apr/2016:18:17:56 -0700] "GET /War/News220303.htm HTTP/1.1" 200 5208 - "Mozilla/5.0 (compatible; YandexBot/3.0; +http://yandex.com/bots)"
189.162.171.211 - - [17/Apr/2016:18:20:13 -0700] "GET /logs/access.log HTTP/1.1" 200 2808 "http:///" "Mozilla/5.0 (Windows NT 6.3; WOW64; rv:34.0) Gecko/20100101 Firefox/34.0"
31.184.238.174 - - [17/Apr/2016:18:22:11 -0700] "GET /logs/access.log HTTP/1.0" 200 17568 "http://cefpodoxime-buy.snack.ws" "Mozilla/5.0 (Windows NT 6.1) AppleWebKit/537.36 (KHTML, like Gecko) Chrome/32.0.1700.107 Safari/537.36"
31.184.238.174 - - [17/Apr/2016:18:23:59 -0700] "GET /logs/access.log HTTP/1.0" 200 17810 "http://www.theknot.com/wedding/ethionamide-purchasing" "Mozilla/5.0 (Windows NT 6.1) AppleWebKit/537.36 (KHTML, like Gecko) Chrome/32.0.1700.102 Safari/537.36"
195.154.156.202 - - [17/Apr/2016:18:24:14 -0700] "GET /logs/access.log HTTP/1.1" 200 2921 "http:///" "Mozilla/5.0 (Windows NT 6.3; WOW64; rv:35.0) Gecko/20100101 Firefox/35.0"
51.255.65.15 - - [17/Apr/2016:18:27:53 -0700] "GET /paperarticles/Oct02HW.htm HTTP/1.1" 200 1433 - "Mozilla/5.0 (compatible; AhrefsBot/5.1; +http://ahrefs.com/robot/)"
77.247.22.51 - - [17/Apr/2016:18:28:49 -0700] "GET /logs/access_130930.log HTTP/1.1" 404 73 "http://adquirircialis.aircus.com/" "Mozilla/5.0 (Windows NT 6.1; rv:16.0) Gecko/20100101 Firefox/16.0"
77.247.22.51 - - [17/Apr/2016:18:28:49 -0700] "GET /logs/access_130930.log HTTP/1.1" 404 73 "http://adquirircialis.aircus.com/" "Mozilla/5.0 (Windows NT 6.1) AppleWebKit/537.11 (KHTML, like Gecko) Chrome/23.0.1271.91 Safari/537.11"
77.247.22.51 - - [17/Apr/2016:18:28:50 -0700] "GET /access_130930.log HTTP/1.1" 404 73 "http://adquirircialis.aircus.com/" "Mozilla/5.0 (Windows NT 6.1) AppleWebKit/537.11 (KHTML, like Gecko) Chrome/23.0.1271.91 Safari/537.11"
77.247.22.51 - - [17/Apr/2016:18:28:50 -0700] "GET /logs/access_130930.log HTTP/1.1" 404 73 "http://adquirircialis.aircus.com/" "Opera/9.80 (Windows NT 6.1; WOW64) Presto/2.12.388 Version/12.11"
77.247.22.51 - - [17/Apr/2016:18:28:50 -0700] "GET /access_130930.log HTTP/1.1" 404 73 "http://adquirircialis.aircus.com/" "Opera/9.80 (Windows NT 6.1; WOW64) Presto/2.12.388 Version/12.11"
77.247.22.51 - - [17/Apr/2016:18:28:51 -0700] "GET /logs/access_130930.log HTTP/1.1" 404 73 "http://adquirircialis.aircus.com/" "Mozilla/5.0 (Windows NT 6.1; WOW64) AppleWebKit/537.1 (KHTML, like Gecko) Chrome/21.0.1180.89 Safari/537.1"
77.247.22.51 - - [17/Apr/2016:18:28:51 -0700] "GET /access_130930.log HTTP/1.1" 404 73 "http://adquirircialis.aircus.com/" "Mozilla/5.0 (Windows NT 6.1; WOW64) AppleWebKit/537.1 (KHTML, like Gecko) Chrome/21.0.1180.89 Safari/537.1"
123.125.71.52 - - [17/Apr/2016:18:30:19 -0700] "GET /PaperArchive.htm HTTP/1.1" 200 3350 - "Mozilla/5.0 (compatible; Baiduspider/2.0; +http://www.baidu.com/search/spider.html)"
164.132.161.56 - - [17/Apr/2016:18:31:22 -0700] "GET /Election/?C=N;O=D HTTP/1.1" 200 950 - "Mozilla/5.0 (compatible; AhrefsBot/5.1; +http://ahrefs.com/robot/)"
31.184.238.174 - - [17/Apr/2016:18:32:09 -0700] "GET /logs/access.log HTTP/1.0" 200 20424 "http://www.theknot.com/wedding/indinavir-and-without" "Mozilla/5.0 (Windows NT 6.3; WOW64) AppleWebKit/537.36 (KHTML, like Gecko) Chrome/33.0.1750.146 Safari/537.36"
31.184.238.174 - - [17/Apr/2016:18:33:59 -0700] "GET /logs/access.log HTTP/1.1" 200 20694 "http://methocarbamolnh.over-blog.com/2014/04/buy-low-price-methocarbamol.html" "Mozilla/5.0 (Windows NT 6.1; WOW64) AppleWebKit/537.36 (KHTML, like Gecko) Chrome/32.0.1700.102 Safari/537.36"
199.21.99.196 - - [17/Apr/2016:18:37:34 -0700] "GET /logs/access_150316.log HTTP/1.1" 200 2040524 - "Mozilla/5.0 (compatible; YandexBot/3.0; +http://yandex.com/bots)"
192.99.6.22 - - [17/Apr/2016:18:40:43 -0700] "GET /logs/access.log HTTP/1.1" 200 3246 "http:///" "Mozilla/5.0 (Windows NT 6.2; WOW64) AppleWebKit/537.36 (KHTML, like Gecko) Chrome/28.0.1500.71 Safari/537.36"
108.74.157.252 - - [17/Apr/2016:18:41:35 -0700] "GET / HTTP/1.1" 200 1271 - "Mozilla/5.0 (iPhone; CPU iPhone OS 9_2_1 like Mac OS X) AppleWebKit/601.1.46 (KHTML, like Gecko) Version/9.0 Mobile/13D15 Safari/601.1"
31.184.238.174 - - [17/Apr/2016:18:42:08 -0700] "GET /logs/access.log HTTP/1.1" 200 21630 "http://lanyrd.com/profile/mengsou395173951d-4394/bio/" "Mozilla/5.0 (Windows NT 6.3; WOW64) AppleWebKit/537.36 (KHTML, like Gecko) Chrome/32.0.1700.107 Safari/537.36"
31.184.238.174 - - [17/Apr/2016:18:43:57 -0700] "GET /logs/access.log HTTP/1.1" 200 21901 "http://wkmcombivir.forumcircle.com" "Mozilla/5.0 (Windows NT 6.1; WOW64) AppleWebKit/537.36 (KHTML, like Gecko) Chrome/32.0.1700.107 Safari/537.36"
89.19.178.131 - - [17/Apr/2016:18:45:16 -0700] "GET / HTTP/1.0" 200 9589 "http://www.xolodremont.ru/remont_holodilnikov_na_domu.html" "Mozilla/5.0 (Windows NT 5.2; rv:17.0) Gecko/17.0 Firefox/17.0"
89.19.178.131 - - [17/Apr/2016:18:45:17 -0700] "GET / HTTP/1.1" 200 9589 "http://www.xolodremont.ru/remont_holodilnikov_na_domu.html" "Mozilla/5.0 (Windows; U; Windows NT 6.1; ru; rv:1.9.2.28) Gecko/20120306 Firefox/3.6.28 sputnik 2.5.2.8"
89.19.178.131 - - [17/Apr/2016:18:45:18 -0700] "GET / HTTP/1.0" 200 9589 "http://www.xolodremont.ru/remont_holodilnikov_na_domu.html" "Opera/9.80 (Windows NT 5.1; Edition Ukraine Local) Presto/2.12.388 Version/12.10"
31.184.238.174 - - [17/Apr/2016:18:52:04 -0700] "GET /logs/access.log HTTP/1.1" 200 22847 "http://www.theknot.com/wedding/price-and-budesonide" "Mozilla/5.0 (Windows NT 6.1; rv:26.0) Gecko/20100101 Firefox/26.0"
100.43.90.11 - - [17/Apr/2016:18:53:35 -0700] "GET /robots.txt HTTP/1.1" 200 37 - "Mozilla/5.0 (compatible; YandexBot/3.0; +http://yandex.com/bots)"
100.43.90.12 - - [17/Apr/2016:18:53:37 -0700] "GET /socview/04SpringSpain.htm HTTP/1.1" 200 4764 - "Mozilla/5.0 (compatible; YandexBot/3.0; +http://yandex.com/bots)"
100.43.90.12 - - [17/Apr/2016:18:53:41 -0700] "GET /logs/access_141211.log HTTP/1.1" 200 2690339 - "Mozilla/5.0 (compatible; YandexBot/3.0; +http://yandex.com/bots)"
100.43.90.11 - - [17/Apr/2016:18:53:50 -0700] "GET /SocYouth/SYcamp2003.htm HTTP/1.1" 200 929 - "Mozilla/5.0 (compatible; YandexBot/3.0; +http://yandex.com/bots)"
31.184.238.174 - - [17/Apr/2016:18:53:53 -0700] "GET /logs/access.log HTTP/1.1" 200 23776 "http://www.theknot.com/wedding/prices-and-montelukast" "Opera/9.80 (Windows NT 5.1) Presto/2.12.388 Version/12.16"
77.247.22.51 - - [17/Apr/2016:18:54:41 -0700] "GET /logs/access_130930.log HTTP/1.1" 404 73 "http://viagraosildenafil.logdown.com/" "Mozilla/5.0 (Windows NT 6.0) AppleWebKit/537.1 (KHTML, like Gecko) Chrome/21.0.1180.89 Safari/537.1" 
77.247.22.51 - - [17/Apr/2016:18:54:41 -0700] "GET /logs/access_130930.log HTTP/1.1" 404 73 "http://viagraosildenafil.logdown.com/" "Mozilla/5.0 (Windows NT 6.0) AppleWebKit/537.11 (KHTML, like Gecko) Chrome/23.0.1271.91 Safari/537.11" 
77.247.22.51 - - [17/Apr/2016:18:54:42 -0700] "GET /access_130930.log HTTP/1.1" 404 73 "http://viagraosildenafil.logdown.com/" "Mozilla/5.0 (Windows NT 6.0) AppleWebKit/537.11 (KHTML, like Gecko) Chrome/23.0.1271.91 Safari/537.11" 
77.247.22.51 - - [17/Apr/2016:18:54:42 -0700] "GET /logs/access_130930.log HTTP/1.0" 404 73 "http://viagraosildenafil.logdown.com/" "Mozilla/5.0 (Windows NT 5.1) AppleWebKit/537.11 (KHTML, like Gecko) Chrome/23.0.1271.91 Safari/537.11" 
77.247.22.51 - - [17/Apr/2016:18:54:43 -0700] "GET /access_130930.log HTTP/1.1" 404 73 "http://viagraosildenafil.logdown.com/" "Mozilla/5.0 (Windows NT 5.1) AppleWebKit/537.11 (KHTML, like Gecko) Chrome/23.0.1271.91 Safari/537.11" 
77.247.22.51 - - [17/Apr/2016:18:54:43 -0700] "GET /logs/access_130930.log HTTP/1.1" 404 73 "http://viagraosildenafil.logdown.com/" "Mozilla/5.0 (Macintosh; Intel Mac OS X 10_8_2) AppleWebKit/536.26.17 (KHTML, like Gecko) Version/6.0.2 Safari/536.26.17" 
